tests/adapters/test_acp_client.py::TestIsRetryable::test_429_is_retryable
tests/adapters/test_acp_client.py::TestIsRetryable::test_503_is_retryable
tests/adapters/test_acp_client.py::TestIsRetryable::test_500_not_retryable
tests/adapters/test_acp_client.py::TestIsRetryable::test_404_not_retryable
tests/adapters/test_acp_client.py::TestIsRetryable::test_400_not_retryable
tests/adapters/test_acp_client.py::TestIsRetryable::test_connect_error_is_retryable
tests/adapters/test_acp_client.py::TestIsRetryable::test_read_timeout_is_retryable
tests/adapters/test_acp_client.py::TestIsRetryable::test_remote_protocol_error_is_retryable
tests/adapters/test_acp_client.py::TestIsRetryable::test_value_error_not_retryable
tests/adapters/test_acp_client.py::TestIsRetryable::test_runtime_error_not_retryable
tests/adapters/test_acp_client.py::TestACPResult::test_fields_stored_correctly
tests/adapters/test_acp_client.py::TestACPResult::test_failure_result
tests/adapters/test_acp_client.py::TestACPClientConstruction::test_default_base_url
tests/adapters/test_acp_client.py::TestACPClientConstruction::test_default_agent_id
tests/adapters/test_acp_client.py::TestACPClientConstruction::test_custom_base_url_stored
tests/adapters/test_acp_client.py::TestACPClientConstruction::test_custom_agent_id_stored
tests/adapters/test_acp_client.py::TestACPClientConstruction::test_trailing_slash_stripped
tests/adapters/test_acp_client.py::TestSendTask::test_send_task_success_returns_result
tests/adapters/test_acp_client.py::TestSendTask::test_send_task_posts_to_tasks_endpoint
tests/adapters/test_acp_client.py::TestSendTask::test_send_task_payload_contains_task_and_agent_id
tests/adapters/test_acp_client.py::TestSendTask::test_send_task_with_context_includes_context
tests/adapters/test_acp_client.py::TestSendTask::test_send_task_without_context_omits_context_key
tests/adapters/test_acp_client.py::TestSendTask::test_send_task_missing_agent_id_in_response_uses_unknown
tests/adapters/test_acp_client.py::TestSendTask::test_send_task_raises_acp_client_error_on_400
tests/adapters/test_acp_client.py::TestSendTask::test_send_task_raises_acp_client_error_on_500
tests/adapters/test_acp_client.py::TestSendTask::test_send_task_raises_acp_client_error_on_404
tests/adapters/test_acp_client.py::TestSendTask::test_send_task_raises_unreachable_on_connect_error
tests/adapters/test_acp_client.py::TestSendTask::test_send_task_raises_unreachable_on_timeout
tests/adapters/test_acp_client.py::TestSendTask::test_send_task_elapsed_ms_is_positive
tests/adapters/test_acp_client.py::TestHealthCheck::test_health_check_returns_true_on_200
tests/adapters/test_acp_client.py::TestHealthCheck::test_health_check_returns_true_on_204
tests/adapters/test_acp_client.py::TestHealthCheck::test_health_check_returns_false_on_503
tests/adapters/test_acp_client.py::TestHealthCheck::test_health_check_returns_false_on_connect_error
tests/adapters/test_acp_client.py::TestHealthCheck::test_health_check_returns_false_on_timeout
tests/adapters/test_acp_client.py::TestHealthCheck::test_health_check_hits_health_endpoint
tests/adapters/test_acp_client.py::TestACPClientError::test_status_code_stored
tests/adapters/test_acp_client.py::TestACPClientError::test_str_contains_status_and_message
tests/adapters/test_acp_mcp_bridge.py::TestACPToolDescriptor::test_to_dict_contains_required_keys
tests/adapters/test_acp_mcp_bridge.py::TestACPToolDescriptor::test_to_dict_default_version
tests/adapters/test_acp_mcp_bridge.py::TestACPToolDescriptor::test_to_dict_empty_parameters
tests/adapters/test_acp_mcp_bridge.py::TestACPToolDescriptor::test_to_dict_is_json_serialisable
tests/adapters/test_acp_mcp_bridge.py::TestErrorHierarchy::test_bridge_error_is_exception
tests/adapters/test_acp_mcp_bridge.py::TestErrorHierarchy::test_mcp_tool_not_found_is_bridge_error
tests/adapters/test_acp_mcp_bridge.py::TestErrorHierarchy::test_acp_agent_call_error_is_bridge_error
tests/adapters/test_acp_mcp_bridge.py::TestErrorHierarchy::test_mcp_tool_not_found_message
tests/adapters/test_acp_mcp_bridge.py::TestErrorHierarchy::test_acp_agent_call_error_message
tests/adapters/test_acp_mcp_bridge.py::TestAcpMcpBridgeConstruction::test_basic_construction
tests/adapters/test_acp_mcp_bridge.py::TestAcpMcpBridgeConstruction::test_construction_with_mcp_app
tests/adapters/test_acp_mcp_bridge.py::TestAcpMcpBridgeConstruction::test_construction_with_mcp_server_url
tests/adapters/test_acp_mcp_bridge.py::TestAcpMcpBridgeConstruction::test_no_mcp_app_by_default
tests/adapters/test_acp_mcp_bridge.py::TestMcpToolToAcpTask::test_successful_call_returns_acp_result
tests/adapters/test_acp_mcp_bridge.py::TestMcpToolToAcpTask::test_send_task_called_with_correct_task_description
tests/adapters/test_acp_mcp_bridge.py::TestMcpToolToAcpTask::test_send_task_called_with_context_containing_tool_name
tests/adapters/test_acp_mcp_bridge.py::TestMcpToolToAcpTask::test_send_task_context_includes_args
tests/adapters/test_acp_mcp_bridge.py::TestMcpToolToAcpTask::test_empty_args_dict_allowed
tests/adapters/test_acp_mcp_bridge.py::TestMcpToolToAcpTask::test_propagates_acp_server_unreachable
tests/adapters/test_acp_mcp_bridge.py::TestMcpToolToAcpTask::test_propagates_acp_client_error
tests/adapters/test_acp_mcp_bridge.py::TestMcpToolToAcpTask::test_empty_tool_name_raises_value_error
tests/adapters/test_acp_mcp_bridge.py::TestMcpToolToAcpTask::test_custom_timeout_forwarded
tests/adapters/test_acp_mcp_bridge.py::TestAcpAgentToMcpTool::test_successful_call_returns_result_text
tests/adapters/test_acp_mcp_bridge.py::TestAcpAgentToMcpTool::test_one_shot_client_uses_agent_url
tests/adapters/test_acp_mcp_bridge.py::TestAcpAgentToMcpTool::test_unreachable_agent_raises_acp_server_unreachable
tests/adapters/test_acp_mcp_bridge.py::TestAcpAgentToMcpTool::test_client_error_wrapped_as_acp_agent_call_error
tests/adapters/test_acp_mcp_bridge.py::TestAcpAgentToMcpTool::test_empty_agent_url_raises_value_error
tests/adapters/test_acp_mcp_bridge.py::TestAcpAgentToMcpTool::test_empty_task_raises_value_error
tests/adapters/test_acp_mcp_bridge.py::TestAcpAgentToMcpTool::test_payload_forwarded_as_context
tests/adapters/test_acp_mcp_bridge.py::TestGetMcpToolManifest::test_no_mcp_app_returns_empty_list
tests/adapters/test_acp_mcp_bridge.py::TestGetMcpToolManifest::test_manifest_has_correct_keys
tests/adapters/test_acp_mcp_bridge.py::TestGetMcpToolManifest::test_manifest_description_from_tool_attribute
tests/adapters/test_acp_mcp_bridge.py::TestGetMcpToolManifest::test_manifest_parameters_from_tool_attribute
tests/adapters/test_acp_mcp_bridge.py::TestGetMcpToolManifest::test_manifest_multiple_tools
tests/adapters/test_acp_mcp_bridge.py::TestGetMcpToolManifest::test_manifest_returns_empty_list_on_get_tools_failure
tests/adapters/test_acp_mcp_bridge.py::TestGetMcpToolManifest::test_manifest_tool_with_no_description_attribute
tests/adapters/test_acp_mcp_bridge.py::TestGetMcpToolManifest::test_manifest_tool_falls_back_to_docstring
tests/adapters/test_acp_mcp_bridge.py::TestGetMcpToolManifest::test_manifest_version_is_string
tests/adapters/test_acp_server.py::TestAgentSession::test_add_message_appends_to_history
tests/adapters/test_acp_server.py::TestAgentSession::test_stop_sets_is_running_false
tests/adapters/test_acp_server.py::TestAgentSession::test_stop_fires_stop_event
tests/adapters/test_acp_server.py::TestAgentSession::test_session_stores_cwd
tests/adapters/test_acp_server.py::TestRpcErrorHelper::test_returns_jsonrpc_error_envelope
tests/adapters/test_acp_server.py::TestRpcErrorHelper::test_none_id_preserved
tests/adapters/test_acp_server.py::TestCliEntryPoint::test_help_exits_zero
tests/adapters/test_acp_server.py::TestCliEntryPoint::test_default_mode_runs_stdio
tests/adapters/test_acp_server.py::TestCliEntryPoint::test_http_mode_runs_http_server
tests/adapters/test_acp_server.py::TestAdapterAgentLoading::test_agents_dict_populated_from_registry
tests/adapters/test_acp_server.py::TestAdapterAgentLoading::test_failed_agent_load_is_skipped
tests/adapters/test_acp_server.py::TestAdapterAgentLoading::test_none_runner_is_excluded
tests/adapters/test_acp_server.py::TestHandleAcpMessage::test_task_returns_result
tests/adapters/test_acp_server.py::TestHandleAcpMessage::test_unsupported_type_returns_error
tests/adapters/test_acp_server.py::TestHandleAcpMessage::test_unknown_agent_returns_error
tests/adapters/test_acp_server.py::TestHandleAcpMessage::test_caller_agent_id_preserved_on_error
tests/adapters/test_acp_server.py::TestHandleAcpMessage::test_session_created_in_sessions_dict
tests/adapters/test_acp_server.py::TestHandleAcpMessage::test_runner_execution_error_returns_error_type
tests/adapters/test_acp_server.py::TestRpcInitialize::test_initialize_lists_agents
tests/adapters/test_acp_server.py::TestRpcInitialize::test_initialize_includes_supported_methods
tests/adapters/test_acp_server.py::TestRpcSpawn::test_spawn_known_agent_returns_result
tests/adapters/test_acp_server.py::TestRpcSpawn::test_spawn_unknown_agent_returns_error
tests/adapters/test_acp_server.py::TestRpcSpawn::test_spawn_creates_session
tests/adapters/test_acp_server.py::TestRpcSpawn::test_spawn_runner_exception_returns_error
tests/adapters/test_acp_server.py::TestRpcSpawn::test_spawn_with_cwd
tests/adapters/test_acp_server.py::TestRpcMessage::test_message_requires_agent_id
tests/adapters/test_acp_server.py::TestRpcMessage::test_message_unknown_session
tests/adapters/test_acp_server.py::TestRpcMessage::test_message_sends_to_existing_session
tests/adapters/test_acp_server.py::TestRpcMessage::test_message_appends_to_conversation_history
tests/adapters/test_acp_server.py::TestRpcStop::test_stop_requires_agent_id
tests/adapters/test_acp_server.py::TestRpcStop::test_stop_unknown_session
tests/adapters/test_acp_server.py::TestRpcStop::test_stop_known_session
tests/adapters/test_acp_server.py::TestRpcStop::test_stop_marks_session_stopped
tests/adapters/test_acp_server.py::TestRpcUnknownMethod::test_unknown_method_error_code
tests/adapters/test_acp_server.py::TestRpcUnknownMethod::test_none_method_error_code
tests/adapters/test_acp_server.py::TestStarletteApp::test_health_returns_ok
tests/adapters/test_acp_server.py::TestStarletteApp::test_rpc_initialize
tests/adapters/test_acp_server.py::TestStarletteApp::test_rpc_invalid_json_returns_400
tests/adapters/test_acp_server.py::TestStarletteApp::test_rpc_spawn_known_agent
tests/adapters/test_acp_server.py::TestStarletteApp::test_rpc_spawn_unknown_agent_returns_422
tests/adapters/test_acp_server.py::TestStarletteApp::test_acp_task_message
tests/adapters/test_acp_server.py::TestStarletteApp::test_acp_invalid_json_returns_400
tests/adapters/test_acp_server.py::TestStarletteApp::test_acp_error_type_returns_422
tests/adapters/test_acp_server.py::TestResolveRunner::test_resolve_known_agent_from_cache
tests/adapters/test_acp_server.py::TestResolveRunner::test_resolve_loads_from_registry_if_not_cached
tests/adapters/test_acp_server.py::TestResolveRunner::test_resolve_returns_none_for_unknown
tests/adapters/test_acp_server.py::TestDefaultPort::test_default_port_is_integer
tests/adapters/test_acp_server.py::TestDefaultPort::test_default_port_is_positive
tests/adapters/test_acp_session_endpoints.py::TestSessionEndpointsAttach::test_attach_creates_new_session_when_name_not_found
tests/adapters/test_acp_session_endpoints.py::TestSessionEndpointsAttach::test_attach_returns_attached_when_session_exists
tests/adapters/test_acp_session_endpoints.py::TestSessionEndpointsAttach::test_attach_returns_unavailable_when_no_backend
tests/adapters/test_acp_session_endpoints.py::TestSessionEndpointsAttach::test_attach_returns_error_when_create_fails
tests/adapters/test_acp_session_endpoints.py::TestSessionEndpointsAttach::test_attach_does_not_create_when_session_already_exists
tests/adapters/test_acp_session_endpoints.py::TestSessionEndpointsAttach::test_attach_lazy_resolves_backend_on_first_call
tests/adapters/test_acp_session_endpoints.py::TestSessionEndpointsInspect::test_inspect_returns_lines_list
tests/adapters/test_acp_session_endpoints.py::TestSessionEndpointsInspect::test_inspect_passes_last_lines_to_capture
tests/adapters/test_acp_session_endpoints.py::TestSessionEndpointsInspect::test_inspect_returns_empty_list_on_empty_capture
tests/adapters/test_acp_session_endpoints.py::TestSessionEndpointsInspect::test_inspect_returns_error_when_no_backend
tests/adapters/test_acp_session_endpoints.py::TestSessionEndpointsInspect::test_inspect_backend_name_included_in_result
tests/adapters/test_acp_session_endpoints.py::TestSessionEndpointsSend::test_send_keys_called_with_text_when_backend_supports_it
tests/adapters/test_acp_session_endpoints.py::TestSessionEndpointsSend::test_send_keys_appends_newline_when_enter_is_true
tests/adapters/test_acp_session_endpoints.py::TestSessionEndpointsSend::test_send_returns_success_false_when_send_keys_fails
tests/adapters/test_acp_session_endpoints.py::TestSessionEndpointsSend::test_send_returns_false_when_backend_lacks_send_keys
tests/adapters/test_acp_session_endpoints.py::TestSessionEndpointsSend::test_send_returns_false_when_no_backend
tests/adapters/test_acp_session_endpoints.py::TestRpcSessionAttach::test_attach_missing_session_name_returns_error
tests/adapters/test_acp_session_endpoints.py::TestRpcSessionAttach::test_attach_new_session_returns_created
tests/adapters/test_acp_session_endpoints.py::TestRpcSessionAttach::test_attach_existing_session_returns_attached
tests/adapters/test_acp_session_endpoints.py::TestRpcSessionAttach::test_attach_backend_unavailable_returns_rpc_error
tests/adapters/test_acp_session_endpoints.py::TestRpcSessionAttach::test_attach_create_failure_returns_rpc_error
tests/adapters/test_acp_session_endpoints.py::TestRpcSessionInspect::test_inspect_missing_session_id_returns_error
tests/adapters/test_acp_session_endpoints.py::TestRpcSessionInspect::test_inspect_returns_lines_from_backend
tests/adapters/test_acp_session_endpoints.py::TestRpcSessionInspect::test_inspect_default_last_lines_is_50
tests/adapters/test_acp_session_endpoints.py::TestRpcSessionInspect::test_inspect_no_backend_returns_rpc_error
tests/adapters/test_acp_session_endpoints.py::TestRpcSessionInspect::test_inspect_backend_name_in_result
tests/adapters/test_acp_session_endpoints.py::TestRpcSessionSend::test_send_missing_session_id_returns_error
tests/adapters/test_acp_session_endpoints.py::TestRpcSessionSend::test_send_returns_success_true_when_send_keys_works
tests/adapters/test_acp_session_endpoints.py::TestRpcSessionSend::test_send_returns_success_false_when_send_keys_missing
tests/adapters/test_acp_session_endpoints.py::TestRpcSessionSend::test_send_no_backend_returns_success_false
tests/adapters/test_acp_session_endpoints.py::TestRpcSessionSend::test_send_default_enter_is_false
tests/adapters/test_acp_session_endpoints.py::TestStarletteSessionRoutes::test_rpc_session_attach_known_session
tests/adapters/test_acp_session_endpoints.py::TestStarletteSessionRoutes::test_rpc_session_inspect_returns_200
tests/adapters/test_acp_session_endpoints.py::TestStarletteSessionRoutes::test_rpc_session_send_returns_200
tests/adapters/test_acp_session_endpoints.py::TestStarletteSessionRoutes::test_rpc_missing_param_returns_422
tests/adapters/test_acp_session_endpoints.py::TestStarletteSessionRoutes::test_initialize_lists_session_methods
tests/adapters/test_parity_adapters_vs_cliproxy.py::TestPythonAcpAdapter::test_translate_simple_message
tests/adapters/test_parity_adapters_vs_cliproxy.py::TestPythonAcpAdapter::test_parse_multi_turn
tests/adapters/test_parity_adapters_vs_cliproxy.py::TestPythonAcpAdapter::test_parse_preserves_content
tests/adapters/test_parity_adapters_vs_cliproxy.py::TestPythonAcpAdapter::test_format_acp_response
tests/adapters/test_parity_adapters_vs_cliproxy.py::TestPythonAcpAdapter::test_format_acp_response_with_error
tests/adapters/test_parity_adapters_vs_cliproxy.py::TestParity::test_parity_simple_message
tests/adapters/test_parity_adapters_vs_cliproxy.py::TestParity::test_parity_multi_turn
tests/adapters/test_parity_adapters_vs_cliproxy.py::TestParity::test_parity_system_prompt
tests/adapters/test_parity_adapters_vs_cliproxy.py::TestParity::test_parity_model_field
tests/adapters/test_parity_adapters_vs_cliproxy.py::TestParity::test_parity_minimal_request
tests/adapters/test_parity_adapters_vs_cliproxy.py::TestEdgeCases::test_parse_invalid_json
tests/adapters/test_parity_adapters_vs_cliproxy.py::TestEdgeCases::test_parse_non_dict_json
tests/adapters/test_parity_adapters_vs_cliproxy.py::TestEdgeCases::test_parse_empty_string
tests/adapters/test_parity_adapters_vs_cliproxy.py::TestEdgeCases::test_parse_empty_object
tests/adapters/test_parity_adapters_vs_cliproxy.py::TestEdgeCases::test_response_format_missing_optional_fields
tests/adapters/test_parity_adapters_vs_cliproxy.py::TestEdgeCases::test_response_format_with_all_fields
tests/adapters/test_parity_adapters_vs_cliproxy.py::TestIntegration::test_round_trip_parse_and_respond
tests/adapters/test_parity_adapters_vs_cliproxy.py::TestIntegration::test_large_conversation_handling
tests/adapters/test_parity_adapters_vs_cliproxy.py::TestSpecCompliance::test_acp_request_structure
tests/adapters/test_parity_adapters_vs_cliproxy.py::TestSpecCompliance::test_acp_message_structure
tests/adapters/test_parity_adapters_vs_cliproxy.py::TestSpecCompliance::test_acp_response_structure

180 tests collected in 8.65s
