tests/integrations/test_ghostty.py::TestGhosttyError::test_is_exception_subclass
tests/integrations/test_ghostty.py::TestGhosttyError::test_can_be_raised_and_caught
tests/integrations/test_ghostty.py::TestGhosttyConfig::test_default_socket_path_is_none
tests/integrations/test_ghostty.py::TestGhosttyConfig::test_default_theme_is_dark
tests/integrations/test_ghostty.py::TestGhosttyConfig::test_default_font_size_is_14
tests/integrations/test_ghostty.py::TestGhosttyConfig::test_custom_values_stored
tests/integrations/test_ghostty.py::TestGhosttyConfig::test_raw_not_part_of_repr
tests/integrations/test_ghostty.py::TestParseConfigFile::test_parses_simple_key_value
tests/integrations/test_ghostty.py::TestParseConfigFile::test_ignores_comment_lines
tests/integrations/test_ghostty.py::TestParseConfigFile::test_ignores_lines_without_equals
tests/integrations/test_ghostty.py::TestParseConfigFile::test_first_occurrence_wins
tests/integrations/test_ghostty.py::TestParseConfigFile::test_returns_empty_when_file_missing
tests/integrations/test_ghostty.py::TestParseConfigFile::test_strips_whitespace_around_equals
tests/integrations/test_ghostty.py::TestWriteConfigKey::test_appends_key_when_file_missing
tests/integrations/test_ghostty.py::TestWriteConfigKey::test_creates_parent_directory
tests/integrations/test_ghostty.py::TestWriteConfigKey::test_replaces_existing_key
tests/integrations/test_ghostty.py::TestWriteConfigKey::test_preserves_other_keys
tests/integrations/test_ghostty.py::TestWriteConfigKey::test_comment_lines_preserved
tests/integrations/test_ghostty.py::TestIsAvailable::test_true_when_term_program_is_ghostty
tests/integrations/test_ghostty.py::TestIsAvailable::test_case_insensitive_ghostty
tests/integrations/test_ghostty.py::TestIsAvailable::test_false_when_term_program_is_iterm
tests/integrations/test_ghostty.py::TestIsAvailable::test_false_when_term_program_absent
tests/integrations/test_ghostty.py::TestGetConfig::test_defaults_when_no_config_file
tests/integrations/test_ghostty.py::TestGetConfig::test_reads_theme_from_config
tests/integrations/test_ghostty.py::TestGetConfig::test_reads_font_size_from_config
tests/integrations/test_ghostty.py::TestGetConfig::test_reads_socket_path_from_config
tests/integrations/test_ghostty.py::TestGetConfig::test_invalid_font_size_keeps_default
tests/integrations/test_ghostty.py::TestGetConfig::test_empty_socket_path_becomes_none
tests/integrations/test_ghostty.py::TestSetTheme::test_writes_theme_to_new_file
tests/integrations/test_ghostty.py::TestSetTheme::test_updates_existing_theme
tests/integrations/test_ghostty.py::TestSetTheme::test_returns_false_on_empty_theme
tests/integrations/test_ghostty.py::TestSetTheme::test_returns_false_on_oserror
tests/integrations/test_ghostty.py::TestSetTheme::test_roundtrip_theme
tests/integrations/test_ghostty.py::TestOpenTab::test_returns_true_on_success
tests/integrations/test_ghostty.py::TestOpenTab::test_returns_false_on_nonzero_exit
tests/integrations/test_ghostty.py::TestOpenTab::test_returns_false_when_binary_not_found
tests/integrations/test_ghostty.py::TestOpenTab::test_returns_false_on_timeout
tests/integrations/test_ghostty.py::TestOpenTab::test_passes_command_argument
tests/integrations/test_ghostty.py::TestSendNotification::test_returns_true_on_success
tests/integrations/test_ghostty.py::TestSendNotification::test_returns_false_when_osascript_not_found
tests/integrations/test_ghostty.py::TestSendNotification::test_returns_false_on_nonzero_exit
tests/integrations/test_ghostty.py::TestSendNotification::test_returns_false_on_timeout
tests/integrations/test_ghostty.py::TestSendNotification::test_quotes_escaped_in_title
tests/integrations/test_ghostty.py::TestSendNotification::test_quotes_escaped_in_body
tests/integrations/test_ghostty.py::TestGetEnvInfo::test_returns_dict
tests/integrations/test_ghostty.py::TestGetEnvInfo::test_contains_expected_keys
tests/integrations/test_ghostty.py::TestGetEnvInfo::test_reflects_env_values
tests/integrations/test_ghostty.py::TestGetEnvInfo::test_absent_keys_return_empty_string
tests/integrations/test_ghostty.py::TestNonGhosttyEnvironment::test_is_available_false_in_vscode
tests/integrations/test_ghostty.py::TestNonGhosttyEnvironment::test_get_config_works_outside_ghostty
tests/integrations/test_ghostty.py::TestNonGhosttyEnvironment::test_open_tab_returns_false_outside_ghostty
tests/integrations/test_ghostty.py::TestNonGhosttyEnvironment::test_send_notification_returns_false_on_linux
tests/integrations/test_ghostty.py::TestNonGhosttyEnvironment::test_get_env_info_returns_all_keys_outside_ghostty
tests/integrations/test_jetbrains.py::TestJetBrainsConfig::test_mcp_config_path_is_mcp_json
tests/integrations/test_jetbrains.py::TestJetBrainsConfig::test_default_mcp_server_url
tests/integrations/test_jetbrains.py::TestJetBrainsConfig::test_custom_mcp_server_url
tests/integrations/test_jetbrains.py::TestJetBrainsConfig::test_default_serena_project_root_is_empty
tests/integrations/test_jetbrains.py::TestJetBrainsConfig::test_invalid_ide_type_raises_value_error
tests/integrations/test_jetbrains.py::TestJetBrainsConfig::test_all_valid_ide_types_accepted
tests/integrations/test_jetbrains.py::TestMatchIdeType::test_known_prefixes[CLion2023.2-clion]
tests/integrations/test_jetbrains.py::TestMatchIdeType::test_known_prefixes[DataGrip2024.1-datagrip]
tests/integrations/test_jetbrains.py::TestMatchIdeType::test_known_prefixes[Fleet1.31-fleet]
tests/integrations/test_jetbrains.py::TestMatchIdeType::test_known_prefixes[GoLand2023.3-goland]
tests/integrations/test_jetbrains.py::TestMatchIdeType::test_known_prefixes[IdeaIC2024.1-intellij]
tests/integrations/test_jetbrains.py::TestMatchIdeType::test_known_prefixes[IntelliJIdea2024.1-intellij]
tests/integrations/test_jetbrains.py::TestMatchIdeType::test_known_prefixes[PhpStorm2024.1-phpstorm]
tests/integrations/test_jetbrains.py::TestMatchIdeType::test_known_prefixes[PyCharm2024.2-pycharm]
tests/integrations/test_jetbrains.py::TestMatchIdeType::test_known_prefixes[PyCharmCE2023.1-pycharm]
tests/integrations/test_jetbrains.py::TestMatchIdeType::test_known_prefixes[Rider2024.1-rider]
tests/integrations/test_jetbrains.py::TestMatchIdeType::test_known_prefixes[RubyMine2023.3-rubymine]
tests/integrations/test_jetbrains.py::TestMatchIdeType::test_known_prefixes[WebStorm2024.1-webstorm]
tests/integrations/test_jetbrains.py::TestMatchIdeType::test_unknown_prefix_returns_none
tests/integrations/test_jetbrains.py::TestMatchIdeType::test_empty_string_returns_none
tests/integrations/test_jetbrains.py::TestDetectInstalledIdes::test_finds_correct_ides_from_fake_base
tests/integrations/test_jetbrains.py::TestDetectInstalledIdes::test_returns_empty_when_no_base_dir
tests/integrations/test_jetbrains.py::TestDetectInstalledIdes::test_config_dir_path_matches_actual_dir
tests/integrations/test_jetbrains.py::TestDetectInstalledIdes::test_mcp_server_url_propagated
tests/integrations/test_jetbrains.py::TestDetectInstalledIdes::test_permission_error_skips_base_dir
tests/integrations/test_jetbrains.py::TestWriteMcpConfig::test_creates_valid_json
tests/integrations/test_jetbrains.py::TestWriteMcpConfig::test_written_config_contains_thegent_entry
tests/integrations/test_jetbrains.py::TestWriteMcpConfig::test_creates_config_dir_if_missing
tests/integrations/test_jetbrains.py::TestWriteMcpConfig::test_merges_existing_mcp_servers
tests/integrations/test_jetbrains.py::TestWriteMcpConfig::test_overwrites_stale_thegent_entry
tests/integrations/test_jetbrains.py::TestWriteMcpConfig::test_includes_env_when_project_root_set
tests/integrations/test_jetbrains.py::TestWriteMcpConfig::test_no_env_when_project_root_empty
tests/integrations/test_jetbrains.py::TestWriteMcpConfig::test_returns_path_to_mcp_json
tests/integrations/test_jetbrains.py::TestReadExistingConfig::test_returns_none_when_file_missing
tests/integrations/test_jetbrains.py::TestReadExistingConfig::test_parses_valid_json
tests/integrations/test_jetbrains.py::TestReadExistingConfig::test_returns_none_on_invalid_json
tests/integrations/test_jetbrains.py::TestReadExistingConfig::test_returns_none_when_json_is_not_object
tests/integrations/test_jetbrains.py::TestReadExistingConfig::test_preserves_all_top_level_keys
tests/integrations/test_jetbrains.py::TestIsMcpPluginInstalled::test_false_when_no_config_file
tests/integrations/test_jetbrains.py::TestIsMcpPluginInstalled::test_true_when_thegent_key_present
tests/integrations/test_jetbrains.py::TestIsMcpPluginInstalled::test_false_when_thegent_key_absent
tests/integrations/test_jetbrains.py::TestIsMcpPluginInstalled::test_false_when_config_is_invalid_json
tests/integrations/test_jetbrains.py::TestSetupAll::test_returns_result_for_each_detected_ide
tests/integrations/test_jetbrains.py::TestSetupAll::test_success_true_when_write_succeeds
tests/integrations/test_jetbrains.py::TestSetupAll::test_returns_empty_when_no_ides
tests/integrations/test_jetbrains.py::TestJetBrainsBaseDirs::test_returns_list_of_paths
tests/integrations/test_jetbrains.py::TestJetBrainsBaseDirs::test_all_returned_dirs_exist
tests/integrations/test_jetbrains.py::TestJetBrainsBaseDirs::test_macos_candidate_includes_library_support
tests/integrations/test_wl159_board_adapter_contracts.py::test_github_adapter_sync_payload_mapping
tests/integrations/test_wl159_board_adapter_contracts.py::test_github_adapter_fetch_remote_status_filters_and_maps
tests/integrations/test_wl159_board_adapter_contracts.py::test_github_adapter_fetch_remote_status_retries
tests/integrations/test_wl159_board_adapter_contracts.py::test_github_adapter_fetch_remote_status_requires_board_id
tests/integrations/test_wl159_board_adapter_contracts.py::test_linear_adapter_sync_payload_mapping
tests/integrations/test_wl159_board_adapter_contracts.py::test_linear_adapter_fetch_remote_status_filters_and_maps
tests/integrations/test_wl159_board_adapter_contracts.py::test_linear_adapter_fetch_remote_status_retries
tests/integrations/test_wl159_board_adapter_contracts.py::test_linear_adapter_sync_requires_api_token
tests/integrations/test_wl159_board_sync_conflict_resolution.py::TestBoardSyncConflictResolution::test_sync_board_local_wins_prefers_local_status
tests/integrations/test_wl159_board_sync_conflict_resolution.py::TestBoardSyncConflictResolution::test_sync_board_remote_wins_prefers_remote_status
tests/integrations/test_wl174_integrity_scanner.py::TestIntegrityMismatch::test_create_mismatch
tests/integrations/test_wl174_integrity_scanner.py::TestIntegrityMismatch::test_severity_enum_values
tests/integrations/test_wl174_integrity_scanner.py::TestIntegrityScanner::test_scan_no_items
tests/integrations/test_wl174_integrity_scanner.py::TestIntegrityScanner::test_scan_status_mismatch
tests/integrations/test_wl174_integrity_scanner.py::TestIntegrityScanner::test_scan_priority_mismatch
tests/integrations/test_wl174_integrity_scanner.py::TestIntegrityScanner::test_scan_multiple_mismatches
tests/integrations/test_wl174_integrity_scanner.py::TestIntegrityScanner::test_scan_ignores_missing_remote_items
tests/integrations/test_wl174_integrity_scanner.py::TestIntegrityScanner::test_scan_none_values_ignored
tests/integrations/test_wl178_github_sync_connector.py::test_wl178_push_upsert_path
tests/integrations/test_wl178_github_sync_connector.py::test_wl178_pull_normalizes_status
tests/integrations/test_wl178_github_sync_connector.py::test_wl178_sync_to_github_fails_fast_on_missing_status_field
tests/integrations/test_wl179_linear_sync_contract.py::test_wl179_sync_to_linear_upsert
tests/integrations/test_wl179_linear_sync_contract.py::test_wl179_linear_schema_drift_detected_via_cached_state_ids
tests/integrations/test_wl179_linear_sync_contract.py::test_wl179_sync_from_linear_status_mapping
tests/integrations/test_wl182_stale_detector.py::TestStaleConfigCreation::test_create_default_config
tests/integrations/test_wl182_stale_detector.py::TestStaleConfigCreation::test_create_custom_config
tests/integrations/test_wl182_stale_detector.py::TestStaleItemCreation::test_create_stale_item
tests/integrations/test_wl182_stale_detector.py::TestStaleItemDetectorInit::test_init_default_config
tests/integrations/test_wl182_stale_detector.py::TestStaleItemDetectorInit::test_init_custom_config
tests/integrations/test_wl182_stale_detector.py::TestStaleItemDetectorIsStale::test_is_stale_old_item
tests/integrations/test_wl182_stale_detector.py::TestStaleItemDetectorIsStale::test_is_stale_new_item
tests/integrations/test_wl182_stale_detector.py::TestStaleItemDetectorIsStale::test_is_stale_at_threshold
tests/integrations/test_wl182_stale_detector.py::TestStaleItemDetectorIsStale::test_is_stale_just_below_threshold
tests/integrations/test_wl182_stale_detector.py::TestStaleItemDetectorIsStale::test_is_stale_with_default_now
tests/integrations/test_wl182_stale_detector.py::TestStaleItemDetectorIsStale::test_is_stale_naive_datetime
tests/integrations/test_wl182_stale_detector.py::TestStaleItemDetectorDetect::test_detect_all_stale
tests/integrations/test_wl182_stale_detector.py::TestStaleItemDetectorDetect::test_detect_no_stale
tests/integrations/test_wl182_stale_detector.py::TestStaleItemDetectorDetect::test_detect_mixed_stale
tests/integrations/test_wl182_stale_detector.py::TestStaleItemDetectorDetect::test_detect_with_datetime_objects
tests/integrations/test_wl182_stale_detector.py::TestStaleItemDetectorDetect::test_detect_age_days_calculated
tests/integrations/test_wl182_stale_detector.py::TestStaleItemDetectorDetect::test_detect_empty_list
tests/integrations/test_wl182_stale_detector.py::TestStaleItemDetectorSummary::test_summary_empty_list
tests/integrations/test_wl182_stale_detector.py::TestStaleItemDetectorSummary::test_summary_single_item
tests/integrations/test_wl182_stale_detector.py::TestStaleItemDetectorSummary::test_summary_multiple_items
tests/integrations/test_wl182_stale_detector.py::TestStaleItemDetectorSummary::test_summary_connectors_sorted
tests/integrations/test_wl184_header_normalizer.py::TestNormalizationResult::test_create_result
tests/integrations/test_wl184_header_normalizer.py::TestNormalizationResult::test_create_result_no_change
tests/integrations/test_wl184_header_normalizer.py::TestWLHeaderNormalizer::test_normalize_title_uppercase_wl_id
tests/integrations/test_wl184_header_normalizer.py::TestWLHeaderNormalizer::test_normalize_title_title_case
tests/integrations/test_wl184_header_normalizer.py::TestWLHeaderNormalizer::test_normalize_title_strips_whitespace
tests/integrations/test_wl184_header_normalizer.py::TestWLHeaderNormalizer::test_normalize_title_strips_punctuation
tests/integrations/test_wl184_header_normalizer.py::TestWLHeaderNormalizer::test_normalize_title_no_wl_id
tests/integrations/test_wl184_header_normalizer.py::TestWLHeaderNormalizer::test_normalize_title_already_normalized
tests/integrations/test_wl184_header_normalizer.py::TestWLHeaderNormalizer::test_normalize_status_backlog
tests/integrations/test_wl184_header_normalizer.py::TestWLHeaderNormalizer::test_normalize_status_in_progress
tests/integrations/test_wl184_header_normalizer.py::TestWLHeaderNormalizer::test_normalize_status_completed
tests/integrations/test_wl184_header_normalizer.py::TestWLHeaderNormalizer::test_normalize_status_blocked
tests/integrations/test_wl184_header_normalizer.py::TestWLHeaderNormalizer::test_normalize_status_unknown_uppercased
tests/integrations/test_wl184_header_normalizer.py::TestWLHeaderNormalizer::test_normalize_status_case_insensitive
tests/integrations/test_wl184_header_normalizer.py::TestWLHeaderNormalizer::test_normalize_priority_p0
tests/integrations/test_wl184_header_normalizer.py::TestWLHeaderNormalizer::test_normalize_priority_p9
tests/integrations/test_wl184_header_normalizer.py::TestWLHeaderNormalizer::test_normalize_priority_already_uppercase
tests/integrations/test_wl184_header_normalizer.py::TestWLHeaderNormalizer::test_normalize_priority_non_p_pattern
tests/integrations/test_wl184_header_normalizer.py::TestWLHeaderNormalizer::test_normalize_priority_strips_whitespace
tests/integrations/test_wl184_header_normalizer.py::TestWLHeaderNormalizer::test_normalize_record_all_fields
tests/integrations/test_wl184_header_normalizer.py::TestWLHeaderNormalizer::test_normalize_record_no_change_needed
tests/integrations/test_wl184_header_normalizer.py::TestWLHeaderNormalizer::test_normalize_record_missing_field_raises
tests/integrations/test_wl184_header_normalizer.py::TestWLHeaderNormalizer::test_normalize_record_partial_changes
tests/integrations/test_wl184_header_normalizer.py::TestWLHeaderNormalizer::test_normalize_record_original_unchanged
tests/integrations/test_wl185_reflection_rollback.py::TestRollbackSnapshot::test_create_snapshot
tests/integrations/test_wl185_reflection_rollback.py::TestRollbackSnapshot::test_snapshot_parses_timestamp
tests/integrations/test_wl185_reflection_rollback.py::TestReflectionRollbackManager::test_take_snapshot
tests/integrations/test_wl185_reflection_rollback.py::TestReflectionRollbackManager::test_take_snapshot_with_cycle_id
tests/integrations/test_wl185_reflection_rollback.py::TestReflectionRollbackManager::test_take_snapshot_file_not_found
tests/integrations/test_wl185_reflection_rollback.py::TestReflectionRollbackManager::test_take_snapshot_persists_to_disk
tests/integrations/test_wl185_reflection_rollback.py::TestReflectionRollbackManager::test_list_snapshots_empty
tests/integrations/test_wl185_reflection_rollback.py::TestReflectionRollbackManager::test_list_snapshots_multiple
tests/integrations/test_wl185_reflection_rollback.py::TestReflectionRollbackManager::test_rollback_to
tests/integrations/test_wl185_reflection_rollback.py::TestReflectionRollbackManager::test_rollback_to_not_found
tests/integrations/test_wl185_reflection_rollback.py::TestReflectionRollbackManager::test_cleanup_old_snapshots
tests/integrations/test_wl186_dry_run_diff.py::TestFieldDiffCreation::test_create_field_diff
tests/integrations/test_wl186_dry_run_diff.py::TestDryRunDiffCreation::test_create_empty_diff
tests/integrations/test_wl186_dry_run_diff.py::TestDryRunDiffCreation::test_create_diff_with_fields
tests/integrations/test_wl186_dry_run_diff.py::TestDryRunRendererComputeDiff::test_compute_diff_no_changes
tests/integrations/test_wl186_dry_run_diff.py::TestDryRunRendererComputeDiff::test_compute_diff_single_change
tests/integrations/test_wl186_dry_run_diff.py::TestDryRunRendererComputeDiff::test_compute_diff_multiple_changes
tests/integrations/test_wl186_dry_run_diff.py::TestDryRunRendererComputeDiff::test_compute_diff_missing_fields
tests/integrations/test_wl186_dry_run_diff.py::TestDryRunRendererComputeDiff::test_compute_diff_converts_to_string
tests/integrations/test_wl186_dry_run_diff.py::TestDryRunRendererRenderText::test_render_text_no_changes
tests/integrations/test_wl186_dry_run_diff.py::TestDryRunRendererRenderText::test_render_text_single_change
tests/integrations/test_wl186_dry_run_diff.py::TestDryRunRendererRenderText::test_render_text_multiple_changes
tests/integrations/test_wl186_dry_run_diff.py::TestDryRunRendererRenderText::test_render_text_format_exact
tests/integrations/test_wl186_dry_run_diff.py::TestDryRunRendererRenderBatch::test_render_batch_empty
tests/integrations/test_wl186_dry_run_diff.py::TestDryRunRendererRenderBatch::test_render_batch_single_item_no_changes
tests/integrations/test_wl186_dry_run_diff.py::TestDryRunRendererRenderBatch::test_render_batch_multiple_items
tests/integrations/test_wl186_dry_run_diff.py::TestDryRunRendererRenderBatch::test_render_batch_mixed_changes
tests/integrations/test_wl186_dry_run_diff.py::TestDryRunRendererRenderBatch::test_render_batch_three_items_separated
tests/integrations/test_wl186_dry_run_diff.py::TestDryRunRendererIntegration::test_full_workflow_compute_and_render
tests/integrations/test_wl186_dry_run_diff.py::TestDryRunRendererIntegration::test_full_workflow_batch_diffs
tests/integrations/test_wl191_connector_mapping_cache.py::TestMappingEntry::test_create_entry
tests/integrations/test_wl191_connector_mapping_cache.py::TestConnectorMappingCache::test_cache_put_and_get
tests/integrations/test_wl191_connector_mapping_cache.py::TestConnectorMappingCache::test_cache_get_missing
tests/integrations/test_wl191_connector_mapping_cache.py::TestConnectorMappingCache::test_cache_invalidate
tests/integrations/test_wl191_connector_mapping_cache.py::TestConnectorMappingCache::test_cache_ttl_expiration
tests/integrations/test_wl191_connector_mapping_cache.py::TestConnectorMappingCache::test_is_stale
tests/integrations/test_wl191_connector_mapping_cache.py::TestConnectorMappingCache::test_clear_stale
tests/integrations/test_wl191_connector_mapping_cache.py::TestConnectorMappingCache::test_cache_persistence
tests/integrations/test_wl191_connector_mapping_cache.py::TestConnectorMappingCache::test_cache_multiple_connectors
tests/integrations/test_wl191_connector_mapping_cache.py::TestConnectorMappingCache::test_list_cached_wl_ids
tests/integrations/test_wl191_connector_mapping_cache.py::TestConnectorMappingCache::test_put_empty_field_id_raises
tests/integrations/test_wl191_connector_mapping_cache.py::TestConnectorMappingCache::test_bootstrap_required_true_when_missing_required_fields
tests/integrations/test_wl191_connector_mapping_cache.py::TestConnectorMappingCache::test_bootstrap_persists_required_mappings
tests/integrations/test_wl191_connector_mapping_cache.py::TestConnectorMappingCache::test_get_with_status_marks_stale_entries
tests/integrations/test_wl203_decision_journal.py::TestJournalEntry::test_create_entry
tests/integrations/test_wl203_decision_journal.py::TestJournalEntry::test_create_entry_factory
tests/integrations/test_wl203_decision_journal.py::TestDecisionJournal::test_append_and_read
tests/integrations/test_wl203_decision_journal.py::TestDecisionJournal::test_append_multiple
tests/integrations/test_wl203_decision_journal.py::TestDecisionJournal::test_read_all_empty
tests/integrations/test_wl203_decision_journal.py::TestDecisionJournal::test_read_replayable
tests/integrations/test_wl203_decision_journal.py::TestDecisionJournal::test_replay_entry
tests/integrations/test_wl203_decision_journal.py::TestDecisionJournal::test_replay_entry_not_found
tests/integrations/test_wl203_decision_journal.py::TestDecisionJournal::test_journal_persistence_format
tests/integrations/test_wl203_decision_journal.py::TestDecisionJournal::test_journal_handles_corrupt_lines
tests/integrations/test_wl205_conflict_queue.py::TestConflictEntryCreation::test_create_conflict_entry
tests/integrations/test_wl205_conflict_queue.py::TestConflictEntryCreation::test_create_conflict_entry_resolved
tests/integrations/test_wl205_conflict_queue.py::TestConflictQueueInit::test_init_creates_empty_queue
tests/integrations/test_wl205_conflict_queue.py::TestConflictQueueEnqueue::test_enqueue_single_entry
tests/integrations/test_wl205_conflict_queue.py::TestConflictQueueEnqueue::test_enqueue_assigns_state_conflict_high_severity
tests/integrations/test_wl205_conflict_queue.py::TestConflictClassification::test_classify_conflict_for_schema_field
tests/integrations/test_wl205_conflict_queue.py::TestConflictClassification::test_enqueue_multiple_entries
tests/integrations/test_wl205_conflict_queue.py::TestConflictClassification::test_enqueue_none_raises_error
tests/integrations/test_wl205_conflict_queue.py::TestConflictClassification::test_enqueue_empty_conflict_id_raises_error
tests/integrations/test_wl205_conflict_queue.py::TestConflictQueueDequeue::test_dequeue_returns_first_unresolved
tests/integrations/test_wl205_conflict_queue.py::TestConflictQueueDequeue::test_dequeue_multiple_times
tests/integrations/test_wl205_conflict_queue.py::TestConflictQueueDequeue::test_dequeue_empty_raises_error
tests/integrations/test_wl205_conflict_queue.py::TestConflictQueueDequeue::test_dequeue_skips_resolved_entries
tests/integrations/test_wl205_conflict_queue.py::TestConflictQueueResolve::test_resolve_marks_as_resolved
tests/integrations/test_wl205_conflict_queue.py::TestConflictQueueResolve::test_resolve_not_found_raises_error
tests/integrations/test_wl205_conflict_queue.py::TestConflictQueueResolve::test_resolve_empty_id_raises_error
tests/integrations/test_wl205_conflict_queue.py::TestConflictQueueResolve::test_resolve_decreases_size
tests/integrations/test_wl205_conflict_queue.py::TestConflictQueueResolve::test_resolve_all_entries
tests/integrations/test_wl205_conflict_queue.py::TestConflictQueuePending::test_pending_returns_unresolved_only
tests/integrations/test_wl205_conflict_queue.py::TestConflictQueuePending::test_pending_empty_queue
tests/integrations/test_wl205_conflict_queue.py::TestConflictQueuePending::test_pending_fifo_order
tests/integrations/test_wl205_conflict_queue.py::TestConflictQueueAllEntries::test_all_entries_includes_resolved_and_unresolved
tests/integrations/test_wl205_conflict_queue.py::TestConflictQueueAllEntries::test_all_entries_order
tests/integrations/test_wl205_conflict_queue.py::TestConflictQueueSize::test_size_empty_queue
tests/integrations/test_wl205_conflict_queue.py::TestConflictQueueSize::test_size_after_enqueue
tests/integrations/test_wl205_conflict_queue.py::TestConflictQueueSize::test_size_after_resolve
tests/integrations/test_wl205_conflict_queue.py::TestConflictQueueSize::test_size_ignores_resolved_on_enqueue
tests/integrations/test_wl213_dead_letter_queue.py::TestDeadLetterEntryCreation::test_create_entry_minimal
tests/integrations/test_wl213_dead_letter_queue.py::TestDeadLetterEntryCreation::test_create_entry_with_retry_count
tests/integrations/test_wl213_dead_letter_queue.py::TestDeadLetterQueueInit::test_init_creates_store_path
tests/integrations/test_wl213_dead_letter_queue.py::TestDeadLetterQueueInit::test_init_with_custom_max_retries
tests/integrations/test_wl213_dead_letter_queue.py::TestDeadLetterQueueEnqueue::test_enqueue_single_entry
tests/integrations/test_wl213_dead_letter_queue.py::TestDeadLetterQueueEnqueue::test_enqueue_multiple_entries
tests/integrations/test_wl213_dead_letter_queue.py::TestDeadLetterQueueRead::test_read_all_returns_all_entries
tests/integrations/test_wl213_dead_letter_queue.py::TestDeadLetterQueueRead::test_read_all_empty_queue
tests/integrations/test_wl213_dead_letter_queue.py::TestDeadLetterQueuePending::test_pending_filters_by_retry_count
tests/integrations/test_wl213_dead_letter_queue.py::TestDeadLetterQueueMarkRetried::test_mark_retried_increments_count
tests/integrations/test_wl213_dead_letter_queue.py::TestDeadLetterQueueMarkRetried::test_mark_retried_not_found
tests/integrations/test_wl213_dead_letter_queue.py::TestDeadLetterQueuePurgeResolved::test_purge_resolved_removes_entries
tests/integrations/test_wl213_dead_letter_queue.py::TestDeadLetterQueuePurgeResolved::test_purge_resolved_empty_queue
tests/integrations/test_wl214_dead_letter_replay.py::TestReplayResultCreation::test_create_success_result
tests/integrations/test_wl214_dead_letter_replay.py::TestReplayResultCreation::test_create_failure_result
tests/integrations/test_wl214_dead_letter_replay.py::TestDeadLetterReplayEngineInit::test_init_with_dlq
tests/integrations/test_wl214_dead_letter_replay.py::TestDeadLetterReplayEngineReplayOne::test_replay_one_success
tests/integrations/test_wl214_dead_letter_replay.py::TestDeadLetterReplayEngineReplayOne::test_replay_one_handler_returns_false
tests/integrations/test_wl214_dead_letter_replay.py::TestDeadLetterReplayEngineReplayOne::test_replay_one_handler_raises
tests/integrations/test_wl214_dead_letter_replay.py::TestDeadLetterReplayEngineReplayOne::test_replay_one_entry_not_found
tests/integrations/test_wl214_dead_letter_replay.py::TestDeadLetterReplayEngineReplayOne::test_replay_one_marks_retried_on_success
tests/integrations/test_wl214_dead_letter_replay.py::TestDeadLetterReplayEngineReplayAll::test_replay_all_processes_pending_only
tests/integrations/test_wl214_dead_letter_replay.py::TestDeadLetterReplayEngineReplayAll::test_replay_all_with_mixed_results
tests/integrations/test_wl214_dead_letter_replay.py::TestDeadLetterReplayEngineSummary::test_summary_all_success
tests/integrations/test_wl214_dead_letter_replay.py::TestDeadLetterReplayEngineSummary::test_summary_all_failure
tests/integrations/test_wl214_dead_letter_replay.py::TestDeadLetterReplayEngineSummary::test_summary_mixed_results
tests/integrations/test_wl214_dead_letter_replay.py::TestDeadLetterReplayEngineSummary::test_summary_empty_results
tests/integrations/test_wl217_tenant_namespace.py::TestTenantNamespace::test_create_namespace
tests/integrations/test_wl217_tenant_namespace.py::TestTenantNamespace::test_namespace_fields_accessible
tests/integrations/test_wl217_tenant_namespace.py::TestTenantNamespaceResolver::test_namespace_single_key
tests/integrations/test_wl217_tenant_namespace.py::TestTenantNamespaceResolver::test_namespace_empty_key
tests/integrations/test_wl217_tenant_namespace.py::TestTenantNamespaceResolver::test_strip_namespace_valid_key
tests/integrations/test_wl217_tenant_namespace.py::TestTenantNamespaceResolver::test_strip_namespace_wrong_tenant
tests/integrations/test_wl217_tenant_namespace.py::TestTenantNamespaceResolver::test_strip_namespace_no_prefix
tests/integrations/test_wl217_tenant_namespace.py::TestTenantNamespaceResolver::test_is_owned_true
tests/integrations/test_wl217_tenant_namespace.py::TestTenantNamespaceResolver::test_is_owned_false_wrong_tenant
tests/integrations/test_wl217_tenant_namespace.py::TestTenantNamespaceResolver::test_is_owned_false_no_prefix
tests/integrations/test_wl217_tenant_namespace.py::TestTenantNamespaceResolver::test_namespace_dict_empty
tests/integrations/test_wl217_tenant_namespace.py::TestTenantNamespaceResolver::test_namespace_dict_multiple_keys
tests/integrations/test_wl217_tenant_namespace.py::TestTenantNamespaceResolver::test_strip_dict_valid
tests/integrations/test_wl217_tenant_namespace.py::TestTenantNamespaceResolver::test_strip_dict_mixed_tenants_raises
tests/integrations/test_wl217_tenant_namespace.py::TestTenantNamespaceResolver::test_strip_dict_empty
tests/integrations/test_wl218_onboarding_wizard.py::TestOnboardingStep::test_create_step_default_completed
tests/integrations/test_wl218_onboarding_wizard.py::TestOnboardingStep::test_create_step_completed
tests/integrations/test_wl218_onboarding_wizard.py::TestOnboardingWizard::test_steps_classvar_exists
tests/integrations/test_wl218_onboarding_wizard.py::TestOnboardingWizard::test_steps_has_six_items
tests/integrations/test_wl218_onboarding_wizard.py::TestOnboardingWizard::test_steps_have_required_fields
tests/integrations/test_wl218_onboarding_wizard.py::TestOnboardingWizard::test_get_steps_returns_list
tests/integrations/test_wl218_onboarding_wizard.py::TestOnboardingWizard::test_get_steps_all_incomplete_initially
tests/integrations/test_wl218_onboarding_wizard.py::TestOnboardingWizard::test_complete_step_valid
tests/integrations/test_wl218_onboarding_wizard.py::TestOnboardingWizard::test_complete_step_invalid_raises
tests/integrations/test_wl218_onboarding_wizard.py::TestOnboardingWizard::test_complete_step_idempotent
tests/integrations/test_wl218_onboarding_wizard.py::TestOnboardingWizard::test_next_incomplete_returns_first
tests/integrations/test_wl218_onboarding_wizard.py::TestOnboardingWizard::test_next_incomplete_after_completing_one
tests/integrations/test_wl218_onboarding_wizard.py::TestOnboardingWizard::test_next_incomplete_returns_none_when_complete
tests/integrations/test_wl218_onboarding_wizard.py::TestOnboardingWizard::test_is_complete_false_initially
tests/integrations/test_wl218_onboarding_wizard.py::TestOnboardingWizard::test_is_complete_true_when_all_done
tests/integrations/test_wl218_onboarding_wizard.py::TestOnboardingWizard::test_progress_initial
tests/integrations/test_wl218_onboarding_wizard.py::TestOnboardingWizard::test_progress_after_completing_steps
tests/integrations/test_wl218_onboarding_wizard.py::TestOnboardingWizard::test_progress_when_complete
tests/integrations/test_wl220_prod_readiness.py::TestReadinessCheck::test_create_check_with_message
tests/integrations/test_wl220_prod_readiness.py::TestReadinessCheck::test_create_check_default_message
tests/integrations/test_wl220_prod_readiness.py::TestProductionReadinessGate::test_required_checks_classvar
tests/integrations/test_wl220_prod_readiness.py::TestProductionReadinessGate::test_add_single_check
tests/integrations/test_wl220_prod_readiness.py::TestProductionReadinessGate::test_add_overwrites_previous
tests/integrations/test_wl220_prod_readiness.py::TestProductionReadinessGate::test_evaluate_false_when_empty
tests/integrations/test_wl220_prod_readiness.py::TestProductionReadinessGate::test_evaluate_false_with_missing_checks
tests/integrations/test_wl220_prod_readiness.py::TestProductionReadinessGate::test_evaluate_false_when_check_fails
tests/integrations/test_wl220_prod_readiness.py::TestProductionReadinessGate::test_evaluate_true_when_all_pass
tests/integrations/test_wl220_prod_readiness.py::TestProductionReadinessGate::test_missing_checks_empty_when_all_added
tests/integrations/test_wl220_prod_readiness.py::TestProductionReadinessGate::test_missing_checks_returns_unaddedonly
tests/integrations/test_wl220_prod_readiness.py::TestProductionReadinessGate::test_failed_checks_empty_when_all_pass
tests/integrations/test_wl220_prod_readiness.py::TestProductionReadinessGate::test_failed_checks_returns_failures_only
tests/integrations/test_wl220_prod_readiness.py::TestProductionReadinessGate::test_report_when_ready
tests/integrations/test_wl220_prod_readiness.py::TestProductionReadinessGate::test_report_when_not_ready
tests/integrations/test_wl262_failure_remediation_suggestions.py::test_known_failure_code_returns_deterministic_suggestion
tests/integrations/test_wl262_failure_remediation_suggestions.py::test_unknown_failure_code_returns_fallback_message
tests/integrations/test_wl263_credential_source_validator.py::test_resolve_credential_source_with_env_only
tests/integrations/test_wl263_credential_source_validator.py::test_resolve_credential_source_rejects_ambiguous_sources
tests/integrations/test_wl264_wl_block_formatter.py::test_normalize_wl_block_orders_metadata_fields
tests/integrations/test_wl264_wl_block_formatter.py::test_normalize_wl_block_rejects_missing_required_fields
tests/integrations/test_wl270_metadata_freshness.py::TestMetadataRecord::test_create_record
tests/integrations/test_wl270_metadata_freshness.py::TestMetadataRecord::test_record_with_different_values
tests/integrations/test_wl270_metadata_freshness.py::TestMetadataFreshnessTTL::test_init_default
tests/integrations/test_wl270_metadata_freshness.py::TestMetadataFreshnessTTL::test_init_custom_ttl
tests/integrations/test_wl270_metadata_freshness.py::TestMetadataFreshnessTTL::test_init_invalid_ttl
tests/integrations/test_wl270_metadata_freshness.py::TestMetadataFreshnessTTL::test_put_and_get_fresh
tests/integrations/test_wl270_metadata_freshness.py::TestMetadataFreshnessTTL::test_get_nonexistent
tests/integrations/test_wl270_metadata_freshness.py::TestMetadataFreshnessTTL::test_put_overwrites
tests/integrations/test_wl270_metadata_freshness.py::TestMetadataFreshnessTTL::test_is_fresh_when_young
tests/integrations/test_wl270_metadata_freshness.py::TestMetadataFreshnessTTL::test_is_fresh_when_expired
tests/integrations/test_wl270_metadata_freshness.py::TestMetadataFreshnessTTL::test_is_fresh_nonexistent
tests/integrations/test_wl270_metadata_freshness.py::TestMetadataFreshnessTTL::test_get_expired_returns_none
tests/integrations/test_wl270_metadata_freshness.py::TestMetadataFreshnessTTL::test_evict_stale_empty
tests/integrations/test_wl270_metadata_freshness.py::TestMetadataFreshnessTTL::test_evict_stale_with_expiration
tests/integrations/test_wl270_metadata_freshness.py::TestMetadataFreshnessTTL::test_multiple_keys_independent
tests/integrations/test_wl270_metadata_freshness.py::TestMetadataFreshnessTTL::test_ttl_boundary_condition
tests/integrations/test_wl270_metadata_freshness.py::TestMetadataFreshnessTTLIntegration::test_mixed_operations_sequence
tests/integrations/test_wl270_metadata_freshness.py::TestMetadataFreshnessTTLIntegration::test_concurrent_key_updates
tests/integrations/test_wl273_selective_retry_queue.py::TestRetryItem::test_create_default
tests/integrations/test_wl273_selective_retry_queue.py::TestRetryItem::test_create_with_attempt
tests/integrations/test_wl273_selective_retry_queue.py::TestRetryItem::test_payload_mutation
tests/integrations/test_wl273_selective_retry_queue.py::TestSelectiveRetryQueue::test_init_default
tests/integrations/test_wl273_selective_retry_queue.py::TestSelectiveRetryQueue::test_init_custom_max
tests/integrations/test_wl273_selective_retry_queue.py::TestSelectiveRetryQueue::test_init_invalid_max
tests/integrations/test_wl273_selective_retry_queue.py::TestSelectiveRetryQueue::test_enqueue_single_item
tests/integrations/test_wl273_selective_retry_queue.py::TestSelectiveRetryQueue::test_enqueue_multiple_items
tests/integrations/test_wl273_selective_retry_queue.py::TestSelectiveRetryQueue::test_retry_increments_attempt
tests/integrations/test_wl273_selective_retry_queue.py::TestSelectiveRetryQueue::test_retry_multiple_times
tests/integrations/test_wl273_selective_retry_queue.py::TestSelectiveRetryQueue::test_retry_nonexistent_item
tests/integrations/test_wl273_selective_retry_queue.py::TestSelectiveRetryQueue::test_failed_when_max_reached
tests/integrations/test_wl273_selective_retry_queue.py::TestSelectiveRetryQueue::test_failed_items_removed_from_pending
tests/integrations/test_wl273_selective_retry_queue.py::TestSelectiveRetryQueue::test_pending_list
tests/integrations/test_wl273_selective_retry_queue.py::TestSelectiveRetryQueue::test_failed_list
tests/integrations/test_wl273_selective_retry_queue.py::TestSelectiveRetryQueue::test_empty_queues_initially
tests/integrations/test_wl273_selective_retry_queue.py::TestSelectiveRetryQueue::test_enqueue_overwrites_pending
tests/integrations/test_wl273_selective_retry_queue.py::TestSelectiveRetryQueueIntegration::test_mixed_retry_workflow
tests/integrations/test_wl273_selective_retry_queue.py::TestSelectiveRetryQueueIntegration::test_attempt_counter_per_item
tests/integrations/test_wl273_selective_retry_queue.py::TestSelectiveRetryQueueIntegration::test_payload_preservation
tests/integrations/test_wl273_selective_retry_queue.py::TestSelectiveRetryQueueIntegration::test_max_attempts_boundary
tests/integrations/test_wl274_connector_sandbox.py::TestSandboxConnector::test_create_default_sandbox
tests/integrations/test_wl274_connector_sandbox.py::TestSandboxConnector::test_create_production
tests/integrations/test_wl274_connector_sandbox.py::TestSandboxConnector::test_connector_fields
tests/integrations/test_wl274_connector_sandbox.py::TestConnectorSandboxRegistry::test_register_single_connector
tests/integrations/test_wl274_connector_sandbox.py::TestConnectorSandboxRegistry::test_register_multiple_connectors
tests/integrations/test_wl274_connector_sandbox.py::TestConnectorSandboxRegistry::test_register_with_sandbox_false
tests/integrations/test_wl274_connector_sandbox.py::TestConnectorSandboxRegistry::test_is_sandbox_existing
tests/integrations/test_wl274_connector_sandbox.py::TestConnectorSandboxRegistry::test_is_sandbox_nonexistent
tests/integrations/test_wl274_connector_sandbox.py::TestConnectorSandboxRegistry::test_all_sandbox_empty
tests/integrations/test_wl274_connector_sandbox.py::TestConnectorSandboxRegistry::test_all_sandbox_partial
tests/integrations/test_wl274_connector_sandbox.py::TestConnectorSandboxRegistry::test_all_sandbox_all
tests/integrations/test_wl274_connector_sandbox.py::TestConnectorSandboxRegistry::test_promote_from_sandbox
tests/integrations/test_wl274_connector_sandbox.py::TestConnectorSandboxRegistry::test_promote_production_no_change
tests/integrations/test_wl274_connector_sandbox.py::TestConnectorSandboxRegistry::test_promote_nonexistent_raises
tests/integrations/test_wl274_connector_sandbox.py::TestConnectorSandboxRegistry::test_all_sandbox_after_promotion
tests/integrations/test_wl274_connector_sandbox.py::TestConnectorSandboxRegistry::test_register_overwrites
tests/integrations/test_wl274_connector_sandbox.py::TestConnectorSandboxRegistryIntegration::test_complete_lifecycle
tests/integrations/test_wl274_connector_sandbox.py::TestConnectorSandboxRegistryIntegration::test_multiple_projects_same_connector
tests/integrations/test_wl274_connector_sandbox.py::TestConnectorSandboxRegistryIntegration::test_connector_metadata_preserved
tests/integrations/test_wl274_connector_sandbox.py::TestConnectorSandboxRegistryIntegration::test_sandbox_list_ordering
tests/integrations/test_wl274_connector_sandbox.py::TestConnectorSandboxRegistryIntegration::test_large_registry
tests/integrations/test_wl275_ci_benchmark_gates.py::TestBenchmarkGate::test_create_without_result
tests/integrations/test_wl275_ci_benchmark_gates.py::TestBenchmarkGate::test_create_with_result
tests/integrations/test_wl275_ci_benchmark_gates.py::TestBenchmarkGate::test_gate_fields
tests/integrations/test_wl275_ci_benchmark_gates.py::TestCIBenchmarkGates::test_init
tests/integrations/test_wl275_ci_benchmark_gates.py::TestCIBenchmarkGates::test_add_gate_single
tests/integrations/test_wl275_ci_benchmark_gates.py::TestCIBenchmarkGates::test_add_gate_multiple
tests/integrations/test_wl275_ci_benchmark_gates.py::TestCIBenchmarkGates::test_add_gate_invalid_threshold
tests/integrations/test_wl275_ci_benchmark_gates.py::TestCIBenchmarkGates::test_record_result_success
tests/integrations/test_wl275_ci_benchmark_gates.py::TestCIBenchmarkGates::test_record_result_exact_threshold
tests/integrations/test_wl275_ci_benchmark_gates.py::TestCIBenchmarkGates::test_record_result_zero
tests/integrations/test_wl275_ci_benchmark_gates.py::TestCIBenchmarkGates::test_record_result_nonexistent_gate
tests/integrations/test_wl275_ci_benchmark_gates.py::TestCIBenchmarkGates::test_record_result_invalid_value
tests/integrations/test_wl275_ci_benchmark_gates.py::TestCIBenchmarkGates::test_evaluate_empty
tests/integrations/test_wl275_ci_benchmark_gates.py::TestCIBenchmarkGates::test_evaluate_all_gates
tests/integrations/test_wl275_ci_benchmark_gates.py::TestCIBenchmarkGates::test_failed_gates_none_below_threshold
tests/integrations/test_wl275_ci_benchmark_gates.py::TestCIBenchmarkGates::test_failed_gates_exceeds_threshold
tests/integrations/test_wl275_ci_benchmark_gates.py::TestCIBenchmarkGates::test_failed_gates_no_results
tests/integrations/test_wl275_ci_benchmark_gates.py::TestCIBenchmarkGates::test_failed_gates_multiple
tests/integrations/test_wl275_ci_benchmark_gates.py::TestCIBenchmarkGates::test_passed_all_gates_pass
tests/integrations/test_wl275_ci_benchmark_gates.py::TestCIBenchmarkGates::test_passed_one_gate_fails
tests/integrations/test_wl275_ci_benchmark_gates.py::TestCIBenchmarkGates::test_passed_no_results
tests/integrations/test_wl275_ci_benchmark_gates.py::TestCIBenchmarkGates::test_passed_empty
tests/integrations/test_wl275_ci_benchmark_gates.py::TestCIBenchmarkGates::test_add_gate_overwrites
tests/integrations/test_wl275_ci_benchmark_gates.py::TestCIBenchmarkGatesIntegration::test_complete_ci_workflow
tests/integrations/test_wl275_ci_benchmark_gates.py::TestCIBenchmarkGatesIntegration::test_regression_detection
tests/integrations/test_wl275_ci_benchmark_gates.py::TestCIBenchmarkGatesIntegration::test_partial_measurement
tests/integrations/test_wl275_ci_benchmark_gates.py::TestCIBenchmarkGatesIntegration::test_multiple_measurements_same_gate
tests/integrations/test_wl275_ci_benchmark_gates.py::TestCIBenchmarkGatesIntegration::test_floating_point_precision
tests/integrations/test_wl275_ci_benchmark_gates.py::TestCIBenchmarkGatesIntegration::test_large_gate_set
tests/integrations/test_wl282_maintenance_calendar.py::TestMaintenanceWindow::test_maintenance_window_creation
tests/integrations/test_wl282_maintenance_calendar.py::TestMaintenanceCalendar::test_add_window
tests/integrations/test_wl282_maintenance_calendar.py::TestMaintenanceCalendar::test_is_in_maintenance_true
tests/integrations/test_wl282_maintenance_calendar.py::TestMaintenanceCalendar::test_is_in_maintenance_false_before
tests/integrations/test_wl282_maintenance_calendar.py::TestMaintenanceCalendar::test_is_in_maintenance_false_after
tests/integrations/test_wl282_maintenance_calendar.py::TestMaintenanceCalendar::test_is_in_maintenance_default_now
tests/integrations/test_wl282_maintenance_calendar.py::TestMaintenanceCalendar::test_is_in_maintenance_boundary_start
tests/integrations/test_wl282_maintenance_calendar.py::TestMaintenanceCalendar::test_is_in_maintenance_boundary_end
tests/integrations/test_wl282_maintenance_calendar.py::TestMaintenanceCalendar::test_is_in_maintenance_wrong_connector
tests/integrations/test_wl282_maintenance_calendar.py::TestMaintenanceCalendar::test_upcoming_windows_single
tests/integrations/test_wl282_maintenance_calendar.py::TestMaintenanceCalendar::test_upcoming_windows_sorted
tests/integrations/test_wl282_maintenance_calendar.py::TestMaintenanceCalendar::test_upcoming_windows_filters_by_connector
tests/integrations/test_wl282_maintenance_calendar.py::TestMaintenanceCalendar::test_upcoming_windows_filters_by_after
tests/integrations/test_wl282_maintenance_calendar.py::TestMaintenanceCalendar::test_upcoming_windows_default_after_now
tests/integrations/test_wl282_maintenance_calendar.py::TestMaintenanceCalendar::test_load_from_config_single_window
tests/integrations/test_wl282_maintenance_calendar.py::TestMaintenanceCalendar::test_load_from_config_multiple_windows
tests/integrations/test_wl282_maintenance_calendar.py::TestMaintenanceCalendar::test_load_from_config_missing_keys
tests/integrations/test_wl282_maintenance_calendar.py::TestMaintenanceCalendar::test_load_from_config_invalid_datetime
tests/integrations/test_wl282_maintenance_calendar.py::TestMaintenanceCalendar::test_list_connectors_empty
tests/integrations/test_wl282_maintenance_calendar.py::TestMaintenanceCalendar::test_list_connectors_single
tests/integrations/test_wl282_maintenance_calendar.py::TestMaintenanceCalendar::test_list_connectors_multiple_sorted
tests/integrations/test_wl282_maintenance_calendar.py::TestMaintenanceCalendar::test_list_connectors_duplicates_deduplicated
tests/integrations/test_wl283_partition_planner.py::TestPartition::test_partition_creation
tests/integrations/test_wl283_partition_planner.py::TestPartitionPlannerPlan::test_plan_empty_range
tests/integrations/test_wl283_partition_planner.py::TestPartitionPlannerPlan::test_plan_single_item
tests/integrations/test_wl283_partition_planner.py::TestPartitionPlannerPlan::test_plan_exact_fit
tests/integrations/test_wl283_partition_planner.py::TestPartitionPlannerPlan::test_plan_multiple_partitions
tests/integrations/test_wl283_partition_planner.py::TestPartitionPlannerPlan::test_plan_partition_ids_sequential
tests/integrations/test_wl283_partition_planner.py::TestPartitionPlannerPlan::test_plan_coverage_complete
tests/integrations/test_wl283_partition_planner.py::TestPartitionPlannerPlan::test_plan_size_field
tests/integrations/test_wl283_partition_planner.py::TestPartitionPlannerPlan::test_plan_respects_max_size
tests/integrations/test_wl283_partition_planner.py::TestPartitionPlannerPlan::test_plan_invalid_total_items_negative
tests/integrations/test_wl283_partition_planner.py::TestPartitionPlannerPlan::test_plan_invalid_max_size_zero
tests/integrations/test_wl283_partition_planner.py::TestPartitionPlannerPlan::test_plan_invalid_max_size_negative
tests/integrations/test_wl283_partition_planner.py::TestPartitionPlannerPlan::test_plan_small_max_size
tests/integrations/test_wl283_partition_planner.py::TestPartitionPlannerPlan::test_plan_large_range
tests/integrations/test_wl283_partition_planner.py::TestPartitionPlannerPlan::test_plan_uneven_distribution
tests/integrations/test_wl283_partition_planner.py::TestPartitionPlannerPartitionFor::test_partition_for_first_item
tests/integrations/test_wl283_partition_planner.py::TestPartitionPlannerPartitionFor::test_partition_for_last_item
tests/integrations/test_wl283_partition_planner.py::TestPartitionPlannerPartitionFor::test_partition_for_out_of_range_negative
tests/integrations/test_wl283_partition_planner.py::TestPartitionPlannerPartitionFor::test_partition_for_out_of_range_too_high
tests/integrations/test_wl283_partition_planner.py::TestPartitionPlannerPartitionFor::test_partition_for_multiple_items
tests/integrations/test_wl283_partition_planner.py::TestPartitionPlannerPartitionFor::test_partition_for_empty_partitions
tests/integrations/test_wl283_partition_planner.py::TestPartitionPlannerTotalPartitions::test_total_partitions_zero_items
tests/integrations/test_wl283_partition_planner.py::TestPartitionPlannerTotalPartitions::test_total_partitions_single_item
tests/integrations/test_wl283_partition_planner.py::TestPartitionPlannerTotalPartitions::test_total_partitions_exact_fit
tests/integrations/test_wl283_partition_planner.py::TestPartitionPlannerTotalPartitions::test_total_partitions_multiple
tests/integrations/test_wl283_partition_planner.py::TestPartitionPlannerTotalPartitions::test_total_partitions_uneven
tests/integrations/test_wl283_partition_planner.py::TestPartitionPlannerTotalPartitions::test_total_partitions_matches_plan
tests/integrations/test_wl283_partition_planner.py::TestPartitionPlannerTotalPartitions::test_total_partitions_large_range
tests/integrations/test_wl283_partition_planner.py::TestPartitionPlannerTotalPartitions::test_total_partitions_invalid_negative_items
tests/integrations/test_wl283_partition_planner.py::TestPartitionPlannerTotalPartitions::test_total_partitions_invalid_zero_max_size
tests/integrations/test_wl283_partition_planner.py::TestPartitionPlannerTotalPartitions::test_total_partitions_invalid_negative_max_size
tests/integrations/test_wl284_checkpoint_resume.py::TestCheckpoint::test_checkpoint_creation
tests/integrations/test_wl284_checkpoint_resume.py::TestCheckpointStoreSave::test_save_creates_directory
tests/integrations/test_wl284_checkpoint_resume.py::TestCheckpointStoreSave::test_save_writes_json_file
tests/integrations/test_wl284_checkpoint_resume.py::TestCheckpointStoreSave::test_save_returns_path
tests/integrations/test_wl284_checkpoint_resume.py::TestCheckpointStoreSave::test_save_json_content
tests/integrations/test_wl284_checkpoint_resume.py::TestCheckpointStoreLoad::test_load_existing_checkpoint
tests/integrations/test_wl284_checkpoint_resume.py::TestCheckpointStoreLoad::test_load_preserves_datetime
tests/integrations/test_wl284_checkpoint_resume.py::TestCheckpointStoreLoad::test_load_nonexistent_raises_error
tests/integrations/test_wl284_checkpoint_resume.py::TestCheckpointStoreLoad::test_load_multiple_checkpoints
tests/integrations/test_wl284_checkpoint_resume.py::TestCheckpointStoreLatest::test_latest_returns_most_recent
tests/integrations/test_wl284_checkpoint_resume.py::TestCheckpointStoreLatest::test_latest_filters_by_cycle
tests/integrations/test_wl284_checkpoint_resume.py::TestCheckpointStoreLatest::test_latest_none_for_empty
tests/integrations/test_wl284_checkpoint_resume.py::TestCheckpointStoreLatest::test_latest_none_for_missing_directory
tests/integrations/test_wl284_checkpoint_resume.py::TestCheckpointStoreLatest::test_latest_single_checkpoint
tests/integrations/test_wl284_checkpoint_resume.py::TestCheckpointStoreDelete::test_delete_removes_checkpoint
tests/integrations/test_wl284_checkpoint_resume.py::TestCheckpointStoreDelete::test_delete_nonexistent_safe
tests/integrations/test_wl284_checkpoint_resume.py::TestCheckpointStoreDelete::test_delete_only_specified
tests/integrations/test_wl284_checkpoint_resume.py::TestCheckpointStoreListCheckpoints::test_list_checkpoints_empty
tests/integrations/test_wl284_checkpoint_resume.py::TestCheckpointStoreListCheckpoints::test_list_checkpoints_single
tests/integrations/test_wl284_checkpoint_resume.py::TestCheckpointStoreListCheckpoints::test_list_checkpoints_multiple_sorted
tests/integrations/test_wl284_checkpoint_resume.py::TestCheckpointStoreListCheckpoints::test_list_checkpoints_filters_by_cycle
tests/integrations/test_wl284_checkpoint_resume.py::TestCheckpointStoreListCheckpoints::test_list_checkpoints_missing_directory
tests/integrations/test_wl284_checkpoint_resume.py::TestCheckpointStoreListCheckpoints::test_list_checkpoints_ignores_invalid_json
tests/integrations/test_wl285_mutation_spike.py::TestSpikeConfig::test_default_values
tests/integrations/test_wl285_mutation_spike.py::TestSpikeConfig::test_custom_values
tests/integrations/test_wl285_mutation_spike.py::TestMutationSpikeDetectorInit::test_init_with_default_config
tests/integrations/test_wl285_mutation_spike.py::TestMutationSpikeDetectorInit::test_init_with_custom_config
tests/integrations/test_wl285_mutation_spike.py::TestMutationSpikeDetectorRecord::test_record_single_count
tests/integrations/test_wl285_mutation_spike.py::TestMutationSpikeDetectorRecord::test_record_multiple_counts
tests/integrations/test_wl285_mutation_spike.py::TestMutationSpikeDetectorBaseline::test_baseline_insufficient_samples
tests/integrations/test_wl285_mutation_spike.py::TestMutationSpikeDetectorBaseline::test_baseline_exact_min_samples
tests/integrations/test_wl285_mutation_spike.py::TestMutationSpikeDetectorBaseline::test_baseline_multiple_samples
tests/integrations/test_wl285_mutation_spike.py::TestMutationSpikeDetectorBaseline::test_baseline_empty_detector
tests/integrations/test_wl285_mutation_spike.py::TestMutationSpikeDetectorIsSpike::test_is_spike_insufficient_samples
tests/integrations/test_wl285_mutation_spike.py::TestMutationSpikeDetectorIsSpike::test_is_spike_no_spike
tests/integrations/test_wl285_mutation_spike.py::TestMutationSpikeDetectorIsSpike::test_is_spike_detected
tests/integrations/test_wl285_mutation_spike.py::TestMutationSpikeDetectorIsSpike::test_is_spike_boundary
tests/integrations/test_wl285_mutation_spike.py::TestMutationSpikeDetectorIsSpike::test_is_spike_empty_detector
tests/integrations/test_wl285_mutation_spike.py::TestMutationSpikeDetectorIsSpike::test_is_spike_custom_multiplier
tests/integrations/test_wl285_mutation_spike.py::TestMutationSpikeDetectorCheckAndRecord::test_check_and_record_insufficient_samples
tests/integrations/test_wl285_mutation_spike.py::TestMutationSpikeDetectorCheckAndRecord::test_check_and_record_no_spike
tests/integrations/test_wl285_mutation_spike.py::TestMutationSpikeDetectorCheckAndRecord::test_check_and_record_spike
tests/integrations/test_wl285_mutation_spike.py::TestMutationSpikeDetectorCheckAndRecord::test_check_and_record_modifies_window
tests/integrations/test_wl285_mutation_spike.py::TestMutationSpikeDetectorCheckAndRecord::test_check_and_record_baseline_changes
tests/integrations/test_wl285_mutation_spike.py::TestMutationSpikeDetectorCheckAndRecord::test_check_and_record_sequential_calls
tests/integrations/test_wl285_mutation_spike.py::TestMutationSpikeDetectorCheckAndRecord::test_check_and_record_window_overflow
tests/integrations/test_wl286_adaptive_rate_limiter.py::TestRateLimitState::test_rate_limit_state_creation
tests/integrations/test_wl286_adaptive_rate_limiter.py::TestAdaptiveRateLimiterInit::test_init_with_default
tests/integrations/test_wl286_adaptive_rate_limiter.py::TestAdaptiveRateLimiterInit::test_init_with_custom_default
tests/integrations/test_wl286_adaptive_rate_limiter.py::TestAdaptiveRateLimiterInit::test_init_invalid_default_raises_error
tests/integrations/test_wl286_adaptive_rate_limiter.py::TestAdaptiveRateLimiterSetLimit::test_set_limit
tests/integrations/test_wl286_adaptive_rate_limiter.py::TestAdaptiveRateLimiterSetLimit::test_set_limit_overrides_default
tests/integrations/test_wl286_adaptive_rate_limiter.py::TestAdaptiveRateLimiterSetLimit::test_set_limit_invalid_raises_error
tests/integrations/test_wl286_adaptive_rate_limiter.py::TestAdaptiveRateLimiterSetLimit::test_set_limit_updates_last_updated
tests/integrations/test_wl286_adaptive_rate_limiter.py::TestAdaptiveRateLimiterSetLimit::test_set_limit_minimum_value
tests/integrations/test_wl286_adaptive_rate_limiter.py::TestAdaptiveRateLimiterGetLimit::test_get_limit_default_for_unset
tests/integrations/test_wl286_adaptive_rate_limiter.py::TestAdaptiveRateLimiterGetLimit::test_get_limit_explicit_value
tests/integrations/test_wl286_adaptive_rate_limiter.py::TestAdaptiveRateLimiterGetLimit::test_get_limit_multiple_connectors
tests/integrations/test_wl286_adaptive_rate_limiter.py::TestAdaptiveRateLimiterRecordThrottle::test_record_throttle_reduces_by_twenty_percent
tests/integrations/test_wl286_adaptive_rate_limiter.py::TestAdaptiveRateLimiterRecordThrottle::test_record_throttle_multiple_times
tests/integrations/test_wl286_adaptive_rate_limiter.py::TestAdaptiveRateLimiterRecordThrottle::test_record_throttle_respects_minimum
tests/integrations/test_wl286_adaptive_rate_limiter.py::TestAdaptiveRateLimiterRecordThrottle::test_record_throttle_at_minimum_stays_at_minimum
tests/integrations/test_wl286_adaptive_rate_limiter.py::TestAdaptiveRateLimiterRecordThrottle::test_record_throttle_uses_default_if_unset
tests/integrations/test_wl286_adaptive_rate_limiter.py::TestAdaptiveRateLimiterRecordThrottle::test_record_throttle_updates_timestamp
tests/integrations/test_wl286_adaptive_rate_limiter.py::TestAdaptiveRateLimiterRecordSuccess::test_record_success_increases_by_five_percent
tests/integrations/test_wl286_adaptive_rate_limiter.py::TestAdaptiveRateLimiterRecordSuccess::test_record_success_multiple_times
tests/integrations/test_wl286_adaptive_rate_limiter.py::TestAdaptiveRateLimiterRecordSuccess::test_record_success_respects_maximum
tests/integrations/test_wl286_adaptive_rate_limiter.py::TestAdaptiveRateLimiterRecordSuccess::test_record_success_at_maximum_stays_at_maximum
tests/integrations/test_wl286_adaptive_rate_limiter.py::TestAdaptiveRateLimiterRecordSuccess::test_record_success_uses_default_if_unset
tests/integrations/test_wl286_adaptive_rate_limiter.py::TestAdaptiveRateLimiterRecordSuccess::test_record_success_updates_timestamp
tests/integrations/test_wl286_adaptive_rate_limiter.py::TestAdaptiveRateLimiterGetState::test_get_state_unset_connector
tests/integrations/test_wl286_adaptive_rate_limiter.py::TestAdaptiveRateLimiterGetState::test_get_state_explicit_limit
tests/integrations/test_wl286_adaptive_rate_limiter.py::TestAdaptiveRateLimiterGetState::test_get_state_after_throttle
tests/integrations/test_wl286_adaptive_rate_limiter.py::TestAdaptiveRateLimiterGetState::test_get_state_after_success
tests/integrations/test_wl286_adaptive_rate_limiter.py::TestAdaptiveRateLimiterGetState::test_get_state_multiple_connectors
tests/integrations/test_wl286_adaptive_rate_limiter.py::TestAdaptiveRateLimiterGetState::test_adaptive_flow
tests/integrations/test_wl286_adaptive_rate_limiter.py::TestAdaptiveRateLimiterGetState::test_independent_connectors
tests/integrations/test_wl287_tag_parity.py::TestTagParityResultCreation::test_create_parity_result
tests/integrations/test_wl287_tag_parity.py::TestTagParityCheckerCheck::test_check_identical_tags
tests/integrations/test_wl287_tag_parity.py::TestTagParityCheckerCheck::test_check_local_only_tag
tests/integrations/test_wl287_tag_parity.py::TestTagParityCheckerCheck::test_check_remote_only_tag
tests/integrations/test_wl287_tag_parity.py::TestTagParityCheckerCheck::test_check_both_missing
tests/integrations/test_wl287_tag_parity.py::TestTagParityCheckerCheck::test_check_empty_tags
tests/integrations/test_wl287_tag_parity.py::TestTagParityCheckerCheck::test_check_sorted_output
tests/integrations/test_wl287_tag_parity.py::TestTagParityCheckerCheck::test_check_empty_wl_id_raises_error
tests/integrations/test_wl287_tag_parity.py::TestTagParityCheckerCheck::test_check_invalid_local_tags_type
tests/integrations/test_wl287_tag_parity.py::TestTagParityCheckerCheck::test_check_invalid_remote_tags_type
tests/integrations/test_wl287_tag_parity.py::TestTagParityCheckerIsInParity::test_is_in_parity_true_when_empty
tests/integrations/test_wl287_tag_parity.py::TestTagParityCheckerIsInParity::test_is_in_parity_false_when_missing_remote
tests/integrations/test_wl287_tag_parity.py::TestTagParityCheckerIsInParity::test_is_in_parity_false_when_missing_local
tests/integrations/test_wl287_tag_parity.py::TestTagParityCheckerIsInParity::test_is_in_parity_false_when_both_missing
tests/integrations/test_wl287_tag_parity.py::TestTagParityCheckerCheckBatch::test_check_batch_single_item
tests/integrations/test_wl287_tag_parity.py::TestTagParityCheckerCheckBatch::test_check_batch_multiple_items
tests/integrations/test_wl287_tag_parity.py::TestTagParityCheckerCheckBatch::test_check_batch_missing_wl_id
tests/integrations/test_wl287_tag_parity.py::TestTagParityCheckerCheckBatch::test_check_batch_missing_local_tags
tests/integrations/test_wl287_tag_parity.py::TestTagParityCheckerCheckBatch::test_check_batch_empty_list
tests/integrations/test_wl287_tag_parity.py::TestTagParityCheckerCheckBatch::test_check_batch_complex_scenario
tests/integrations/test_wl288_tag_taxonomy.py::TestTaxonomyViolationCreation::test_create_violation
tests/integrations/test_wl288_tag_taxonomy.py::TestTagTaxonomyValidatorInit::test_init_with_valid_tags
tests/integrations/test_wl288_tag_taxonomy.py::TestTagTaxonomyValidatorInit::test_init_with_non_list_raises_error
tests/integrations/test_wl288_tag_taxonomy.py::TestTagTaxonomyValidatorInit::test_init_with_empty_list_raises_error
tests/integrations/test_wl288_tag_taxonomy.py::TestTagTaxonomyValidatorValidate::test_validate_all_valid_tags
tests/integrations/test_wl288_tag_taxonomy.py::TestTagTaxonomyValidatorValidate::test_validate_single_invalid_tag
tests/integrations/test_wl288_tag_taxonomy.py::TestTagTaxonomyValidatorValidate::test_validate_multiple_invalid_tags
tests/integrations/test_wl288_tag_taxonomy.py::TestTagTaxonomyValidatorValidate::test_validate_empty_tags
tests/integrations/test_wl288_tag_taxonomy.py::TestTagTaxonomyValidatorValidate::test_validate_empty_wl_id_raises_error
tests/integrations/test_wl288_tag_taxonomy.py::TestTagTaxonomyValidatorValidate::test_validate_non_list_tags_raises_error
tests/integrations/test_wl288_tag_taxonomy.py::TestTagTaxonomyValidatorValidate::test_validate_all_invalid_tags
tests/integrations/test_wl288_tag_taxonomy.py::TestTagTaxonomyValidatorIsValid::test_is_valid_true_for_valid_tags
tests/integrations/test_wl288_tag_taxonomy.py::TestTagTaxonomyValidatorIsValid::test_is_valid_false_for_invalid_tags
tests/integrations/test_wl288_tag_taxonomy.py::TestTagTaxonomyValidatorIsValid::test_is_valid_true_for_empty_tags
tests/integrations/test_wl288_tag_taxonomy.py::TestTagTaxonomyValidatorIsValid::test_is_valid_single_valid_tag
tests/integrations/test_wl288_tag_taxonomy.py::TestTagTaxonomyValidatorIsValid::test_is_valid_single_invalid_tag
tests/integrations/test_wl288_tag_taxonomy.py::TestTagTaxonomyValidatorAddAllowed::test_add_allowed_extends_taxonomy
tests/integrations/test_wl288_tag_taxonomy.py::TestTagTaxonomyValidatorAddAllowed::test_add_allowed_multiple_times
tests/integrations/test_wl288_tag_taxonomy.py::TestTagTaxonomyValidatorAddAllowed::test_add_allowed_duplicate
tests/integrations/test_wl288_tag_taxonomy.py::TestTagTaxonomyValidatorAddAllowed::test_add_allowed_empty_raises_error
tests/integrations/test_wl288_tag_taxonomy.py::TestTagTaxonomyValidatorAddAllowed::test_add_allowed_reflects_in_list
tests/integrations/test_wl288_tag_taxonomy.py::TestTagTaxonomyValidatorListAllowed::test_list_allowed_returns_sorted
tests/integrations/test_wl288_tag_taxonomy.py::TestTagTaxonomyValidatorListAllowed::test_list_allowed_independent_copy
tests/integrations/test_wl288_tag_taxonomy.py::TestTagTaxonomyValidatorListAllowed::test_list_allowed_complex_scenario
tests/integrations/test_wl288_tag_taxonomy.py::TestTagTaxonomyValidatorListAllowed::test_list_allowed_after_add
tests/integrations/test_wl288_tag_taxonomy.py::TestTagTaxonomyValidatorIntegration::test_full_workflow
tests/integrations/test_wl288_tag_taxonomy.py::TestTagTaxonomyValidatorIntegration::test_batch_validation_simulation
tests/integrations/test_wl293_signed_capability_cache.py::TestSignedCapabilityCreation::test_create_signed_capability
tests/integrations/test_wl293_signed_capability_cache.py::TestSignedCapabilityCacheInit::test_init_with_default_ttl
tests/integrations/test_wl293_signed_capability_cache.py::TestSignedCapabilityCacheInit::test_init_with_custom_ttl
tests/integrations/test_wl293_signed_capability_cache.py::TestSignedCapabilityCacheInit::test_init_invalid_ttl_raises_error
tests/integrations/test_wl293_signed_capability_cache.py::TestSignedCapabilityCacheStore::test_store_single_capability
tests/integrations/test_wl293_signed_capability_cache.py::TestSignedCapabilityCacheStore::test_store_sets_expiry
tests/integrations/test_wl293_signed_capability_cache.py::TestSignedCapabilityCacheStore::test_store_empty_capability_id_raises_error
tests/integrations/test_wl293_signed_capability_cache.py::TestSignedCapabilityCacheStore::test_store_empty_connector_raises_error
tests/integrations/test_wl293_signed_capability_cache.py::TestSignedCapabilityCacheStore::test_store_empty_capability_type_raises_error
tests/integrations/test_wl293_signed_capability_cache.py::TestSignedCapabilityCacheStore::test_store_empty_signature_raises_error
tests/integrations/test_wl293_signed_capability_cache.py::TestSignedCapabilityCacheStore::test_store_multiple_capabilities
tests/integrations/test_wl293_signed_capability_cache.py::TestSignedCapabilityCacheGet::test_get_existing_capability
tests/integrations/test_wl293_signed_capability_cache.py::TestSignedCapabilityCacheGet::test_get_nonexistent_capability_returns_none
tests/integrations/test_wl293_signed_capability_cache.py::TestSignedCapabilityCacheGet::test_get_expired_capability_returns_none
tests/integrations/test_wl293_signed_capability_cache.py::TestSignedCapabilityCacheIsExpired::test_is_expired_false_for_valid
tests/integrations/test_wl293_signed_capability_cache.py::TestSignedCapabilityCacheIsExpired::test_is_expired_true_for_nonexistent
tests/integrations/test_wl293_signed_capability_cache.py::TestSignedCapabilityCacheIsExpired::test_is_expired_true_for_expired
tests/integrations/test_wl293_signed_capability_cache.py::TestSignedCapabilityCacheRenew::test_renew_updates_signature
tests/integrations/test_wl293_signed_capability_cache.py::TestSignedCapabilityCacheRenew::test_renew_updates_expiry
tests/integrations/test_wl293_signed_capability_cache.py::TestSignedCapabilityCacheRenew::test_renew_updates_last_renewed
tests/integrations/test_wl293_signed_capability_cache.py::TestSignedCapabilityCacheRenew::test_renew_nonexistent_returns_none
tests/integrations/test_wl293_signed_capability_cache.py::TestSignedCapabilityCacheRenew::test_renew_empty_signature_raises_error
tests/integrations/test_wl293_signed_capability_cache.py::TestSignedCapabilityCacheListConnectorCapabilities::test_list_connector_capabilities_github
tests/integrations/test_wl293_signed_capability_cache.py::TestSignedCapabilityCacheListConnectorCapabilities::test_list_connector_capabilities_linear
tests/integrations/test_wl293_signed_capability_cache.py::TestSignedCapabilityCacheListConnectorCapabilities::test_list_connector_capabilities_nonexistent
tests/integrations/test_wl293_signed_capability_cache.py::TestSignedCapabilityCacheInvalidate::test_invalidate_removes_capability
tests/integrations/test_wl293_signed_capability_cache.py::TestSignedCapabilityCacheInvalidate::test_invalidate_nonexistent_returns_false
tests/integrations/test_wl293_signed_capability_cache.py::TestSignedCapabilityCacheCleanupExpired::test_cleanup_expired_removes_expired
tests/integrations/test_wl293_signed_capability_cache.py::TestSignedCapabilityCacheCleanupExpired::test_cleanup_expired_no_expired
tests/integrations/test_wl293_signed_capability_cache.py::TestSignedCapabilityCacheGetAll::test_get_all_empty_cache
tests/integrations/test_wl293_signed_capability_cache.py::TestSignedCapabilityCacheGetAll::test_get_all_returns_all_capabilities
tests/integrations/test_wl294_policy_whatif_simulation.py::test_simulate_policy_change_reports_improvement_for_faster_cycle
tests/integrations/test_wl294_policy_whatif_simulation.py::test_simulate_policy_change_rejects_invalid_counts
tests/integrations/test_wl295_pull_pagination_resilience.py::test_collect_paginated_items_happy_path
tests/integrations/test_wl295_pull_pagination_resilience.py::test_collect_paginated_items_detects_token_loop
tests/integrations/test_wl295_pull_pagination_resilience.py::test_collect_paginated_items_respects_max_pages
tests/integrations/test_wl296_restore_verifier.py::test_verify_restore_output_matches_identical_payloads
tests/integrations/test_wl296_restore_verifier.py::test_verify_restore_output_detects_mismatch
tests/integrations/test_wl297_connector_cost_accounting.py::test_connector_cost_ledger_aggregates_by_connector
tests/integrations/test_wl297_connector_cost_accounting.py::test_connector_cost_ledger_rejects_negative_values
tests/integrations/test_wl299_reliability_score_targets.py::test_compute_reliability_score_and_classification
tests/integrations/test_wl299_reliability_score_targets.py::test_compute_reliability_score_rejects_out_of_range_inputs
tests/integrations/test_wl300_default_on_guardrail_pack.py::test_default_guardrail_pack_is_enabled_by_default
tests/integrations/test_wl300_default_on_guardrail_pack.py::test_migrate_to_default_on_pack_adds_missing_keys_and_preserves_existing
tests/integrations/test_wl303_pipeline_percentiles.py::TestStageTimer::test_create_stage_timer
tests/integrations/test_wl303_pipeline_percentiles.py::TestStageTimer::test_stage_timer_with_zero_duration
tests/integrations/test_wl303_pipeline_percentiles.py::TestPipelinePercentileTracker::test_record_single_stage
tests/integrations/test_wl303_pipeline_percentiles.py::TestPipelinePercentileTracker::test_record_multiple_executions_same_stage
tests/integrations/test_wl303_pipeline_percentiles.py::TestPipelinePercentileTracker::test_record_negative_duration_raises_error
tests/integrations/test_wl303_pipeline_percentiles.py::TestPipelinePercentileTracker::test_percentile_no_data
tests/integrations/test_wl303_pipeline_percentiles.py::TestPipelinePercentileTracker::test_percentile_p50_single_value
tests/integrations/test_wl303_pipeline_percentiles.py::TestPipelinePercentileTracker::test_percentile_p50_multiple_values
tests/integrations/test_wl303_pipeline_percentiles.py::TestPipelinePercentileTracker::test_percentile_p95
tests/integrations/test_wl303_pipeline_percentiles.py::TestPipelinePercentileTracker::test_percentile_p99
tests/integrations/test_wl303_pipeline_percentiles.py::TestPipelinePercentileTracker::test_percentile_invalid_p_raises_error
tests/integrations/test_wl303_pipeline_percentiles.py::TestPipelinePercentileTracker::test_summary_no_data
tests/integrations/test_wl303_pipeline_percentiles.py::TestPipelinePercentileTracker::test_summary_with_data
tests/integrations/test_wl303_pipeline_percentiles.py::TestPipelinePercentileTracker::test_all_stages_empty
tests/integrations/test_wl303_pipeline_percentiles.py::TestPipelinePercentileTracker::test_all_stages_single
tests/integrations/test_wl303_pipeline_percentiles.py::TestPipelinePercentileTracker::test_all_stages_multiple_sorted
tests/integrations/test_wl303_pipeline_percentiles.py::TestPipelinePercentileTracker::test_percentile_p0_and_p100
tests/integrations/test_wl306_connector_toggle.py::TestConnectorToggleRegistry::test_register_connector
tests/integrations/test_wl306_connector_toggle.py::TestConnectorToggleRegistry::test_register_connector_disabled
tests/integrations/test_wl306_connector_toggle.py::TestConnectorToggleRegistry::test_register_default_enabled
tests/integrations/test_wl306_connector_toggle.py::TestConnectorToggleRegistry::test_register_duplicate_raises_error
tests/integrations/test_wl306_connector_toggle.py::TestConnectorToggleRegistry::test_enable_connector
tests/integrations/test_wl306_connector_toggle.py::TestConnectorToggleRegistry::test_enable_unregistered_raises_error
tests/integrations/test_wl306_connector_toggle.py::TestConnectorToggleRegistry::test_disable_connector
tests/integrations/test_wl306_connector_toggle.py::TestConnectorToggleRegistry::test_disable_unregistered_raises_error
tests/integrations/test_wl306_connector_toggle.py::TestConnectorToggleRegistry::test_is_enabled_unregistered_returns_false
tests/integrations/test_wl306_connector_toggle.py::TestConnectorToggleRegistry::test_toggle_enabled_to_disabled
tests/integrations/test_wl306_connector_toggle.py::TestConnectorToggleRegistry::test_toggle_disabled_to_enabled
tests/integrations/test_wl306_connector_toggle.py::TestConnectorToggleRegistry::test_toggle_unregistered_raises_error
tests/integrations/test_wl306_connector_toggle.py::TestConnectorToggleRegistry::test_toggle_multiple_times
tests/integrations/test_wl306_connector_toggle.py::TestConnectorToggleRegistry::test_list_all_empty
tests/integrations/test_wl306_connector_toggle.py::TestConnectorToggleRegistry::test_list_all_single
tests/integrations/test_wl306_connector_toggle.py::TestConnectorToggleRegistry::test_list_all_multiple
tests/integrations/test_wl306_connector_toggle.py::TestConnectorToggleRegistry::test_list_all_returns_copy
tests/integrations/test_wl306_connector_toggle.py::TestConnectorToggleRegistry::test_multiple_connectors_independent
tests/integrations/test_wl306_connector_toggle.py::TestConnectorSLATracking::test_sla_within_threshold
tests/integrations/test_wl306_connector_toggle.py::TestConnectorSLATracking::test_sla_breach_latency_and_error_budget
tests/integrations/test_wl307_wl_id_allocator.py::TestWLRange::test_create_wl_range
tests/integrations/test_wl307_wl_id_allocator.py::TestWLRange::test_wl_range_single_id
tests/integrations/test_wl307_wl_id_allocator.py::TestWLIdAllocator::test_reserve_range
tests/integrations/test_wl307_wl_id_allocator.py::TestWLIdAllocator::test_reserve_single_id
tests/integrations/test_wl307_wl_id_allocator.py::TestWLIdAllocator::test_reserve_range_start_greater_than_end_raises_error
tests/integrations/test_wl307_wl_id_allocator.py::TestWLIdAllocator::test_reserve_overlapping_range_raises_error
tests/integrations/test_wl307_wl_id_allocator.py::TestWLIdAllocator::test_reserve_adjacent_ranges_allowed
tests/integrations/test_wl307_wl_id_allocator.py::TestWLIdAllocator::test_next_available_empty
tests/integrations/test_wl307_wl_id_allocator.py::TestWLIdAllocator::test_next_available_after_zero
tests/integrations/test_wl307_wl_id_allocator.py::TestWLIdAllocator::test_next_available_with_reservations
tests/integrations/test_wl307_wl_id_allocator.py::TestWLIdAllocator::test_next_available_after_reserved
tests/integrations/test_wl307_wl_id_allocator.py::TestWLIdAllocator::test_next_available_with_gap
tests/integrations/test_wl307_wl_id_allocator.py::TestWLIdAllocator::test_is_reserved_empty
tests/integrations/test_wl307_wl_id_allocator.py::TestWLIdAllocator::test_is_reserved_within_range
tests/integrations/test_wl307_wl_id_allocator.py::TestWLIdAllocator::test_is_reserved_outside_range
tests/integrations/test_wl307_wl_id_allocator.py::TestWLIdAllocator::test_list_ranges_empty
tests/integrations/test_wl307_wl_id_allocator.py::TestWLIdAllocator::test_list_ranges_single
tests/integrations/test_wl307_wl_id_allocator.py::TestWLIdAllocator::test_list_ranges_sorted
tests/integrations/test_wl307_wl_id_allocator.py::TestWLIdAllocator::test_check_overlap_empty
tests/integrations/test_wl307_wl_id_allocator.py::TestWLIdAllocator::test_check_overlap_no_overlap
tests/integrations/test_wl307_wl_id_allocator.py::TestWLIdAllocator::test_check_overlap_complete_overlap
tests/integrations/test_wl307_wl_id_allocator.py::TestWLIdAllocator::test_check_overlap_partial_overlap_start
tests/integrations/test_wl307_wl_id_allocator.py::TestWLIdAllocator::test_check_overlap_partial_overlap_end
tests/integrations/test_wl307_wl_id_allocator.py::TestWLIdAllocator::test_check_overlap_contained_in_existing
tests/integrations/test_wl307_wl_id_allocator.py::TestWLIdAllocator::test_check_overlap_contains_existing
tests/integrations/test_wl307_wl_id_allocator.py::TestWLIdAllocator::test_workflow_sequential_allocation
tests/integrations/test_wl310_merge_policy.py::TestMergeStrategy::test_enum_values
tests/integrations/test_wl310_merge_policy.py::TestMergeStrategy::test_enum_comparison
tests/integrations/test_wl310_merge_policy.py::TestMergePolicy::test_default_strategy
tests/integrations/test_wl310_merge_policy.py::TestMergePolicy::test_custom_strategy
tests/integrations/test_wl310_merge_policy.py::TestMergeConflictException::test_raise_merge_conflict
tests/integrations/test_wl310_merge_policy.py::TestLocalEditMergerInit::test_init_with_policy
tests/integrations/test_wl310_merge_policy.py::TestLocalEditMergerInit::test_init_with_default_policy
tests/integrations/test_wl310_merge_policy.py::TestLocalEditMergerMerge::test_merge_last_write_wins
tests/integrations/test_wl310_merge_policy.py::TestLocalEditMergerMerge::test_merge_remote_wins
tests/integrations/test_wl310_merge_policy.py::TestLocalEditMergerMerge::test_merge_local_wins
tests/integrations/test_wl310_merge_policy.py::TestLocalEditMergerMerge::test_merge_fail_on_conflict_no_conflict
tests/integrations/test_wl310_merge_policy.py::TestLocalEditMergerMerge::test_merge_fail_on_conflict_with_conflict
tests/integrations/test_wl310_merge_policy.py::TestLocalEditMergerMerge::test_merge_missing_field_in_local
tests/integrations/test_wl310_merge_policy.py::TestLocalEditMergerMerge::test_merge_missing_field_in_remote
tests/integrations/test_wl310_merge_policy.py::TestLocalEditMergerMergeRecord::test_merge_record_single_field
tests/integrations/test_wl310_merge_policy.py::TestLocalEditMergerMergeRecord::test_merge_record_multiple_fields
tests/integrations/test_wl310_merge_policy.py::TestLocalEditMergerMergeRecord::test_merge_record_with_remote_wins
tests/integrations/test_wl310_merge_policy.py::TestLocalEditMergerMergeRecord::test_merge_record_empty_fields
tests/integrations/test_wl310_merge_policy.py::TestLocalEditMergerMergeRecord::test_merge_record_fail_on_conflict_first_field
tests/integrations/test_wl310_merge_policy.py::TestLocalEditMergerMergeRecord::test_merge_record_fail_on_conflict_second_field
tests/integrations/test_wl310_merge_policy.py::TestLocalEditMergerMergeRecord::test_merge_record_missing_field
tests/integrations/test_wl311_versioned_mapping.py::TestMappingVersion::test_create_mapping_version
tests/integrations/test_wl311_versioned_mapping.py::TestMappingVersion::test_mapping_version_default_label
tests/integrations/test_wl311_versioned_mapping.py::TestVersionedMappingRegistryInit::test_init_creates_empty_registry
tests/integrations/test_wl311_versioned_mapping.py::TestVersionedMappingRegistryInit::test_init_sets_next_version_to_1
tests/integrations/test_wl311_versioned_mapping.py::TestVersionedMappingRegistryRegister::test_register_first_version
tests/integrations/test_wl311_versioned_mapping.py::TestVersionedMappingRegistryRegister::test_register_auto_increments_version
tests/integrations/test_wl311_versioned_mapping.py::TestVersionedMappingRegistryRegister::test_register_with_label
tests/integrations/test_wl311_versioned_mapping.py::TestVersionedMappingRegistryRegister::test_register_copies_mappings
tests/integrations/test_wl311_versioned_mapping.py::TestVersionedMappingRegistryGetVersion::test_get_version_exists
tests/integrations/test_wl311_versioned_mapping.py::TestVersionedMappingRegistryGetVersion::test_get_version_not_found
tests/integrations/test_wl311_versioned_mapping.py::TestVersionedMappingRegistryGetVersion::test_get_version_from_empty_registry
tests/integrations/test_wl311_versioned_mapping.py::TestVersionedMappingRegistryLatest::test_latest_single_version
tests/integrations/test_wl311_versioned_mapping.py::TestVersionedMappingRegistryLatest::test_latest_multiple_versions
tests/integrations/test_wl311_versioned_mapping.py::TestVersionedMappingRegistryLatest::test_latest_empty_registry
tests/integrations/test_wl311_versioned_mapping.py::TestVersionedMappingRegistryListVersions::test_list_versions_empty
tests/integrations/test_wl311_versioned_mapping.py::TestVersionedMappingRegistryListVersions::test_list_versions_single
tests/integrations/test_wl311_versioned_mapping.py::TestVersionedMappingRegistryListVersions::test_list_versions_multiple
tests/integrations/test_wl311_versioned_mapping.py::TestVersionedMappingRegistryListVersions::test_list_versions_sorted
tests/integrations/test_wl311_versioned_mapping.py::TestVersionedMappingRegistryResolve::test_resolve_with_specific_version
tests/integrations/test_wl311_versioned_mapping.py::TestVersionedMappingRegistryResolve::test_resolve_with_latest_version
tests/integrations/test_wl311_versioned_mapping.py::TestVersionedMappingRegistryResolve::test_resolve_key_not_found_in_version
tests/integrations/test_wl311_versioned_mapping.py::TestVersionedMappingRegistryResolve::test_resolve_version_not_found
tests/integrations/test_wl311_versioned_mapping.py::TestVersionedMappingRegistryResolve::test_resolve_no_versions
tests/integrations/test_wl311_versioned_mapping.py::TestVersionedMappingRegistryResolve::test_resolve_different_keys_across_versions
tests/integrations/test_wl312_policy_checksum.py::TestPolicyChecksum::test_create_policy_checksum
tests/integrations/test_wl312_policy_checksum.py::TestPolicyChecksumDriftDetector::test_compute_checksum_simple
tests/integrations/test_wl312_policy_checksum.py::TestPolicyChecksumDriftDetector::test_compute_checksum_deterministic
tests/integrations/test_wl312_policy_checksum.py::TestPolicyChecksumDriftDetector::test_compute_checksum_order_independent
tests/integrations/test_wl312_policy_checksum.py::TestPolicyChecksumDriftDetector::test_compute_checksum_value_changes
tests/integrations/test_wl312_policy_checksum.py::TestPolicyChecksumDriftDetector::test_compute_checksum_empty_dict
tests/integrations/test_wl312_policy_checksum.py::TestPolicyChecksumDriftDetector::test_compute_checksum_nested_dict
tests/integrations/test_wl312_policy_checksum.py::TestPolicyChecksumDriftDetector::test_record_baseline
tests/integrations/test_wl312_policy_checksum.py::TestPolicyChecksumDriftDetector::test_record_baseline_overwrites_previous
tests/integrations/test_wl312_policy_checksum.py::TestPolicyChecksumDriftDetector::test_check_drift_no_baseline_raises_error
tests/integrations/test_wl312_policy_checksum.py::TestPolicyChecksumDriftDetector::test_check_drift_no_drift
tests/integrations/test_wl312_policy_checksum.py::TestPolicyChecksumDriftDetector::test_check_drift_with_drift
tests/integrations/test_wl312_policy_checksum.py::TestPolicyChecksumDriftDetector::test_check_drift_detects_field_addition
tests/integrations/test_wl312_policy_checksum.py::TestPolicyChecksumDriftDetector::test_check_drift_detects_field_removal
tests/integrations/test_wl312_policy_checksum.py::TestPolicyChecksumDriftDetector::test_check_drift_order_independent
tests/integrations/test_wl312_policy_checksum.py::TestPolicyChecksumDriftDetector::test_get_baseline_exists
tests/integrations/test_wl312_policy_checksum.py::TestPolicyChecksumDriftDetector::test_get_baseline_nonexistent_raises_error
tests/integrations/test_wl312_policy_checksum.py::TestPolicyChecksumDriftDetector::test_workflow_baseline_and_check
tests/integrations/test_wl312_policy_checksum.py::TestPolicyChecksumDriftDetector::test_multiple_policies
tests/integrations/test_wl314_latency_chaos.py::TestChaosConfig::test_defaults
tests/integrations/test_wl314_latency_chaos.py::TestChaosConfig::test_custom_values
tests/integrations/test_wl314_latency_chaos.py::TestLatencyChaosInjector::test_init
tests/integrations/test_wl314_latency_chaos.py::TestLatencyChaosInjector::test_compute_delay_disabled
tests/integrations/test_wl314_latency_chaos.py::TestLatencyChaosInjector::test_compute_delay_within_range
tests/integrations/test_wl314_latency_chaos.py::TestLatencyChaosInjector::test_compute_delay_seeded
tests/integrations/test_wl314_latency_chaos.py::TestLatencyChaosInjector::test_should_fail_disabled
tests/integrations/test_wl314_latency_chaos.py::TestLatencyChaosInjector::test_should_fail_zero_rate
tests/integrations/test_wl314_latency_chaos.py::TestLatencyChaosInjector::test_should_fail_unity_rate
tests/integrations/test_wl314_latency_chaos.py::TestLatencyChaosInjector::test_should_fail_seeded
tests/integrations/test_wl314_latency_chaos.py::TestLatencyChaosInjector::test_inject_returns_tuple
tests/integrations/test_wl314_latency_chaos.py::TestLatencyChaosInjector::test_inject_disabled
tests/integrations/test_wl314_latency_chaos.py::TestLatencyChaosInjector::test_with_seed_creates_new_instance
tests/integrations/test_wl314_latency_chaos.py::TestLatencyChaosInjector::test_with_seed_reproducibility
tests/integrations/test_wl315_signoff_template.py::TestGetTemplatePath::test_returns_path
tests/integrations/test_wl315_signoff_template.py::TestGetTemplatePath::test_path_ends_with_template_name
tests/integrations/test_wl315_signoff_template.py::TestGetTemplatePath::test_path_in_governance_directory
tests/integrations/test_wl315_signoff_template.py::TestGetTemplatePath::test_template_file_exists
tests/integrations/test_wl315_signoff_template.py::TestGetTemplatePath::test_template_is_file
tests/integrations/test_wl315_signoff_template.py::TestRenderTemplate::test_render_basic
tests/integrations/test_wl315_signoff_template.py::TestRenderTemplate::test_render_preserves_template_structure
tests/integrations/test_wl315_signoff_template.py::TestRenderTemplate::test_render_date_substitution
tests/integrations/test_wl315_signoff_template.py::TestRenderTemplate::test_render_reviewer_substitution
tests/integrations/test_wl315_signoff_template.py::TestRenderTemplate::test_render_environment_substitution
tests/integrations/test_wl315_signoff_template.py::TestRenderTemplate::test_render_single_connector
tests/integrations/test_wl315_signoff_template.py::TestRenderTemplate::test_render_multiple_connectors
tests/integrations/test_wl315_signoff_template.py::TestRenderTemplate::test_render_empty_connectors_list
tests/integrations/test_wl315_signoff_template.py::TestRenderTemplate::test_render_contains_checkboxes
tests/integrations/test_wl315_signoff_template.py::TestRenderTemplate::test_render_contains_validation_table
tests/integrations/test_wl315_signoff_template.py::TestRenderTemplate::test_render_contains_rollback_section
tests/integrations/test_wl319_symptom_matrix.py::TestSymptomEntry::test_creation
tests/integrations/test_wl319_symptom_matrix.py::TestSymptomEntry::test_fields
tests/integrations/test_wl319_symptom_matrix.py::TestGetSymptomMatrix::test_returns_list
tests/integrations/test_wl319_symptom_matrix.py::TestGetSymptomMatrix::test_returns_symptom_entries
tests/integrations/test_wl319_symptom_matrix.py::TestGetSymptomMatrix::test_minimum_entries
tests/integrations/test_wl319_symptom_matrix.py::TestGetSymptomMatrix::test_entry_completeness
tests/integrations/test_wl319_symptom_matrix.py::TestGetSymptomMatrix::test_contains_drift_symptom
tests/integrations/test_wl319_symptom_matrix.py::TestGetSymptomMatrix::test_contains_conflict_symptom
tests/integrations/test_wl319_symptom_matrix.py::TestGetSymptomMatrix::test_contains_auth_symptom
tests/integrations/test_wl319_symptom_matrix.py::TestGetSymptomMatrix::test_contains_rate_limit_symptom
tests/integrations/test_wl319_symptom_matrix.py::TestGetSymptomMatrix::test_contains_stuck_symptom
tests/integrations/test_wl319_symptom_matrix.py::TestFindByKeyword::test_returns_list
tests/integrations/test_wl319_symptom_matrix.py::TestFindByKeyword::test_case_insensitive_search
tests/integrations/test_wl319_symptom_matrix.py::TestFindByKeyword::test_finds_symptom_keyword
tests/integrations/test_wl319_symptom_matrix.py::TestFindByKeyword::test_finds_cause_keyword
tests/integrations/test_wl319_symptom_matrix.py::TestFindByKeyword::test_no_matches_returns_empty
tests/integrations/test_wl319_symptom_matrix.py::TestFindByKeyword::test_find_auth_issues
tests/integrations/test_wl319_symptom_matrix.py::TestFindByKeyword::test_find_conflict_issues
tests/integrations/test_wl319_symptom_matrix.py::TestFindByKeyword::test_find_rate_limit_issues
tests/integrations/test_wl319_symptom_matrix.py::TestFindByKeyword::test_search_results_contain_entries
tests/integrations/test_wl320_rollout_scorecard.py::TestScorecardCheck::test_create_passed_check
tests/integrations/test_wl320_rollout_scorecard.py::TestScorecardCheck::test_create_failed_check
tests/integrations/test_wl320_rollout_scorecard.py::TestScorecardCheck::test_check_default_details
tests/integrations/test_wl320_rollout_scorecard.py::TestRolloutScorecardInit::test_init_creates_empty_scorecard
tests/integrations/test_wl320_rollout_scorecard.py::TestRolloutScorecardInit::test_required_checks_are_defined
tests/integrations/test_wl320_rollout_scorecard.py::TestRolloutScorecardAddCheck::test_add_single_check_passed
tests/integrations/test_wl320_rollout_scorecard.py::TestRolloutScorecardAddCheck::test_add_single_check_failed
tests/integrations/test_wl320_rollout_scorecard.py::TestRolloutScorecardAddCheck::test_add_check_without_details
tests/integrations/test_wl320_rollout_scorecard.py::TestRolloutScorecardAddCheck::test_add_multiple_checks
tests/integrations/test_wl320_rollout_scorecard.py::TestRolloutScorecardAddCheck::test_add_check_overwrites_previous
tests/integrations/test_wl320_rollout_scorecard.py::TestRolloutScorecardScore::test_score_all_failed
tests/integrations/test_wl320_rollout_scorecard.py::TestRolloutScorecardScore::test_score_all_passed
tests/integrations/test_wl320_rollout_scorecard.py::TestRolloutScorecardScore::test_score_partial
tests/integrations/test_wl320_rollout_scorecard.py::TestRolloutScorecardScore::test_score_missing_checks_count_as_failed
tests/integrations/test_wl320_rollout_scorecard.py::TestRolloutScorecardIsGo::test_is_go_false_when_empty
tests/integrations/test_wl320_rollout_scorecard.py::TestRolloutScorecardIsGo::test_is_go_false_when_partial
tests/integrations/test_wl320_rollout_scorecard.py::TestRolloutScorecardIsGo::test_is_go_true_when_all_pass
tests/integrations/test_wl320_rollout_scorecard.py::TestRolloutScorecardIsGo::test_is_go_false_when_one_fails
tests/integrations/test_wl320_rollout_scorecard.py::TestRolloutScorecardSummary::test_summary_structure
tests/integrations/test_wl320_rollout_scorecard.py::TestRolloutScorecardSummary::test_summary_includes_all_required_checks
tests/integrations/test_wl320_rollout_scorecard.py::TestRolloutScorecardSummary::test_summary_missing_checks_show_as_failed
tests/integrations/test_wl320_rollout_scorecard.py::TestRolloutScorecardSummary::test_summary_score_matches_is_go
tests/integrations/test_wl320_rollout_scorecard.py::TestRolloutScorecardSummary::test_summary_includes_details
tests/integrations/test_wl320_rollout_scorecard.py::TestRolloutScorecardSummary::test_summary_empty_details_default
tests/integrations/test_wl320_rollout_scorecard.py::TestStagedRolloutProfiles::test_load_dev_staging_prod_profiles
tests/integrations/test_wl320_rollout_scorecard.py::TestStagedRolloutProfiles::test_profile_loader_rejects_unknown_profile
tests/integrations/test_wl320_rollout_scorecard.py::TestStagedRolloutProfiles::test_validate_profile_requires_prod_safety_defaults
tests/integrations/test_wl324_connector_diff_workflow.py::test_connector_diff_workflow_output_includes_dry_run_artifact_path

=================================== ERRORS ====================================
_ ERROR collecting tests/integrations/test_wl189_wl193_wl194_wl196_autosync_controls.py _
ImportError while importing test module 'C:\Users\koosh\Dev\thegent\tests\integrations\test_wl189_wl193_wl194_wl196_autosync_controls.py'.
Hint: make sure your test modules/packages have valid Python names.
Traceback:
..\..\AppData\Local\Programs\Python\Python311\Lib\importlib\__init__.py:126: in import_module
    return _bootstrap._gcd_import(name[level:], package, level)
           ^^^^^^^^^^^^^^^^^^^^^^^^^^^^^^^^^^^^^^^^^^^^^^^^^^^^
tests\integrations\test_wl189_wl193_wl194_wl196_autosync_controls.py:19: in <module>
    from thegent.utils.routing_impl.circuit_breaker import ProviderCircuitBreakerRegistry
src\thegent\utils\routing_impl\circuit_breaker.py:24: in <module>
    import pybreaker
E   ModuleNotFoundError: No module named 'pybreaker'
=========================== short test summary info ===========================
ERROR tests/integrations/test_wl189_wl193_wl194_wl196_autosync_controls.py
!!!!!!!!!!!!!!!!!!! Interrupted: 1 error during collection !!!!!!!!!!!!!!!!!!!!
847 tests collected, 1 error in 9.05s
