============================= test session starts ==============================
platform darwin -- Python 3.12.12, pytest-9.0.2, pluggy-1.6.0
rootdir: /Users/kooshapari/temp-PRODVERCEL/485/kush/thegent
configfile: pyproject.toml
plugins: anyio-4.12.1, asyncio-1.3.0
asyncio: mode=Mode.AUTO, debug=False, asyncio_default_fixture_loop_scope=None, asyncio_default_test_loop_scope=function
collected 2 items

tests/test_unit_main_install_shims.py ..                                 [100%]

============================== 2 passed in 33.60s ==============================
