tests/ui/compositor/test_app.py::test_app_title
tests/ui/compositor/test_app.py::test_app_bindings
tests/ui/compositor/test_app.py::test_app_initialization
tests/ui/compositor/test_app.py::test_app_with_session_state
tests/ui/compositor/test_app.py::test_app_action_new_pane
tests/ui/compositor/test_app.py::test_app_action_quit
tests/ui/compositor/test_app.py::test_app_css_defined
tests/ui/compositor/test_app.py::test_app_key_bindings_complete
tests/ui/compositor/test_app.py::test_app_action_split_vertical
tests/ui/compositor/test_app.py::test_app_action_split_horizontal
tests/ui/compositor/test_app.py::test_app_action_close_pane
tests/ui/compositor/test_app.py::test_app_action_close_pane_minimum
tests/ui/compositor/test_app.py::test_app_action_focus_next
tests/ui/compositor/test_app.py::test_app_update_statusbar
tests/ui/compositor/test_app.py::test_app_on_mount
tests/ui/compositor/test_basic.py::test_composite_app_init
tests/ui/compositor/test_basic.py::test_terminal_pane_init
tests/ui/compositor/test_basic.py::test_pane_manager_init
tests/ui/compositor/test_basic.py::test_session_state_init
tests/ui/compositor/test_basic.py::test_pane_manager_create_root
tests/ui/compositor/test_basic.py::test_session_state_save_and_load
tests/ui/compositor/test_basic.py::test_session_state_list_sessions
tests/ui/compositor/test_basic.py::test_terminal_pane_placeholder
tests/ui/compositor/test_basic.py::test_pane_manager_save_layout
tests/ui/compositor/test_basic.py::test_pane_manager_save_layout_with_root
tests/ui/compositor/test_compositor_caching.py::test_cache_hit_returns_same_output
tests/ui/compositor/test_compositor_caching.py::test_cache_hit_does_not_reinvoke_content_fn
tests/ui/compositor/test_compositor_caching.py::test_cache_miss_on_first_render
tests/ui/compositor/test_compositor_caching.py::test_render_list_uses_cache
tests/ui/compositor/test_compositor_caching.py::test_render_all_dict_uses_cache
tests/ui/compositor/test_compositor_caching.py::test_content_change_requires_invalidation
tests/ui/compositor/test_compositor_caching.py::test_multiple_panels_cached_independently
tests/ui/compositor/test_compositor_caching.py::test_invalidate_single_panel_clears_only_that_panel
tests/ui/compositor/test_compositor_caching.py::test_invalidate_all_panels_clears_entire_cache
tests/ui/compositor/test_compositor_caching.py::test_invalidate_unknown_panel_does_not_raise
tests/ui/compositor/test_compositor_caching.py::test_add_panel_replacement_invalidates_cache
tests/ui/compositor/test_compositor_caching.py::test_remove_panel_invalidates_cache
tests/ui/compositor/test_compositor_caching.py::test_ttl_expiry_causes_re_render
tests/ui/compositor/test_compositor_caching.py::test_error_ttl_expiry_retries_content_fn
tests/ui/compositor/test_compositor_caching.py::test_cache_stats_initial_state
tests/ui/compositor/test_compositor_caching.py::test_cache_stats_increments_correctly
tests/ui/compositor/test_compositor_caching.py::test_cache_stats_size_reflects_cache_entries
tests/ui/compositor/test_compositor_caching.py::test_cache_stats_size_decreases_after_invalidate
tests/ui/compositor/test_compositor_caching.py::test_cache_stats_typed_dict_shape
tests/ui/compositor/test_compositor_caching.py::test_error_state_is_cached_with_short_ttl
tests/ui/compositor/test_compositor_caching.py::test_error_cache_does_not_use_main_cache
tests/ui/compositor/test_compositor_caching.py::test_error_cache_obeys_maxsize
tests/ui/compositor/test_compositor_caching.py::test_recover_panel_then_render_gets_fresh_result
tests/ui/compositor/test_compositor_caching.py::test_compositor_custom_ttl_accepted
tests/ui/compositor/test_compositor_caching.py::test_compositor_custom_maxsize_accepted
tests/ui/compositor/test_compositor_error_boundaries.py::TestPanelRenderIsolation::test_render_does_not_raise_on_content_fn_exception
tests/ui/compositor/test_compositor_error_boundaries.py::TestPanelRenderIsolation::test_render_returns_default_fallback_on_exception
tests/ui/compositor/test_compositor_error_boundaries.py::TestPanelRenderIsolation::test_render_default_fallback_format
tests/ui/compositor/test_compositor_error_boundaries.py::TestPanelRenderIsolation::test_render_success_returns_content
tests/ui/compositor/test_compositor_error_boundaries.py::TestPanelRenderIsolation::test_render_catches_arbitrary_exception_types
tests/ui/compositor/test_compositor_error_boundaries.py::TestPanelRenderIsolation::test_render_catches_custom_exception_subclass
tests/ui/compositor/test_compositor_error_boundaries.py::TestPanelStringFallback::test_string_fallback_is_returned_on_error
tests/ui/compositor/test_compositor_error_boundaries.py::TestPanelStringFallback::test_string_fallback_not_used_on_success
tests/ui/compositor/test_compositor_error_boundaries.py::TestPanelStringFallback::test_empty_string_fallback
tests/ui/compositor/test_compositor_error_boundaries.py::TestPanelCallableFallback::test_callable_fallback_receives_exception
tests/ui/compositor/test_compositor_error_boundaries.py::TestPanelCallableFallback::test_callable_fallback_return_value_is_used
tests/ui/compositor/test_compositor_error_boundaries.py::TestPanelCallableFallback::test_callable_fallback_exception_falls_back_to_safe_default
tests/ui/compositor/test_compositor_error_boundaries.py::TestPanelCallableFallback::test_callable_fallback_not_called_on_success
tests/ui/compositor/test_compositor_error_boundaries.py::TestPanelLastError::test_last_error_is_none_initially
tests/ui/compositor/test_compositor_error_boundaries.py::TestPanelLastError::test_last_error_set_after_failed_render
tests/ui/compositor/test_compositor_error_boundaries.py::TestPanelLastError::test_last_error_cleared_after_successful_render
tests/ui/compositor/test_compositor_error_boundaries.py::TestPanelLastError::test_last_error_is_most_recent_exception
tests/ui/compositor/test_compositor_error_boundaries.py::TestPanelLastError::test_has_error_property_reflects_last_error
tests/ui/compositor/test_compositor_error_boundaries.py::TestPanelRecover::test_recover_clears_last_error
tests/ui/compositor/test_compositor_error_boundaries.py::TestPanelRecover::test_recover_on_healthy_panel_is_noop
tests/ui/compositor/test_compositor_error_boundaries.py::TestPanelRecover::test_render_retries_after_recover
tests/ui/compositor/test_compositor_error_boundaries.py::TestPanelRecover::test_recover_then_success_clears_has_error
tests/ui/compositor/test_compositor_error_boundaries.py::TestPanelRecover::test_has_error_false_after_recover
tests/ui/compositor/test_compositor_error_boundaries.py::TestMultiplePanelIsolation::test_failing_panel_does_not_affect_sibling_panels
tests/ui/compositor/test_compositor_error_boundaries.py::TestMultiplePanelIsolation::test_only_failing_panel_has_error_state
tests/ui/compositor/test_compositor_error_boundaries.py::TestMultiplePanelIsolation::test_multiple_failing_panels_each_track_own_error
tests/ui/compositor/test_compositor_error_boundaries.py::TestMultiplePanelIsolation::test_render_all_returns_all_panel_results
tests/ui/compositor/test_compositor_error_boundaries.py::TestMultiplePanelIsolation::test_render_count_equals_panel_count
tests/ui/compositor/test_compositor_error_boundaries.py::TestCompositorErrorHelpers::test_errored_panels_empty_when_all_healthy
tests/ui/compositor/test_compositor_error_boundaries.py::TestCompositorErrorHelpers::test_errored_panels_lists_failed_panels
tests/ui/compositor/test_compositor_error_boundaries.py::TestCompositorErrorHelpers::test_recover_panel_clears_single_panel_error
tests/ui/compositor/test_compositor_error_boundaries.py::TestCompositorErrorHelpers::test_recover_panel_returns_true_on_success
tests/ui/compositor/test_compositor_error_boundaries.py::TestCompositorErrorHelpers::test_recover_panel_returns_false_for_missing_panel
tests/ui/compositor/test_compositor_error_boundaries.py::TestCompositorErrorHelpers::test_recover_all_clears_all_error_states
tests/ui/compositor/test_compositor_error_boundaries.py::TestCompositorErrorHelpers::test_render_panel_returns_fallback_for_failing_panel
tests/ui/compositor/test_compositor_error_boundaries.py::TestCompositorErrorHelpers::test_render_panel_returns_none_for_missing_panel
tests/ui/compositor/test_compositor_error_boundaries.py::TestCompositorErrorHelpers::test_get_panel_returns_none_for_missing_name
tests/ui/compositor/test_compositor_profiling.py::test_render_profile_fields_stored_correctly
tests/ui/compositor/test_compositor_profiling.py::test_render_profile_cache_hit_defaults_to_false
tests/ui/compositor/test_compositor_profiling.py::test_render_profile_exported_from_ui
tests/ui/compositor/test_compositor_profiling.py::test_profiler_record_stores_profile
tests/ui/compositor/test_compositor_profiling.py::test_profiler_record_multiple_profiles
tests/ui/compositor/test_compositor_profiling.py::test_profiler_maxlen_evicts_oldest
tests/ui/compositor/test_compositor_profiling.py::test_get_slowest_returns_descending_order
tests/ui/compositor/test_compositor_profiling.py::test_get_slowest_respects_n
tests/ui/compositor/test_compositor_profiling.py::test_get_slowest_returns_all_when_n_exceeds_count
tests/ui/compositor/test_compositor_profiling.py::test_get_slowest_empty_profiler_returns_empty_list
tests/ui/compositor/test_compositor_profiling.py::test_get_slowest_default_n_is_5
tests/ui/compositor/test_compositor_profiling.py::test_get_average_all_panels
tests/ui/compositor/test_compositor_profiling.py::test_get_average_panel_specific
tests/ui/compositor/test_compositor_profiling.py::test_get_average_unknown_panel_returns_zero
tests/ui/compositor/test_compositor_profiling.py::test_get_average_empty_profiler_returns_zero
tests/ui/compositor/test_compositor_profiling.py::test_report_empty_returns_no_records_message
tests/ui/compositor/test_compositor_profiling.py::test_report_contains_record_count
tests/ui/compositor/test_compositor_profiling.py::test_report_contains_panel_ids
tests/ui/compositor/test_compositor_profiling.py::test_report_contains_render_times
tests/ui/compositor/test_compositor_profiling.py::test_report_contains_cache_hit_label
tests/ui/compositor/test_compositor_profiling.py::test_clear_removes_all_records
tests/ui/compositor/test_compositor_profiling.py::test_clear_then_record_works
tests/ui/compositor/test_compositor_profiling.py::test_compositor_has_profiler_attribute
tests/ui/compositor/test_compositor_profiling.py::test_render_panel_records_one_profile
tests/ui/compositor/test_compositor_profiling.py::test_render_records_one_profile_per_panel
tests/ui/compositor/test_compositor_profiling.py::test_render_all_records_one_profile_per_panel
tests/ui/compositor/test_compositor_profiling.py::test_profiler_panel_id_matches_panel_name
tests/ui/compositor/test_compositor_profiling.py::test_first_render_is_cache_miss
tests/ui/compositor/test_compositor_profiling.py::test_second_render_same_content_is_cache_hit
tests/ui/compositor/test_compositor_profiling.py::test_error_panel_render_records_profile
tests/ui/compositor/test_compositor_profiling.py::test_error_cache_hit_records_cache_hit_true
tests/ui/compositor/test_compositor_profiling.py::test_render_time_ms_is_non_negative_on_hit
tests/ui/compositor/test_compositor_profiling.py::test_render_time_ms_is_non_negative_on_miss
tests/ui/compositor/test_compositor_profiling.py::test_panel_specific_average_after_mixed_renders
tests/ui/compositor/test_pane_manager.py::TestPaneManager::test_pane_manager_initialization
tests/ui/compositor/test_pane_manager.py::TestPaneManager::test_get_focused_pane
tests/ui/compositor/test_pane_manager.py::TestPaneManager::test_split_pane_horizontal
tests/ui/compositor/test_pane_manager.py::TestPaneManager::test_split_pane_vertical
tests/ui/compositor/test_pane_manager.py::TestPaneManager::test_close_pane_single
tests/ui/compositor/test_pane_manager.py::TestPaneManager::test_close_pane_after_split
tests/ui/compositor/test_pane_manager.py::TestPaneManager::test_focus_next_single_pane
tests/ui/compositor/test_pane_manager.py::TestPaneManager::test_focus_next_multiple_panes
tests/ui/compositor/test_pane_manager.py::TestPaneManager::test_get_all_panes
tests/ui/compositor/test_pane_manager.py::TestPaneManager::test_save_layout
tests/ui/compositor/test_pane_manager.py::TestPaneManager::test_restore_layout
tests/ui/compositor/test_pane_manager.py::TestPaneManager::test_close_pane_keeps_focus_on_leaf
tests/ui/compositor/test_pane_manager.py::TestPaneManager::test_restore_layout_advances_next_pane_id
tests/ui/compositor/test_pane_manager.py::TestPaneManager::test_restore_layout_invalid
tests/ui/compositor/test_pane_manager.py::TestPaneManager::test_get_pane_by_id
tests/ui/compositor/test_phase1_lifecycle.py::TestOnMountLifecycle::test_on_mount_initializes_state
tests/ui/compositor/test_phase1_lifecycle.py::TestOnMountLifecycle::test_on_mount_creates_root_pane
tests/ui/compositor/test_phase1_lifecycle.py::TestOnMountLifecycle::test_on_mount_sets_pane_count
tests/ui/compositor/test_phase1_lifecycle.py::TestOnMountLifecycle::test_on_mount_initializes_title_and_subtitle
tests/ui/compositor/test_phase1_lifecycle.py::TestOnMountLifecycle::test_on_mount_initializes_error_tracking
tests/ui/compositor/test_phase1_lifecycle.py::TestOnMountLifecycle::test_on_mount_handles_initialization_error
tests/ui/compositor/test_phase1_lifecycle.py::TestOnUnmountLifecycle::test_on_unmount_closes_all_panes
tests/ui/compositor/test_phase1_lifecycle.py::TestOnUnmountLifecycle::test_on_unmount_saves_session_state
tests/ui/compositor/test_phase1_lifecycle.py::TestOnUnmountLifecycle::test_on_unmount_clears_pane_widgets
tests/ui/compositor/test_phase1_lifecycle.py::TestOnUnmountLifecycle::test_on_unmount_handles_cleanup_errors
tests/ui/compositor/test_phase1_lifecycle.py::TestTerminalPaneShellSpawning::test_spawn_shell_allocates_pty
tests/ui/compositor/test_phase1_lifecycle.py::TestTerminalPaneShellSpawning::test_spawn_shell_uses_correct_working_dir
tests/ui/compositor/test_phase1_lifecycle.py::TestTerminalPaneShellSpawning::test_spawn_shell_fallback_on_missing_shell
tests/ui/compositor/test_phase1_lifecycle.py::TestTerminalPaneShellSpawning::test_spawn_shell_fallback_on_invalid_cwd
tests/ui/compositor/test_phase1_lifecycle.py::TestTerminalPaneShellSpawning::test_spawn_shell_handles_pty_import_error
tests/ui/compositor/test_phase1_lifecycle.py::TestTerminalPaneShellSpawning::test_spawn_shell_raises_on_spawn_failure
tests/ui/compositor/test_phase1_lifecycle.py::TestTerminalPaneOnMount::test_terminal_pane_on_mount_spawns_shell
tests/ui/compositor/test_phase1_lifecycle.py::TestTerminalPaneOnMount::test_terminal_pane_on_mount_logs_success
tests/ui/compositor/test_phase1_lifecycle.py::TestTerminalPaneOnMount::test_terminal_pane_on_mount_handles_spawn_error
tests/ui/compositor/test_phase1_lifecycle.py::TestTerminalPaneClose::test_close_terminates_process
tests/ui/compositor/test_phase1_lifecycle.py::TestTerminalPaneClose::test_close_handles_timeout
tests/ui/compositor/test_phase1_lifecycle.py::TestTerminalPaneClose::test_close_clears_pty_master
tests/ui/compositor/test_phase1_lifecycle.py::TestTerminalPaneClose::test_close_without_process
tests/ui/compositor/test_phase1_lifecycle.py::TestTerminalPaneClose::test_close_handles_cleanup_errors
tests/ui/compositor/test_phase1_lifecycle.py::TestErrorBoundaries::test_action_error_handling
tests/ui/compositor/test_phase1_lifecycle.py::TestErrorBoundaries::test_close_pane_action_cleanup_on_error
tests/ui/compositor/test_phase1_lifecycle.py::TestErrorBoundaries::test_retry_pane_action
tests/ui/compositor/test_phase1_lifecycle.py::TestCompositionCaching::test_pane_widget_reuse
tests/ui/compositor/test_phase1_lifecycle.py::TestCompositionCaching::test_pane_widget_lifecycle
tests/ui/compositor/test_phase1_lifecycle.py::TestPaneManagerIntegration::test_pane_manager_create_root
tests/ui/compositor/test_phase1_lifecycle.py::TestPaneManagerIntegration::test_pane_manager_split_pane
tests/ui/compositor/test_phase1_lifecycle.py::TestPaneManagerIntegration::test_pane_manager_close_pane
tests/ui/compositor/test_phase1_lifecycle.py::TestPaneManagerIntegration::test_pane_manager_focus_next
tests/ui/compositor/test_phase1_lifecycle.py::TestPaneManagerIntegration::test_pane_manager_save_layout
tests/ui/compositor/test_phase1_lifecycle.py::TestPaneManagerIntegration::test_pane_manager_restore_layout
tests/ui/compositor/test_phase1_lifecycle.py::TestSessionStatePersistence::test_session_state_save_on_unmount
tests/ui/compositor/test_phase1_lifecycle.py::TestSessionStatePersistence::test_session_state_includes_layout
tests/ui/compositor/test_phase1_lifecycle.py::TestSessionStatePersistence::test_session_state_includes_pane_count
tests/ui/compositor/test_phase1_lifecycle.py::TestMultiplePaneLifecycle::test_split_multiple_times
tests/ui/compositor/test_phase1_lifecycle.py::TestMultiplePaneLifecycle::test_split_and_close_sequence
tests/ui/compositor/test_phase1_lifecycle.py::TestMultiplePaneLifecycle::test_focus_rotation
tests/ui/compositor/test_phase1_lifecycle.py::TestPhase1AcceptanceCriteria::test_ac1_on_mount_spawns_shells
tests/ui/compositor/test_phase1_lifecycle.py::TestPhase1AcceptanceCriteria::test_ac2_on_unmount_terminates_processes
tests/ui/compositor/test_phase1_lifecycle.py::TestPhase1AcceptanceCriteria::test_ac3_error_boundaries_catch_failures
tests/ui/compositor/test_phase1_lifecycle.py::TestPhase1AcceptanceCriteria::test_ac4_app_responsive_after_errors
tests/ui/compositor/test_phase1_lifecycle.py::TestPhase1AcceptanceCriteria::test_ac5_test_coverage_phase1
tests/ui/compositor/test_session_state.py::TestSessionState::test_session_state_initialization
tests/ui/compositor/test_session_state.py::TestSessionState::test_session_state_accepts_session_dir
tests/ui/compositor/test_session_state.py::TestSessionState::test_session_name_cannot_escape_session_dir
tests/ui/compositor/test_session_state.py::TestSessionState::test_save_session
tests/ui/compositor/test_session_state.py::TestSessionState::test_load_session
tests/ui/compositor/test_session_state.py::TestSessionState::test_load_nonexistent_session
tests/ui/compositor/test_session_state.py::TestSessionState::test_delete_session
tests/ui/compositor/test_session_state.py::TestSessionState::test_list_sessions
tests/ui/compositor/test_session_state.py::TestSessionState::test_session_exists
tests/ui/compositor/test_session_state.py::TestSessionState::test_session_round_trip
tests/ui/compositor/test_terminal_pane.py::TestTerminalPaneInitialization::test_terminal_pane_initialization
tests/ui/compositor/test_terminal_pane.py::TestTerminalPaneInitialization::test_terminal_pane_default_dir
tests/ui/compositor/test_terminal_pane.py::TestTerminalPaneInitialization::test_terminal_pane_with_name
tests/ui/compositor/test_terminal_pane.py::TestTerminalPaneInitialization::test_terminal_pane_placeholder_render
tests/ui/compositor/test_terminal_pane.py::TestTerminalPaneShellSpawning::test_terminal_pane_spawn_shell_basic
tests/ui/compositor/test_terminal_pane.py::TestTerminalPaneShellSpawning::test_terminal_pane_spawn_shell_nonexistent
tests/ui/compositor/test_terminal_pane.py::TestTerminalPaneShellSpawning::test_terminal_pane_spawn_shell_invalid_cwd
tests/ui/compositor/test_terminal_pane.py::TestTerminalPaneShellSpawning::test_terminal_pane_close_without_process
tests/ui/compositor/test_terminal_pane.py::TestTerminalPaneCleanup::test_terminal_pane_cleanup_process
tests/ui/compositor/test_terminal_pane.py::TestTerminalPaneCleanup::test_terminal_pane_multiple_close_calls
tests/ui/compositor/test_ui_rendering.py::TestCompositorIntegration::test_basic_workflow
tests/ui/compositor/test_ui_rendering.py::TestCompositorIntegration::test_session_persistence
tests/ui/compositor/test_ui_rendering.py::TestCompositorIntegration::test_focus_rotation
tests/ui/compositor/test_ui_rendering.py::TestCompositorIntegration::test_complex_split_operations
tests/ui/compositor/test_ui_rendering.py::TestCompositorIntegration::test_layout_serialization_fidelity
tests/ui/test_cli_compositor.py::test_progress_panel_advance_increments_progress
tests/ui/test_cli_compositor.py::test_progress_panel_advance_updates_description
tests/ui/test_cli_compositor.py::test_progress_panel_complete_fills_to_total
tests/ui/test_cli_compositor.py::test_progress_panel_render_returns_string
tests/ui/test_cli_compositor.py::test_status_panel_render_calls_content_fn
tests/ui/test_cli_compositor.py::test_status_panel_render_error_boundary
tests/ui/test_cli_compositor.py::test_add_progress_creates_panel
tests/ui/test_cli_compositor.py::test_add_progress_replaces_existing_panel
tests/ui/test_cli_compositor.py::test_add_progress_wires_compositor_panel
tests/ui/test_cli_compositor.py::test_update_progress_advances_panel
tests/ui/test_cli_compositor.py::test_update_progress_changes_description
tests/ui/test_cli_compositor.py::test_update_progress_raises_on_missing_name
tests/ui/test_cli_compositor.py::test_complete_progress_fills_task
tests/ui/test_cli_compositor.py::test_complete_progress_raises_on_missing_name
tests/ui/test_cli_compositor.py::test_remove_progress_returns_true_on_success
tests/ui/test_cli_compositor.py::test_remove_progress_returns_false_when_absent
tests/ui/test_cli_compositor.py::test_add_status_line_adds_panel
tests/ui/test_cli_compositor.py::test_add_status_line_replaces_existing
tests/ui/test_cli_compositor.py::test_remove_status_line_returns_true_on_success
tests/ui/test_cli_compositor.py::test_remove_status_line_returns_false_when_absent
tests/ui/test_cli_compositor.py::test_render_returns_table
tests/ui/test_cli_compositor.py::test_contains_returns_true_for_progress_panel
tests/ui/test_cli_compositor.py::test_contains_returns_true_for_status_panel
tests/ui/test_cli_compositor.py::test_contains_returns_false_when_absent
tests/ui/test_cli_compositor.py::test_len_counts_all_panels
tests/ui/test_cli_compositor.py::test_progress_panel_names_order
tests/ui/test_cli_compositor.py::test_status_panel_names_order
tests/ui/test_cli_compositor.py::test_context_manager_starts_and_stops
tests/ui/test_cli_compositor.py::test_make_cli_compositor_returns_instance
tests/ui/test_compositor_lifecycle.py::test_on_mount_called_on_add_panel
tests/ui/test_compositor_lifecycle.py::test_on_mount_receives_panel_instance
tests/ui/test_compositor_lifecycle.py::test_on_mount_called_for_each_panel_added
tests/ui/test_compositor_lifecycle.py::test_on_unmount_called_on_remove_panel
tests/ui/test_compositor_lifecycle.py::test_on_unmount_receives_panel_instance
tests/ui/test_compositor_lifecycle.py::test_on_unmount_not_called_for_missing_panel
tests/ui/test_compositor_lifecycle.py::test_remove_panel_returns_true_on_success
tests/ui/test_compositor_lifecycle.py::test_panel_not_present_after_remove
tests/ui/test_compositor_lifecycle.py::test_on_mount_exception_does_not_crash_compositor
tests/ui/test_compositor_lifecycle.py::test_on_unmount_exception_does_not_crash_compositor
tests/ui/test_compositor_lifecycle.py::test_mount_exception_logged
tests/ui/test_compositor_lifecycle.py::test_unmount_exception_logged
tests/ui/test_compositor_lifecycle.py::test_none_on_mount_does_not_raise
tests/ui/test_compositor_lifecycle.py::test_none_on_unmount_does_not_raise
tests/ui/test_compositor_lifecycle.py::test_panel_with_both_hooks_none
tests/ui/test_compositor_lifecycle.py::test_multiple_panels_independent_mount_hooks
tests/ui/test_compositor_lifecycle.py::test_multiple_panels_independent_unmount_hooks
tests/ui/test_compositor_lifecycle.py::test_one_panel_bad_hook_does_not_affect_others
tests/ui/test_compositor_lifecycle.py::test_replacing_panel_fires_old_unmount_then_new_mount
tests/ui/test_compositor_lifecycle.py::test_replaced_panel_is_no_longer_retrievable_via_render
tests/ui/test_compositor_lifecycle.py::test_render_returns_content_in_insertion_order
tests/ui/test_compositor_lifecycle.py::test_render_empty_compositor_returns_empty_list
tests/ui/test_compositor_lifecycle.py::test_render_swallows_content_fn_exception
tests/ui/test_compositor_lifecycle.py::test_render_continues_after_one_panel_error
tests/ui/test_compositor_lifecycle.py::test_len_reflects_panel_count
tests/ui/test_compositor_lifecycle.py::test_contains_returns_true_for_present_panel
tests/ui/test_compositor_lifecycle.py::test_contains_returns_false_for_absent_panel
tests/ui/test_compositor_lifecycle.py::test_panel_names_returns_ordered_list
tests/ui/test_compositor_manager.py::test_render_all_empty_manager_returns_empty_string
tests/ui/test_compositor_manager.py::test_empty_manager_len_is_zero
tests/ui/test_compositor_manager.py::test_add_compositor_increases_len
tests/ui/test_compositor_manager.py::test_add_compositor_slot_present_in_manager
tests/ui/test_compositor_manager.py::test_add_compositor_multiple_slots
tests/ui/test_compositor_manager.py::test_remove_compositor_returns_true_on_success
tests/ui/test_compositor_manager.py::test_remove_compositor_returns_false_for_missing
tests/ui/test_compositor_manager.py::test_remove_compositor_slot_absent_after_removal
tests/ui/test_compositor_manager.py::test_get_compositor_returns_compositor_instance
tests/ui/test_compositor_manager.py::test_get_compositor_returns_none_for_missing_slot
tests/ui/test_compositor_manager.py::test_get_focused_returns_none_on_empty_manager
tests/ui/test_compositor_manager.py::test_focus_sets_focused_slot
tests/ui/test_compositor_manager.py::test_first_slot_auto_focused
tests/ui/test_compositor_manager.py::test_switch_layout_changes_layout
tests/ui/test_compositor_manager.py::test_default_layout_is_single
tests/ui/test_compositor_manager.py::test_render_all_single_contains_content
tests/ui/test_compositor_manager.py::test_render_all_single_only_renders_first_slot
tests/ui/test_compositor_manager.py::test_render_all_split_h_contains_both_contents
tests/ui/test_compositor_manager.py::test_render_all_split_h_columns_on_same_line
tests/ui/test_compositor_manager.py::test_render_all_split_v_contains_all_content
tests/ui/test_compositor_manager.py::test_render_all_split_v_slots_on_separate_lines
tests/ui/test_compositor_manager.py::test_render_all_grid_2x2_four_slots
tests/ui/test_compositor_manager.py::test_render_all_grid_2x2_single_slot
tests/ui/test_compositor_manager.py::test_render_all_output_contains_box_corners
tests/ui/test_compositor_manager.py::test_render_all_output_contains_horizontal_border
tests/ui/test_compositor_manager.py::test_focused_slot_shows_star_indicator
tests/ui/test_compositor_manager.py::test_unfocused_slot_does_not_show_star
tests/ui/test_compositor_manager.py::test_distribute_widths_equal_weights
tests/ui/test_compositor_manager.py::test_distribute_widths_unequal_weights
tests/ui/test_compositor_manager.py::test_distribute_widths_empty_slots
tests/ui/test_compositor_manager.py::test_compositor_slot_zero_weight_raises
tests/ui/test_compositor_manager.py::test_compositor_slot_negative_weight_raises
tests/ui/test_compositor_manager.py::test_auto_focus_first_slot_on_first_add
tests/ui/test_compositor_manager.py::test_focus_moves_to_next_slot_after_focused_removed
tests/ui/test_compositor_manager.py::test_focus_is_none_after_last_slot_removed
tests/ui/test_compositor_manager.py::test_focus_raises_key_error_for_missing_slot
tests/ui/test_compositor_manager.py::test_len_and_contains_after_add_remove
tests/ui/test_compositor_manager.py::test_slot_ids_returns_insertion_order
tests/ui/test_compositor_manager.py::test_render_all_with_erroring_panel_does_not_raise
tests/ui/test_compositor_manager.py::test_render_all_grid_2x2_overflow_slots_included
tests/ui/test_compositor_manager.py::test_replace_existing_slot_updates_compositor

305 tests collected in 5.16s
