Archiving KooshaPari/vibeproxy ...
Archiving KooshaPari/router-docs ...
Archiving KooshaPari/P2 ...
Archiving KooshaPari/472-P2-Flame-War ...
Archiving KooshaPari/ccusage ...
Archiving KooshaPari/KDesktopVirt ...
Archiving KooshaPari/KVirtualStage ...
Archiving KooshaPari/RIP-Fitness-App ...
Archiving KooshaPari/kmobile ...
Archiving KooshaPari/CSE445-A4 ...
Archiving KooshaPari/localbase-3 ...
Archiving KooshaPari/localbase-2 ...
Archiving KooshaPari/netweave-final ...
Archiving KooshaPari/go-nippon ...
Archiving KooshaPari/330p5 ...
Archiving KooshaPari/Frostify ...
Archiving KooshaPari/hoohacks ...
Archiving KooshaPari/340-p2 ...
Archiving KooshaPari/340P1 ...
Archiving KooshaPari/odin-dash ...
Archiving KooshaPari/ssToCal-front ...
Archiving KooshaPari/canvasApp ...
Archiving KooshaPari/odin-restaurant ...
Archiving KooshaPari/Project-Spyn ...
