mode: set
github.com/byteport/api/internal/infrastructure/auth/workos_service.go:26.56,28.2 1 0
github.com/byteport/api/internal/infrastructure/auth/workos_service.go:30.45,32.2 1 0
github.com/byteport/api/internal/infrastructure/auth/workos_service.go:43.79,47.2 1 1
github.com/byteport/api/internal/infrastructure/auth/workos_service.go:50.67,52.16 2 1
github.com/byteport/api/internal/infrastructure/auth/workos_service.go:52.16,54.3 1 1
github.com/byteport/api/internal/infrastructure/auth/workos_service.go:57.2,62.12 2 1
github.com/byteport/api/internal/infrastructure/auth/workos_service.go:66.97,67.21 1 1
github.com/byteport/api/internal/infrastructure/auth/workos_service.go:67.21,69.3 1 1
github.com/byteport/api/internal/infrastructure/auth/workos_service.go:72.2,78.16 3 1
github.com/byteport/api/internal/infrastructure/auth/workos_service.go:78.16,80.3 1 1
github.com/byteport/api/internal/infrastructure/auth/workos_service.go:82.2,82.22 1 1
github.com/byteport/api/internal/infrastructure/auth/workos_service.go:109.100,110.36 1 1
github.com/byteport/api/internal/infrastructure/auth/workos_service.go:110.36,112.3 1 1
github.com/byteport/api/internal/infrastructure/auth/workos_service.go:115.2,115.76 1 1
github.com/byteport/api/internal/infrastructure/auth/workos_service.go:115.76,117.3 1 1
github.com/byteport/api/internal/infrastructure/auth/workos_service.go:120.2,121.16 2 1
github.com/byteport/api/internal/infrastructure/auth/workos_service.go:121.16,123.3 1 1
github.com/byteport/api/internal/infrastructure/auth/workos_service.go:126.2,127.34 2 0
github.com/byteport/api/internal/infrastructure/auth/workos_service.go:127.34,129.3 1 0
github.com/byteport/api/internal/infrastructure/auth/workos_service.go:132.2,133.16 2 0
github.com/byteport/api/internal/infrastructure/auth/workos_service.go:133.16,135.3 1 0
github.com/byteport/api/internal/infrastructure/auth/workos_service.go:138.2,140.16 3 0
github.com/byteport/api/internal/infrastructure/auth/workos_service.go:140.16,142.3 1 0
github.com/byteport/api/internal/infrastructure/auth/workos_service.go:145.2,147.17 1 0
github.com/byteport/api/internal/infrastructure/auth/workos_service.go:147.17,149.3 1 0
github.com/byteport/api/internal/infrastructure/auth/workos_service.go:152.2,160.78 2 0
github.com/byteport/api/internal/infrastructure/auth/workos_service.go:160.78,163.25 3 0
github.com/byteport/api/internal/infrastructure/auth/workos_service.go:163.25,165.4 1 0
github.com/byteport/api/internal/infrastructure/auth/workos_service.go:168.2,168.22 1 0
github.com/byteport/api/internal/infrastructure/auth/workos_service.go:172.78,175.20 2 1
github.com/byteport/api/internal/infrastructure/auth/workos_service.go:175.20,177.3 1 0
github.com/byteport/api/internal/infrastructure/auth/workos_service.go:179.2,181.20 3 1
github.com/byteport/api/internal/infrastructure/auth/workos_service.go:181.20,183.3 1 1
github.com/byteport/api/internal/infrastructure/auth/workos_service.go:185.2,190.8 1 1
github.com/byteport/api/internal/infrastructure/auth/workos_service.go:194.105,197.16 2 1
github.com/byteport/api/internal/infrastructure/auth/workos_service.go:197.16,199.3 1 1
github.com/byteport/api/internal/infrastructure/auth/workos_service.go:200.2,202.38 2 1
github.com/byteport/api/internal/infrastructure/auth/workos_service.go:202.38,204.3 1 0
github.com/byteport/api/internal/infrastructure/auth/workos_service.go:206.2,207.16 2 1
github.com/byteport/api/internal/infrastructure/auth/workos_service.go:207.16,209.3 1 0
github.com/byteport/api/internal/infrastructure/auth/workos_service.go:211.2,212.52 2 1
github.com/byteport/api/internal/infrastructure/auth/workos_service.go:212.52,214.3 1 0
github.com/byteport/api/internal/infrastructure/auth/workos_service.go:217.2,218.32 2 1
github.com/byteport/api/internal/infrastructure/auth/workos_service.go:218.32,219.36 1 1
github.com/byteport/api/internal/infrastructure/auth/workos_service.go:219.36,221.9 2 1
github.com/byteport/api/internal/infrastructure/auth/workos_service.go:225.2,225.24 1 1
github.com/byteport/api/internal/infrastructure/auth/workos_service.go:225.24,227.3 1 0
github.com/byteport/api/internal/infrastructure/auth/workos_service.go:230.2,231.9 2 1
github.com/byteport/api/internal/infrastructure/auth/workos_service.go:231.9,233.3 1 0
github.com/byteport/api/internal/infrastructure/auth/workos_service.go:235.2,235.23 1 1
github.com/byteport/api/internal/infrastructure/auth/workos_service.go:239.91,240.21 1 1
github.com/byteport/api/internal/infrastructure/auth/workos_service.go:240.21,242.3 1 1
github.com/byteport/api/internal/infrastructure/auth/workos_service.go:244.2,245.16 2 1
github.com/byteport/api/internal/infrastructure/auth/workos_service.go:245.16,247.3 1 0
github.com/byteport/api/internal/infrastructure/auth/workos_service.go:251.2,256.21 2 1
github.com/byteport/api/internal/infrastructure/auth/workos_service.go:260.108,261.21 1 1
github.com/byteport/api/internal/infrastructure/auth/workos_service.go:261.21,263.3 1 1
github.com/byteport/api/internal/infrastructure/auth/workos_service.go:265.2,265.35 1 1
github.com/byteport/api/internal/infrastructure/auth/workos_service.go:265.35,267.3 1 1
github.com/byteport/api/internal/infrastructure/auth/workos_service.go:270.2,270.74 1 1
github.com/byteport/api/internal/infrastructure/auth/workos_service.go:270.74,272.3 1 1
github.com/byteport/api/internal/infrastructure/auth/workos_service.go:275.2,276.16 2 0
github.com/byteport/api/internal/infrastructure/auth/workos_service.go:276.16,278.3 1 0
github.com/byteport/api/internal/infrastructure/auth/workos_service.go:281.2,282.16 2 0
github.com/byteport/api/internal/infrastructure/auth/workos_service.go:282.16,284.3 1 0
github.com/byteport/api/internal/infrastructure/auth/workos_service.go:286.2,286.23 1 0
github.com/byteport/api/internal/infrastructure/auth/workos_service.go:290.89,293.20 2 1
github.com/byteport/api/internal/infrastructure/auth/workos_service.go:293.20,295.3 1 1
github.com/byteport/api/internal/infrastructure/auth/workos_service.go:297.2,299.20 3 1
github.com/byteport/api/internal/infrastructure/auth/workos_service.go:299.20,301.3 1 1
github.com/byteport/api/internal/infrastructure/auth/workos_service.go:304.2,311.8 2 1
github.com/byteport/api/internal/infrastructure/auth/workos_service.go:315.130,328.16 4 1
github.com/byteport/api/internal/infrastructure/auth/workos_service.go:328.16,330.3 1 0
github.com/byteport/api/internal/infrastructure/auth/workos_service.go:333.2,334.16 2 1
github.com/byteport/api/internal/infrastructure/auth/workos_service.go:334.16,336.3 1 0
github.com/byteport/api/internal/infrastructure/auth/workos_service.go:338.2,343.16 5 1
github.com/byteport/api/internal/infrastructure/auth/workos_service.go:343.16,345.3 1 1
github.com/byteport/api/internal/infrastructure/auth/workos_service.go:346.2,348.38 2 1
github.com/byteport/api/internal/infrastructure/auth/workos_service.go:348.38,351.3 2 0
github.com/byteport/api/internal/infrastructure/auth/workos_service.go:354.2,355.16 2 1
github.com/byteport/api/internal/infrastructure/auth/workos_service.go:355.16,357.3 1 0
github.com/byteport/api/internal/infrastructure/auth/workos_service.go:359.2,366.58 2 1
github.com/byteport/api/internal/infrastructure/auth/workos_service.go:366.58,368.3 1 0
github.com/byteport/api/internal/infrastructure/auth/workos_service.go:371.2,376.8 1 1
github.com/byteport/api/internal/infrastructure/auth/workos_service.go:388.58,389.30 1 1
github.com/byteport/api/internal/infrastructure/auth/workos_service.go:389.30,391.23 2 1
github.com/byteport/api/internal/infrastructure/auth/workos_service.go:391.23,398.4 3 1
github.com/byteport/api/internal/infrastructure/auth/workos_service.go:400.3,401.46 2 1
github.com/byteport/api/internal/infrastructure/auth/workos_service.go:401.46,408.4 3 1
github.com/byteport/api/internal/infrastructure/auth/workos_service.go:410.3,412.17 3 1
github.com/byteport/api/internal/infrastructure/auth/workos_service.go:412.17,419.4 3 1
github.com/byteport/api/internal/infrastructure/auth/workos_service.go:422.3,426.11 4 1
github.com/byteport/api/internal/infrastructure/auth/workos_service.go:431.66,432.30 1 1
github.com/byteport/api/internal/infrastructure/auth/workos_service.go:432.30,434.23 2 1
github.com/byteport/api/internal/infrastructure/auth/workos_service.go:434.23,436.47 2 1
github.com/byteport/api/internal/infrastructure/auth/workos_service.go:436.47,438.81 2 1
github.com/byteport/api/internal/infrastructure/auth/workos_service.go:438.81,442.6 3 1
github.com/byteport/api/internal/infrastructure/auth/workos_service.go:445.3,445.11 1 1
