mode: set
github.com/byteport/api/internal/infrastructure/auth/workos_service.go:35.79,39.2 1 1
github.com/byteport/api/internal/infrastructure/auth/workos_service.go:42.67,44.16 2 1
github.com/byteport/api/internal/infrastructure/auth/workos_service.go:44.16,46.3 1 1
github.com/byteport/api/internal/infrastructure/auth/workos_service.go:49.2,54.12 2 1
github.com/byteport/api/internal/infrastructure/auth/workos_service.go:58.97,59.21 1 1
github.com/byteport/api/internal/infrastructure/auth/workos_service.go:59.21,61.3 1 1
github.com/byteport/api/internal/infrastructure/auth/workos_service.go:64.2,70.16 3 1
github.com/byteport/api/internal/infrastructure/auth/workos_service.go:70.16,72.3 1 1
github.com/byteport/api/internal/infrastructure/auth/workos_service.go:74.2,74.22 1 1
github.com/byteport/api/internal/infrastructure/auth/workos_service.go:101.100,102.36 1 1
github.com/byteport/api/internal/infrastructure/auth/workos_service.go:102.36,104.3 1 1
github.com/byteport/api/internal/infrastructure/auth/workos_service.go:107.2,107.76 1 1
github.com/byteport/api/internal/infrastructure/auth/workos_service.go:107.76,109.3 1 1
github.com/byteport/api/internal/infrastructure/auth/workos_service.go:112.2,113.16 2 1
github.com/byteport/api/internal/infrastructure/auth/workos_service.go:113.16,115.3 1 1
github.com/byteport/api/internal/infrastructure/auth/workos_service.go:118.2,119.34 2 0
github.com/byteport/api/internal/infrastructure/auth/workos_service.go:119.34,121.3 1 0
github.com/byteport/api/internal/infrastructure/auth/workos_service.go:124.2,125.16 2 0
github.com/byteport/api/internal/infrastructure/auth/workos_service.go:125.16,127.3 1 0
github.com/byteport/api/internal/infrastructure/auth/workos_service.go:130.2,132.16 3 0
github.com/byteport/api/internal/infrastructure/auth/workos_service.go:132.16,134.3 1 0
github.com/byteport/api/internal/infrastructure/auth/workos_service.go:137.2,139.17 1 0
github.com/byteport/api/internal/infrastructure/auth/workos_service.go:139.17,141.3 1 0
github.com/byteport/api/internal/infrastructure/auth/workos_service.go:144.2,152.78 2 0
github.com/byteport/api/internal/infrastructure/auth/workos_service.go:152.78,155.25 3 0
github.com/byteport/api/internal/infrastructure/auth/workos_service.go:155.25,157.4 1 0
github.com/byteport/api/internal/infrastructure/auth/workos_service.go:160.2,160.22 1 0
github.com/byteport/api/internal/infrastructure/auth/workos_service.go:164.78,167.20 2 1
github.com/byteport/api/internal/infrastructure/auth/workos_service.go:167.20,169.3 1 0
github.com/byteport/api/internal/infrastructure/auth/workos_service.go:171.2,173.20 3 1
github.com/byteport/api/internal/infrastructure/auth/workos_service.go:173.20,175.3 1 1
github.com/byteport/api/internal/infrastructure/auth/workos_service.go:177.2,182.8 1 1
github.com/byteport/api/internal/infrastructure/auth/workos_service.go:186.105,189.16 2 1
github.com/byteport/api/internal/infrastructure/auth/workos_service.go:189.16,191.3 1 0
github.com/byteport/api/internal/infrastructure/auth/workos_service.go:192.2,194.38 2 1
github.com/byteport/api/internal/infrastructure/auth/workos_service.go:194.38,196.3 1 1
github.com/byteport/api/internal/infrastructure/auth/workos_service.go:198.2,199.16 2 0
github.com/byteport/api/internal/infrastructure/auth/workos_service.go:199.16,201.3 1 0
github.com/byteport/api/internal/infrastructure/auth/workos_service.go:203.2,204.52 2 0
github.com/byteport/api/internal/infrastructure/auth/workos_service.go:204.52,206.3 1 0
github.com/byteport/api/internal/infrastructure/auth/workos_service.go:209.2,210.32 2 0
github.com/byteport/api/internal/infrastructure/auth/workos_service.go:210.32,211.36 1 0
github.com/byteport/api/internal/infrastructure/auth/workos_service.go:211.36,213.9 2 0
github.com/byteport/api/internal/infrastructure/auth/workos_service.go:217.2,217.24 1 0
github.com/byteport/api/internal/infrastructure/auth/workos_service.go:217.24,219.3 1 0
github.com/byteport/api/internal/infrastructure/auth/workos_service.go:222.2,223.9 2 0
github.com/byteport/api/internal/infrastructure/auth/workos_service.go:223.9,225.3 1 0
github.com/byteport/api/internal/infrastructure/auth/workos_service.go:227.2,227.23 1 0
github.com/byteport/api/internal/infrastructure/auth/workos_service.go:231.91,232.21 1 1
github.com/byteport/api/internal/infrastructure/auth/workos_service.go:232.21,234.3 1 1
github.com/byteport/api/internal/infrastructure/auth/workos_service.go:236.2,237.16 2 1
github.com/byteport/api/internal/infrastructure/auth/workos_service.go:237.16,239.3 1 0
github.com/byteport/api/internal/infrastructure/auth/workos_service.go:243.2,248.21 2 1
github.com/byteport/api/internal/infrastructure/auth/workos_service.go:252.108,253.21 1 1
github.com/byteport/api/internal/infrastructure/auth/workos_service.go:253.21,255.3 1 1
github.com/byteport/api/internal/infrastructure/auth/workos_service.go:257.2,257.35 1 1
github.com/byteport/api/internal/infrastructure/auth/workos_service.go:257.35,259.3 1 1
github.com/byteport/api/internal/infrastructure/auth/workos_service.go:262.2,262.74 1 1
github.com/byteport/api/internal/infrastructure/auth/workos_service.go:262.74,264.3 1 1
github.com/byteport/api/internal/infrastructure/auth/workos_service.go:267.2,268.16 2 0
github.com/byteport/api/internal/infrastructure/auth/workos_service.go:268.16,270.3 1 0
github.com/byteport/api/internal/infrastructure/auth/workos_service.go:273.2,274.16 2 0
github.com/byteport/api/internal/infrastructure/auth/workos_service.go:274.16,276.3 1 0
github.com/byteport/api/internal/infrastructure/auth/workos_service.go:278.2,278.23 1 0
github.com/byteport/api/internal/infrastructure/auth/workos_service.go:282.89,285.20 2 1
github.com/byteport/api/internal/infrastructure/auth/workos_service.go:285.20,287.3 1 0
github.com/byteport/api/internal/infrastructure/auth/workos_service.go:289.2,291.20 3 1
github.com/byteport/api/internal/infrastructure/auth/workos_service.go:291.20,293.3 1 0
github.com/byteport/api/internal/infrastructure/auth/workos_service.go:296.2,303.8 2 1
github.com/byteport/api/internal/infrastructure/auth/workos_service.go:307.130,320.16 4 1
github.com/byteport/api/internal/infrastructure/auth/workos_service.go:320.16,322.3 1 0
github.com/byteport/api/internal/infrastructure/auth/workos_service.go:325.2,326.16 2 1
github.com/byteport/api/internal/infrastructure/auth/workos_service.go:326.16,328.3 1 0
github.com/byteport/api/internal/infrastructure/auth/workos_service.go:330.2,335.16 5 1
github.com/byteport/api/internal/infrastructure/auth/workos_service.go:335.16,337.3 1 0
github.com/byteport/api/internal/infrastructure/auth/workos_service.go:338.2,340.38 2 1
github.com/byteport/api/internal/infrastructure/auth/workos_service.go:340.38,343.3 2 1
github.com/byteport/api/internal/infrastructure/auth/workos_service.go:346.2,347.16 2 0
github.com/byteport/api/internal/infrastructure/auth/workos_service.go:347.16,349.3 1 0
github.com/byteport/api/internal/infrastructure/auth/workos_service.go:351.2,358.58 2 0
github.com/byteport/api/internal/infrastructure/auth/workos_service.go:358.58,360.3 1 0
github.com/byteport/api/internal/infrastructure/auth/workos_service.go:363.2,368.8 1 0
github.com/byteport/api/internal/infrastructure/auth/workos_service.go:380.58,381.30 1 1
github.com/byteport/api/internal/infrastructure/auth/workos_service.go:381.30,383.23 2 1
github.com/byteport/api/internal/infrastructure/auth/workos_service.go:383.23,390.4 3 1
github.com/byteport/api/internal/infrastructure/auth/workos_service.go:392.3,393.46 2 1
github.com/byteport/api/internal/infrastructure/auth/workos_service.go:393.46,400.4 3 1
github.com/byteport/api/internal/infrastructure/auth/workos_service.go:402.3,404.17 3 1
github.com/byteport/api/internal/infrastructure/auth/workos_service.go:404.17,411.4 3 1
github.com/byteport/api/internal/infrastructure/auth/workos_service.go:414.3,418.11 4 1
github.com/byteport/api/internal/infrastructure/auth/workos_service.go:423.66,424.30 1 1
github.com/byteport/api/internal/infrastructure/auth/workos_service.go:424.30,426.23 2 1
github.com/byteport/api/internal/infrastructure/auth/workos_service.go:426.23,428.47 2 1
github.com/byteport/api/internal/infrastructure/auth/workos_service.go:428.47,430.81 2 1
github.com/byteport/api/internal/infrastructure/auth/workos_service.go:430.81,434.6 3 1
github.com/byteport/api/internal/infrastructure/auth/workos_service.go:437.3,437.11 1 1
