mode: set
github.com/byteport/api/lib/cloud/errors.go:39.37,40.22 1 1
github.com/byteport/api/lib/cloud/errors.go:40.22,42.3 1 1
github.com/byteport/api/lib/cloud/errors.go:43.2,43.66 1 1
github.com/byteport/api/lib/cloud/errors.go:47.37,49.2 1 1
github.com/byteport/api/lib/cloud/errors.go:52.44,54.9 2 1
github.com/byteport/api/lib/cloud/errors.go:54.9,56.3 1 1
github.com/byteport/api/lib/cloud/errors.go:57.2,57.53 1 0
github.com/byteport/api/lib/cloud/errors.go:66.89,77.2 1 1
github.com/byteport/api/lib/cloud/errors.go:88.101,101.2 1 1
github.com/byteport/api/lib/cloud/errors.go:110.75,121.2 1 1
github.com/byteport/api/lib/cloud/errors.go:129.83,140.2 1 1
github.com/byteport/api/lib/cloud/errors.go:149.85,160.2 1 1
github.com/byteport/api/lib/cloud/errors.go:169.92,181.2 1 1
github.com/byteport/api/lib/cloud/errors.go:190.85,202.2 1 1
github.com/byteport/api/lib/cloud/errors.go:210.109,222.2 1 1
github.com/byteport/api/lib/cloud/errors.go:231.74,242.2 1 1
github.com/byteport/api/lib/cloud/errors.go:282.54,283.16 1 1
github.com/byteport/api/lib/cloud/errors.go:283.16,285.3 1 1
github.com/byteport/api/lib/cloud/errors.go:288.2,289.33 2 1
github.com/byteport/api/lib/cloud/errors.go:289.33,290.28 1 1
github.com/byteport/api/lib/cloud/errors.go:290.28,292.4 1 0
github.com/byteport/api/lib/cloud/errors.go:293.3,293.51 1 1
github.com/byteport/api/lib/cloud/errors.go:293.51,294.39 1 1
github.com/byteport/api/lib/cloud/errors.go:294.39,296.5 1 1
github.com/byteport/api/lib/cloud/errors.go:300.2,301.38 2 1
github.com/byteport/api/lib/cloud/errors.go:301.38,302.33 1 1
github.com/byteport/api/lib/cloud/errors.go:302.33,304.4 1 0
github.com/byteport/api/lib/cloud/errors.go:305.3,305.51 1 1
github.com/byteport/api/lib/cloud/errors.go:305.51,306.44 1 1
github.com/byteport/api/lib/cloud/errors.go:306.44,308.5 1 1
github.com/byteport/api/lib/cloud/errors.go:312.2,313.31 2 1
github.com/byteport/api/lib/cloud/errors.go:313.31,314.26 1 1
github.com/byteport/api/lib/cloud/errors.go:314.26,316.4 1 0
github.com/byteport/api/lib/cloud/errors.go:317.3,317.51 1 1
github.com/byteport/api/lib/cloud/errors.go:317.51,318.37 1 1
github.com/byteport/api/lib/cloud/errors.go:318.37,320.5 1 1
github.com/byteport/api/lib/cloud/errors.go:324.2,325.34 2 1
github.com/byteport/api/lib/cloud/errors.go:325.34,326.29 1 1
github.com/byteport/api/lib/cloud/errors.go:326.29,328.4 1 0
github.com/byteport/api/lib/cloud/errors.go:329.3,329.51 1 1
github.com/byteport/api/lib/cloud/errors.go:329.51,330.40 1 1
github.com/byteport/api/lib/cloud/errors.go:330.40,332.5 1 1
github.com/byteport/api/lib/cloud/errors.go:337.2,338.31 2 1
github.com/byteport/api/lib/cloud/errors.go:338.31,339.26 1 0
github.com/byteport/api/lib/cloud/errors.go:339.26,341.4 1 0
github.com/byteport/api/lib/cloud/errors.go:342.3,342.51 1 0
github.com/byteport/api/lib/cloud/errors.go:342.51,343.37 1 0
github.com/byteport/api/lib/cloud/errors.go:343.37,345.5 1 0
github.com/byteport/api/lib/cloud/errors.go:350.2,350.76 1 1
github.com/byteport/api/lib/cloud/errors.go:350.76,352.3 1 1
github.com/byteport/api/lib/cloud/errors.go:354.2,354.14 1 1
github.com/byteport/api/lib/cloud/errors.go:358.70,359.34 1 1
github.com/byteport/api/lib/cloud/errors.go:359.34,361.3 1 1
github.com/byteport/api/lib/cloud/errors.go:363.2,364.31 2 1
github.com/byteport/api/lib/cloud/errors.go:364.31,366.30 2 1
github.com/byteport/api/lib/cloud/errors.go:366.30,368.9 2 0
github.com/byteport/api/lib/cloud/errors.go:372.2,372.19 1 1
github.com/byteport/api/lib/cloud/errors.go:372.19,376.3 2 1
github.com/byteport/api/lib/cloud/errors.go:378.2,378.14 1 1
github.com/byteport/api/lib/cloud/errors.go:382.96,394.2 1 1
github.com/byteport/api/lib/cloud/example_provider.go:22.73,52.2 1 1
github.com/byteport/api/lib/cloud/example_provider.go:55.58,57.2 1 1
github.com/byteport/api/lib/cloud/example_provider.go:60.76,61.62 1 1
github.com/byteport/api/lib/cloud/example_provider.go:61.62,62.36 1 1
github.com/byteport/api/lib/cloud/example_provider.go:62.36,64.4 1 1
github.com/byteport/api/lib/cloud/example_provider.go:66.2,66.14 1 1
github.com/byteport/api/lib/cloud/example_provider.go:70.58,72.2 1 1
github.com/byteport/api/lib/cloud/example_provider.go:75.90,82.2 2 1
github.com/byteport/api/lib/cloud/example_provider.go:85.74,89.2 1 1
github.com/byteport/api/lib/cloud/example_provider.go:92.105,93.38 1 1
github.com/byteport/api/lib/cloud/example_provider.go:93.38,95.3 1 1
github.com/byteport/api/lib/cloud/example_provider.go:97.2,97.21 1 1
github.com/byteport/api/lib/cloud/example_provider.go:98.36,99.40 1 1
github.com/byteport/api/lib/cloud/example_provider.go:100.38,101.39 1 1
github.com/byteport/api/lib/cloud/example_provider.go:102.10,103.67 1 0
github.com/byteport/api/lib/cloud/example_provider.go:108.106,137.2 2 1
github.com/byteport/api/lib/cloud/example_provider.go:140.105,143.2 1 1
github.com/byteport/api/lib/cloud/example_provider.go:146.90,151.2 1 1
github.com/byteport/api/lib/cloud/example_provider.go:154.116,161.2 1 1
github.com/byteport/api/lib/cloud/example_provider.go:164.80,169.2 1 1
github.com/byteport/api/lib/cloud/example_provider.go:172.106,178.2 1 1
github.com/byteport/api/lib/cloud/example_provider.go:181.105,196.2 1 1
github.com/byteport/api/lib/cloud/example_provider.go:199.106,204.2 1 1
github.com/byteport/api/lib/cloud/example_provider.go:207.84,210.2 1 1
github.com/byteport/api/lib/cloud/example_provider.go:213.112,216.2 1 1
github.com/byteport/api/lib/cloud/example_provider.go:219.117,222.2 1 1
github.com/byteport/api/lib/cloud/example_provider.go:225.107,242.2 1 1
github.com/byteport/api/lib/cloud/example_provider.go:245.118,248.2 1 1
github.com/byteport/api/lib/cloud/example_provider.go:251.102,254.2 1 1
github.com/byteport/api/lib/cloud/example_provider.go:256.104,259.2 1 1
github.com/byteport/api/lib/cloud/example_provider.go:261.97,264.2 1 1
github.com/byteport/api/lib/cloud/example_provider.go:267.14,289.2 0 1
github.com/byteport/api/lib/cloud/registry.go:27.37,28.25 1 1
github.com/byteport/api/lib/cloud/registry.go:28.25,32.3 1 1
github.com/byteport/api/lib/cloud/registry.go:33.2,33.23 1 1
github.com/byteport/api/lib/cloud/registry.go:37.95,41.25 3 1
github.com/byteport/api/lib/cloud/registry.go:41.25,50.3 1 1
github.com/byteport/api/lib/cloud/registry.go:52.2,52.20 1 1
github.com/byteport/api/lib/cloud/registry.go:52.20,61.3 1 1
github.com/byteport/api/lib/cloud/registry.go:63.2,63.53 1 1
github.com/byteport/api/lib/cloud/registry.go:63.53,73.3 1 1
github.com/byteport/api/lib/cloud/registry.go:75.2,80.12 2 1
github.com/byteport/api/lib/cloud/registry.go:84.66,88.53 3 1
github.com/byteport/api/lib/cloud/registry.go:88.53,98.3 1 1
github.com/byteport/api/lib/cloud/registry.go:100.2,101.12 2 1
github.com/byteport/api/lib/cloud/registry.go:105.101,110.13 4 1
github.com/byteport/api/lib/cloud/registry.go:110.13,120.3 1 1
github.com/byteport/api/lib/cloud/registry.go:122.2,123.16 2 1
github.com/byteport/api/lib/cloud/registry.go:123.16,125.3 1 0
github.com/byteport/api/lib/cloud/registry.go:127.2,127.22 1 1
github.com/byteport/api/lib/cloud/registry.go:131.54,136.41 4 1
github.com/byteport/api/lib/cloud/registry.go:136.41,138.3 1 1
github.com/byteport/api/lib/cloud/registry.go:140.2,140.21 1 1
github.com/byteport/api/lib/cloud/registry.go:144.90,149.13 4 1
github.com/byteport/api/lib/cloud/registry.go:149.13,151.3 1 1
github.com/byteport/api/lib/cloud/registry.go:153.2,153.71 1 1
github.com/byteport/api/lib/cloud/registry.go:153.71,154.36 1 1
github.com/byteport/api/lib/cloud/registry.go:154.36,156.4 1 1
github.com/byteport/api/lib/cloud/registry.go:159.2,159.14 1 1
github.com/byteport/api/lib/cloud/registry.go:163.88,168.13 4 1
github.com/byteport/api/lib/cloud/registry.go:168.13,178.3 1 1
github.com/byteport/api/lib/cloud/registry.go:180.2,180.34 1 1
github.com/byteport/api/lib/cloud/registry.go:184.71,185.66 1 1
github.com/byteport/api/lib/cloud/registry.go:185.66,186.81 1 1
github.com/byteport/api/lib/cloud/registry.go:191.47,193.16 2 1
github.com/byteport/api/lib/cloud/registry.go:193.16,195.3 1 0
github.com/byteport/api/lib/cloud/registry.go:197.2,201.15 4 1
github.com/byteport/api/lib/cloud/registry.go:205.64,210.40 4 1
github.com/byteport/api/lib/cloud/registry.go:210.40,211.61 1 1
github.com/byteport/api/lib/cloud/registry.go:211.61,212.37 1 1
github.com/byteport/api/lib/cloud/registry.go:212.37,214.10 2 1
github.com/byteport/api/lib/cloud/registry.go:219.2,219.18 1 1
github.com/byteport/api/lib/cloud/registry.go:231.66,234.16 3 1
github.com/byteport/api/lib/cloud/registry.go:234.16,236.3 1 1
github.com/byteport/api/lib/cloud/registry.go:238.2,243.8 1 1
