mode: set
github.com/byteport/api/cmd/migrate-auth/main.go:18.13,26.11 3 0
github.com/byteport/api/cmd/migrate-auth/main.go:26.11,29.3 2 0
github.com/byteport/api/cmd/migrate-auth/main.go:32.2,32.24 1 0
github.com/byteport/api/cmd/migrate-auth/main.go:32.24,34.3 1 0
github.com/byteport/api/cmd/migrate-auth/main.go:35.2,35.24 1 0
github.com/byteport/api/cmd/migrate-auth/main.go:35.24,37.3 1 0
github.com/byteport/api/cmd/migrate-auth/main.go:39.2,42.13 3 0
github.com/byteport/api/cmd/migrate-auth/main.go:42.13,44.3 1 0
github.com/byteport/api/cmd/migrate-auth/main.go:47.2,48.16 2 0
github.com/byteport/api/cmd/migrate-auth/main.go:48.16,50.3 1 0
github.com/byteport/api/cmd/migrate-auth/main.go:53.2,81.29 4 0
github.com/byteport/api/cmd/migrate-auth/main.go:81.29,85.14 3 0
github.com/byteport/api/cmd/migrate-auth/main.go:85.14,87.12 2 0
github.com/byteport/api/cmd/migrate-auth/main.go:90.3,90.48 1 0
github.com/byteport/api/cmd/migrate-auth/main.go:90.48,92.4 1 0
github.com/byteport/api/cmd/migrate-auth/main.go:93.3,93.34 1 0
github.com/byteport/api/cmd/migrate-auth/main.go:96.2,106.75 11 0
github.com/byteport/api/cmd/migrate-auth/steps.go:18.69,20.61 1 1
github.com/byteport/api/cmd/migrate-auth/steps.go:20.61,22.3 1 1
github.com/byteport/api/cmd/migrate-auth/steps.go:24.2,25.12 2 0
github.com/byteport/api/cmd/migrate-auth/steps.go:28.66,30.73 2 1
github.com/byteport/api/cmd/migrate-auth/steps.go:30.73,32.3 1 1
github.com/byteport/api/cmd/migrate-auth/steps.go:34.2,37.50 2 0
github.com/byteport/api/cmd/migrate-auth/steps.go:37.50,39.3 1 0
github.com/byteport/api/cmd/migrate-auth/steps.go:41.2,44.30 3 0
github.com/byteport/api/cmd/migrate-auth/steps.go:44.30,47.3 2 0
github.com/byteport/api/cmd/migrate-auth/steps.go:49.2,49.12 1 0
github.com/byteport/api/cmd/migrate-auth/steps.go:52.67,55.85 2 1
github.com/byteport/api/cmd/migrate-auth/steps.go:55.85,58.3 1 1
github.com/byteport/api/cmd/migrate-auth/steps.go:60.2,68.12 6 1
github.com/byteport/api/cmd/migrate-auth/steps.go:71.66,88.41 5 1
github.com/byteport/api/cmd/migrate-auth/steps.go:88.41,89.46 1 1
github.com/byteport/api/cmd/migrate-auth/steps.go:89.46,91.4 1 1
github.com/byteport/api/cmd/migrate-auth/steps.go:91.9,94.4 2 1
github.com/byteport/api/cmd/migrate-auth/steps.go:97.2,98.41 2 1
github.com/byteport/api/cmd/migrate-auth/steps.go:98.41,99.46 1 1
github.com/byteport/api/cmd/migrate-auth/steps.go:99.46,101.4 1 1
github.com/byteport/api/cmd/migrate-auth/steps.go:101.9,103.4 1 1
github.com/byteport/api/cmd/migrate-auth/steps.go:106.2,106.18 1 1
github.com/byteport/api/cmd/migrate-auth/steps.go:106.18,109.3 2 1
github.com/byteport/api/cmd/migrate-auth/steps.go:111.2,111.12 1 1
github.com/byteport/api/cmd/migrate-auth/steps.go:114.18,141.2 26 1
