mode: set
github.com/byteport/api/internal/application/deployment/create_deployment.go:20.28,25.2 1 1
github.com/byteport/api/internal/application/deployment/create_deployment.go:31.38,33.20 1 1
github.com/byteport/api/internal/application/deployment/create_deployment.go:33.20,35.3 1 1
github.com/byteport/api/internal/application/deployment/create_deployment.go:36.2,36.21 1 1
github.com/byteport/api/internal/application/deployment/create_deployment.go:36.21,38.3 1 1
github.com/byteport/api/internal/application/deployment/create_deployment.go:41.2,42.16 2 1
github.com/byteport/api/internal/application/deployment/create_deployment.go:42.16,44.3 1 0
github.com/byteport/api/internal/application/deployment/create_deployment.go:47.2,47.38 1 1
github.com/byteport/api/internal/application/deployment/create_deployment.go:47.38,49.3 1 1
github.com/byteport/api/internal/application/deployment/create_deployment.go:52.2,52.64 1 1
github.com/byteport/api/internal/application/deployment/create_deployment.go:52.64,54.3 1 1
github.com/byteport/api/internal/application/deployment/create_deployment.go:57.2,57.55 1 1
github.com/byteport/api/internal/application/deployment/create_deployment.go:57.55,60.3 2 1
github.com/byteport/api/internal/application/deployment/create_deployment.go:63.2,72.22 2 1
github.com/byteport/api/internal/application/deployment/errors.go:13.43,14.18 1 1
github.com/byteport/api/internal/application/deployment/errors.go:14.18,16.3 1 1
github.com/byteport/api/internal/application/deployment/errors.go:17.2,17.49 1 1
github.com/byteport/api/internal/application/deployment/errors.go:20.43,22.2 1 1
github.com/byteport/api/internal/application/deployment/errors.go:36.59,42.2 1 1
github.com/byteport/api/internal/application/deployment/errors.go:44.58,50.2 1 1
github.com/byteport/api/internal/application/deployment/errors.go:52.61,58.2 1 1
github.com/byteport/api/internal/application/deployment/errors.go:60.58,66.2 1 1
github.com/byteport/api/internal/application/deployment/errors.go:68.57,74.2 1 1
github.com/byteport/api/internal/application/deployment/errors.go:76.68,83.2 1 1
github.com/byteport/api/internal/application/deployment/get_deployment.go:19.25,24.2 1 1
github.com/byteport/api/internal/application/deployment/get_deployment.go:31.35,33.16 1 1
github.com/byteport/api/internal/application/deployment/get_deployment.go:33.16,35.3 1 1
github.com/byteport/api/internal/application/deployment/get_deployment.go:36.2,36.20 1 1
github.com/byteport/api/internal/application/deployment/get_deployment.go:36.20,38.3 1 0
github.com/byteport/api/internal/application/deployment/get_deployment.go:41.2,42.16 2 1
github.com/byteport/api/internal/application/deployment/get_deployment.go:42.16,44.3 1 1
github.com/byteport/api/internal/application/deployment/get_deployment.go:45.2,45.16 1 1
github.com/byteport/api/internal/application/deployment/get_deployment.go:45.16,47.3 1 0
github.com/byteport/api/internal/application/deployment/get_deployment.go:50.2,51.16 2 1
github.com/byteport/api/internal/application/deployment/get_deployment.go:51.16,53.3 1 0
github.com/byteport/api/internal/application/deployment/get_deployment.go:54.2,54.16 1 1
github.com/byteport/api/internal/application/deployment/get_deployment.go:54.16,56.3 1 0
github.com/byteport/api/internal/application/deployment/get_deployment.go:59.2,61.22 2 1
github.com/byteport/api/internal/application/deployment/get_deployment.go:65.84,81.37 2 1
github.com/byteport/api/internal/application/deployment/get_deployment.go:81.37,89.3 1 0
github.com/byteport/api/internal/application/deployment/get_deployment.go:92.2,92.49 1 1
github.com/byteport/api/internal/application/deployment/get_deployment.go:92.49,97.3 1 0
github.com/byteport/api/internal/application/deployment/get_deployment.go:99.2,99.17 1 1
github.com/byteport/api/internal/application/deployment/list_deployments.go:15.90,19.2 1 1
github.com/byteport/api/internal/application/deployment/list_deployments.go:25.37,27.20 1 1
github.com/byteport/api/internal/application/deployment/list_deployments.go:27.20,29.3 1 1
github.com/byteport/api/internal/application/deployment/list_deployments.go:30.2,30.21 1 1
github.com/byteport/api/internal/application/deployment/list_deployments.go:30.21,32.3 1 1
github.com/byteport/api/internal/application/deployment/list_deployments.go:34.2,38.21 3 1
github.com/byteport/api/internal/application/deployment/list_deployments.go:38.21,40.3 1 0
github.com/byteport/api/internal/application/deployment/list_deployments.go:40.8,40.29 1 1
github.com/byteport/api/internal/application/deployment/list_deployments.go:40.29,42.24 2 0
github.com/byteport/api/internal/application/deployment/list_deployments.go:42.24,44.4 1 0
github.com/byteport/api/internal/application/deployment/list_deployments.go:45.3,45.61 1 0
github.com/byteport/api/internal/application/deployment/list_deployments.go:46.8,48.3 1 1
github.com/byteport/api/internal/application/deployment/list_deployments.go:50.2,50.16 1 1
github.com/byteport/api/internal/application/deployment/list_deployments.go:50.16,52.3 1 0
github.com/byteport/api/internal/application/deployment/list_deployments.go:55.2,56.21 2 1
github.com/byteport/api/internal/application/deployment/list_deployments.go:56.21,58.3 1 0
github.com/byteport/api/internal/application/deployment/list_deployments.go:58.8,60.3 1 1
github.com/byteport/api/internal/application/deployment/list_deployments.go:61.2,61.16 1 1
github.com/byteport/api/internal/application/deployment/list_deployments.go:61.16,64.3 1 0
github.com/byteport/api/internal/application/deployment/list_deployments.go:67.2,68.34 2 1
github.com/byteport/api/internal/application/deployment/list_deployments.go:68.34,80.3 2 1
github.com/byteport/api/internal/application/deployment/list_deployments.go:82.2,89.22 2 1
github.com/byteport/api/internal/application/deployment/terminate_deployment.go:20.31,25.2 1 1
github.com/byteport/api/internal/application/deployment/terminate_deployment.go:32.41,34.16 1 1
github.com/byteport/api/internal/application/deployment/terminate_deployment.go:34.16,36.3 1 1
github.com/byteport/api/internal/application/deployment/terminate_deployment.go:37.2,37.20 1 1
github.com/byteport/api/internal/application/deployment/terminate_deployment.go:37.20,39.3 1 1
github.com/byteport/api/internal/application/deployment/terminate_deployment.go:42.2,43.16 2 1
github.com/byteport/api/internal/application/deployment/terminate_deployment.go:43.16,45.3 1 1
github.com/byteport/api/internal/application/deployment/terminate_deployment.go:46.2,46.16 1 1
github.com/byteport/api/internal/application/deployment/terminate_deployment.go:46.16,48.3 1 1
github.com/byteport/api/internal/application/deployment/terminate_deployment.go:51.2,52.16 2 1
github.com/byteport/api/internal/application/deployment/terminate_deployment.go:52.16,54.3 1 1
github.com/byteport/api/internal/application/deployment/terminate_deployment.go:55.2,55.16 1 1
github.com/byteport/api/internal/application/deployment/terminate_deployment.go:55.16,57.3 1 1
github.com/byteport/api/internal/application/deployment/terminate_deployment.go:60.2,60.24 1 1
github.com/byteport/api/internal/application/deployment/terminate_deployment.go:60.24,62.3 1 1
github.com/byteport/api/internal/application/deployment/terminate_deployment.go:65.2,65.67 1 1
github.com/byteport/api/internal/application/deployment/terminate_deployment.go:65.67,67.3 1 0
github.com/byteport/api/internal/application/deployment/terminate_deployment.go:70.2,70.55 1 1
github.com/byteport/api/internal/application/deployment/terminate_deployment.go:70.55,72.3 1 1
github.com/byteport/api/internal/application/deployment/terminate_deployment.go:75.2,82.22 2 1
github.com/byteport/api/internal/application/deployment/update_status.go:19.24,24.2 1 1
github.com/byteport/api/internal/application/deployment/update_status.go:32.9,34.16 1 1
github.com/byteport/api/internal/application/deployment/update_status.go:34.16,36.3 1 1
github.com/byteport/api/internal/application/deployment/update_status.go:37.2,37.22 1 1
github.com/byteport/api/internal/application/deployment/update_status.go:37.22,39.3 1 1
github.com/byteport/api/internal/application/deployment/update_status.go:40.2,40.20 1 1
github.com/byteport/api/internal/application/deployment/update_status.go:40.20,42.3 1 1
github.com/byteport/api/internal/application/deployment/update_status.go:45.2,46.26 2 1
github.com/byteport/api/internal/application/deployment/update_status.go:46.26,48.3 1 1
github.com/byteport/api/internal/application/deployment/update_status.go:51.2,52.16 2 1
github.com/byteport/api/internal/application/deployment/update_status.go:52.16,54.3 1 1
github.com/byteport/api/internal/application/deployment/update_status.go:55.2,55.16 1 1
github.com/byteport/api/internal/application/deployment/update_status.go:55.16,57.3 1 1
github.com/byteport/api/internal/application/deployment/update_status.go:60.2,61.16 2 1
github.com/byteport/api/internal/application/deployment/update_status.go:61.16,63.3 1 1
github.com/byteport/api/internal/application/deployment/update_status.go:64.2,64.16 1 1
github.com/byteport/api/internal/application/deployment/update_status.go:64.16,66.3 1 1
github.com/byteport/api/internal/application/deployment/update_status.go:69.2,69.49 1 1
github.com/byteport/api/internal/application/deployment/update_status.go:69.49,71.3 1 1
github.com/byteport/api/internal/application/deployment/update_status.go:74.2,74.55 1 1
github.com/byteport/api/internal/application/deployment/update_status.go:74.55,76.3 1 1
github.com/byteport/api/internal/application/deployment/update_status.go:78.2,78.12 1 1
github.com/byteport/api/lib/apilink.go:16.62,20.16 4 0
github.com/byteport/api/lib/apilink.go:20.16,22.3 1 0
github.com/byteport/api/lib/apilink.go:23.2,27.16 4 0
github.com/byteport/api/lib/apilink.go:27.16,29.3 1 0
github.com/byteport/api/lib/apilink.go:30.2,33.16 3 0
github.com/byteport/api/lib/apilink.go:33.16,35.3 1 0
github.com/byteport/api/lib/apilink.go:36.2,38.38 2 0
github.com/byteport/api/lib/apilink.go:38.38,40.3 1 0
github.com/byteport/api/lib/apilink.go:42.2,43.12 2 0
github.com/byteport/api/lib/apilink.go:47.55,50.16 3 0
github.com/byteport/api/lib/apilink.go:50.16,52.3 1 0
github.com/byteport/api/lib/apilink.go:53.2,57.16 4 0
github.com/byteport/api/lib/apilink.go:57.16,59.3 1 0
github.com/byteport/api/lib/apilink.go:60.2,63.16 3 0
github.com/byteport/api/lib/apilink.go:63.16,65.3 1 0
github.com/byteport/api/lib/apilink.go:66.2,68.38 2 0
github.com/byteport/api/lib/apilink.go:68.38,70.3 1 0
github.com/byteport/api/lib/apilink.go:72.2,73.12 2 0
github.com/byteport/api/lib/apilink.go:77.64,83.16 3 0
github.com/byteport/api/lib/apilink.go:83.16,85.3 1 0
github.com/byteport/api/lib/apilink.go:87.2,89.16 3 0
github.com/byteport/api/lib/apilink.go:89.16,90.43 1 0
github.com/byteport/api/lib/apilink.go:90.43,92.4 1 0
github.com/byteport/api/lib/apilink.go:93.3,93.56 1 0
github.com/byteport/api/lib/apilink.go:96.2,97.12 2 0
github.com/byteport/api/lib/auth.go:24.40,26.2 1 0
github.com/byteport/api/lib/auth.go:27.50,29.16 2 0
github.com/byteport/api/lib/auth.go:29.16,32.3 2 0
github.com/byteport/api/lib/auth.go:35.2,36.34 2 0
github.com/byteport/api/lib/auth.go:36.34,39.17 3 0
github.com/byteport/api/lib/auth.go:39.17,41.4 1 0
github.com/byteport/api/lib/auth.go:43.2,43.43 1 0
github.com/byteport/api/lib/auth.go:46.29,48.16 2 0
github.com/byteport/api/lib/auth.go:48.16,50.3 1 0
github.com/byteport/api/lib/auth.go:53.2,54.16 2 0
github.com/byteport/api/lib/auth.go:54.16,56.3 1 0
github.com/byteport/api/lib/auth.go:57.2,58.16 2 0
github.com/byteport/api/lib/auth.go:58.16,60.3 1 0
github.com/byteport/api/lib/auth.go:61.2,62.12 2 0
github.com/byteport/api/lib/auth.go:65.36,68.2 2 0
github.com/byteport/api/lib/auth.go:70.54,80.16 10 0
github.com/byteport/api/lib/auth.go:80.16,82.3 1 0
github.com/byteport/api/lib/auth.go:83.2,84.16 2 0
github.com/byteport/api/lib/auth.go:84.16,86.3 1 0
github.com/byteport/api/lib/auth.go:88.2,90.28 2 0
github.com/byteport/api/lib/auth.go:92.64,103.16 11 0
github.com/byteport/api/lib/auth.go:103.16,105.3 1 0
github.com/byteport/api/lib/auth.go:107.2,108.16 2 0
github.com/byteport/api/lib/auth.go:108.16,110.3 1 0
github.com/byteport/api/lib/auth.go:112.2,114.28 2 0
github.com/byteport/api/lib/auth.go:116.71,118.26 2 0
github.com/byteport/api/lib/auth.go:118.26,120.3 1 0
github.com/byteport/api/lib/auth.go:123.2,124.16 2 0
github.com/byteport/api/lib/auth.go:124.16,126.3 1 0
github.com/byteport/api/lib/auth.go:127.2,127.18 1 0
github.com/byteport/api/lib/auth.go:127.18,129.3 1 0
github.com/byteport/api/lib/auth.go:132.2,134.16 3 0
github.com/byteport/api/lib/auth.go:134.16,136.3 1 0
github.com/byteport/api/lib/auth.go:137.2,139.19 2 0
github.com/byteport/api/lib/auth.go:141.72,144.16 2 0
github.com/byteport/api/lib/auth.go:144.16,146.3 1 0
github.com/byteport/api/lib/auth.go:148.2,149.16 2 0
github.com/byteport/api/lib/auth.go:149.16,151.3 1 0
github.com/byteport/api/lib/auth.go:153.2,156.16 3 0
github.com/byteport/api/lib/auth.go:156.16,158.3 1 0
github.com/byteport/api/lib/auth.go:160.2,160.25 1 0
github.com/byteport/api/lib/auth.go:162.79,165.16 2 0
github.com/byteport/api/lib/auth.go:165.16,167.3 1 0
github.com/byteport/api/lib/auth.go:169.2,170.16 2 0
github.com/byteport/api/lib/auth.go:170.16,172.3 1 0
github.com/byteport/api/lib/auth.go:174.2,179.16 5 0
github.com/byteport/api/lib/auth.go:179.16,181.3 1 0
github.com/byteport/api/lib/auth.go:183.2,183.25 1 0
github.com/byteport/api/lib/auth.go:185.39,186.30 1 0
github.com/byteport/api/lib/auth.go:186.30,187.45 1 0
github.com/byteport/api/lib/auth.go:187.45,190.4 2 0
github.com/byteport/api/lib/auth.go:193.3,194.22 2 0
github.com/byteport/api/lib/auth.go:194.22,199.4 4 0
github.com/byteport/api/lib/auth.go:202.3,204.27 3 0
github.com/byteport/api/lib/auth.go:204.27,208.4 3 0
github.com/byteport/api/lib/auth.go:210.3,211.19 2 0
github.com/byteport/api/lib/auth.go:211.19,215.4 3 0
github.com/byteport/api/lib/auth.go:218.3,219.80 2 0
github.com/byteport/api/lib/auth.go:219.80,223.4 3 0
github.com/byteport/api/lib/auth.go:226.3,227.11 2 0
github.com/byteport/api/lib/crypto.go:31.42,43.16 3 0
github.com/byteport/api/lib/crypto.go:43.16,45.3 1 0
github.com/byteport/api/lib/crypto.go:47.2,47.13 1 0
github.com/byteport/api/lib/crypto.go:49.54,51.16 2 0
github.com/byteport/api/lib/crypto.go:51.16,53.3 1 0
github.com/byteport/api/lib/crypto.go:54.2,54.14 1 0
github.com/byteport/api/lib/crypto.go:56.87,58.16 2 0
github.com/byteport/api/lib/crypto.go:58.16,60.3 1 0
github.com/byteport/api/lib/crypto.go:62.2,71.25 5 0
github.com/byteport/api/lib/crypto.go:74.52,77.16 3 0
github.com/byteport/api/lib/crypto.go:77.16,79.3 1 0
github.com/byteport/api/lib/crypto.go:81.2,81.15 1 0
github.com/byteport/api/lib/crypto.go:83.83,87.16 2 0
github.com/byteport/api/lib/crypto.go:87.16,89.3 1 0
github.com/byteport/api/lib/crypto.go:92.2,97.54 2 0
github.com/byteport/api/lib/crypto.go:97.54,99.3 1 0
github.com/byteport/api/lib/crypto.go:100.2,100.19 1 0
github.com/byteport/api/lib/crypto.go:103.79,105.20 2 0
github.com/byteport/api/lib/crypto.go:105.20,107.3 1 0
github.com/byteport/api/lib/crypto.go:109.2,111.16 3 0
github.com/byteport/api/lib/crypto.go:111.16,113.3 1 0
github.com/byteport/api/lib/crypto.go:114.2,114.31 1 0
github.com/byteport/api/lib/crypto.go:114.31,116.3 1 0
github.com/byteport/api/lib/crypto.go:118.2,120.16 3 0
github.com/byteport/api/lib/crypto.go:120.16,122.3 1 0
github.com/byteport/api/lib/crypto.go:124.2,125.16 2 0
github.com/byteport/api/lib/crypto.go:125.16,127.3 1 0
github.com/byteport/api/lib/crypto.go:128.2,131.16 3 0
github.com/byteport/api/lib/crypto.go:131.16,133.3 1 0
github.com/byteport/api/lib/crypto.go:134.2,136.27 2 0
github.com/byteport/api/lib/crypto.go:140.48,142.25 2 0
github.com/byteport/api/lib/crypto.go:142.25,144.3 1 0
github.com/byteport/api/lib/crypto.go:147.2,151.16 3 0
github.com/byteport/api/lib/crypto.go:151.16,153.3 1 0
github.com/byteport/api/lib/crypto.go:156.2,157.59 2 0
github.com/byteport/api/lib/crypto.go:157.59,159.3 1 0
github.com/byteport/api/lib/crypto.go:161.2,161.24 1 0
github.com/byteport/api/lib/crypto.go:163.51,165.16 2 0
github.com/byteport/api/lib/crypto.go:165.16,167.3 1 0
github.com/byteport/api/lib/crypto.go:169.2,169.56 1 0
github.com/byteport/api/lib/crypto.go:169.56,171.3 1 0
github.com/byteport/api/lib/crypto.go:174.2,175.16 2 0
github.com/byteport/api/lib/crypto.go:175.16,177.3 1 0
github.com/byteport/api/lib/crypto.go:180.2,181.41 2 0
github.com/byteport/api/lib/crypto.go:181.41,183.3 1 0
github.com/byteport/api/lib/crypto.go:186.2,192.64 5 0
github.com/byteport/api/lib/crypto.go:195.55,198.16 2 0
github.com/byteport/api/lib/crypto.go:198.16,200.3 1 0
github.com/byteport/api/lib/crypto.go:201.2,201.56 1 0
github.com/byteport/api/lib/crypto.go:201.56,203.3 1 0
github.com/byteport/api/lib/crypto.go:206.2,207.16 2 0
github.com/byteport/api/lib/crypto.go:207.16,209.3 1 0
github.com/byteport/api/lib/crypto.go:212.2,212.31 1 0
github.com/byteport/api/lib/crypto.go:212.31,214.3 1 0
github.com/byteport/api/lib/crypto.go:215.2,220.16 4 0
github.com/byteport/api/lib/crypto.go:220.16,222.3 1 0
github.com/byteport/api/lib/crypto.go:225.2,229.31 4 0
github.com/byteport/api/lib/crypto.go:232.46,235.16 3 0
github.com/byteport/api/lib/crypto.go:235.16,237.3 1 0
github.com/byteport/api/lib/crypto.go:238.2,238.52 1 0
github.com/byteport/api/lib/crypto.go:241.47,243.2 1 0
github.com/byteport/api/lib/crypto.go:244.38,246.15 2 0
github.com/byteport/api/lib/crypto.go:246.15,249.3 2 0
github.com/byteport/api/lib/crypto.go:251.2,252.16 2 0
github.com/byteport/api/lib/crypto.go:252.16,254.3 1 0
github.com/byteport/api/lib/crypto.go:257.2,258.16 2 0
github.com/byteport/api/lib/crypto.go:258.16,260.3 1 0
github.com/byteport/api/lib/crypto.go:263.2,264.12 2 0
github.com/byteport/api/lib/crypto.go:266.45,268.16 2 0
github.com/byteport/api/lib/crypto.go:268.16,270.3 1 0
github.com/byteport/api/lib/crypto.go:271.2,274.16 3 0
github.com/byteport/api/lib/crypto.go:274.16,276.3 1 0
github.com/byteport/api/lib/crypto.go:277.2,277.12 1 0
github.com/byteport/api/internal/infrastructure/http/handlers/deployment_handler.go:26.22,34.2 1 0
github.com/byteport/api/internal/infrastructure/http/handlers/deployment_handler.go:37.69,39.2 2 0
github.com/byteport/api/internal/infrastructure/http/handlers/deployment_handler.go:39.2,45.3 5 0
github.com/byteport/api/internal/infrastructure/http/handlers/deployment_handler.go:58.62,60.47 2 0
github.com/byteport/api/internal/infrastructure/http/handlers/deployment_handler.go:60.47,66.3 2 0
github.com/byteport/api/internal/infrastructure/http/handlers/deployment_handler.go:68.2,69.16 2 0
github.com/byteport/api/internal/infrastructure/http/handlers/deployment_handler.go:69.16,72.3 2 0
github.com/byteport/api/internal/infrastructure/http/handlers/deployment_handler.go:74.2,74.38 1 0
github.com/byteport/api/internal/infrastructure/http/handlers/deployment_handler.go:86.59,91.16 4 0
github.com/byteport/api/internal/infrastructure/http/handlers/deployment_handler.go:91.16,94.3 2 0
github.com/byteport/api/internal/infrastructure/http/handlers/deployment_handler.go:96.2,96.33 1 0
github.com/byteport/api/internal/infrastructure/http/handlers/deployment_handler.go:111.61,113.48 2 0
github.com/byteport/api/internal/infrastructure/http/handlers/deployment_handler.go:113.48,119.3 2 0
github.com/byteport/api/internal/infrastructure/http/handlers/deployment_handler.go:121.2,122.16 2 0
github.com/byteport/api/internal/infrastructure/http/handlers/deployment_handler.go:122.16,125.3 2 0
github.com/byteport/api/internal/infrastructure/http/handlers/deployment_handler.go:127.2,127.33 1 0
github.com/byteport/api/internal/infrastructure/http/handlers/deployment_handler.go:139.65,144.16 4 0
github.com/byteport/api/internal/infrastructure/http/handlers/deployment_handler.go:144.16,147.3 2 0
github.com/byteport/api/internal/infrastructure/http/handlers/deployment_handler.go:149.2,149.33 1 0
github.com/byteport/api/internal/infrastructure/http/handlers/deployment_handler.go:164.58,169.47 4 0
github.com/byteport/api/internal/infrastructure/http/handlers/deployment_handler.go:169.47,175.3 2 0
github.com/byteport/api/internal/infrastructure/http/handlers/deployment_handler.go:177.2,178.16 2 0
github.com/byteport/api/internal/infrastructure/http/handlers/deployment_handler.go:178.16,181.3 2 0
github.com/byteport/api/internal/infrastructure/http/handlers/deployment_handler.go:183.2,183.32 1 0
github.com/byteport/api/internal/infrastructure/http/handlers/deployment_handler.go:193.56,194.58 1 0
github.com/byteport/api/internal/infrastructure/http/handlers/deployment_handler.go:194.58,200.3 2 0
github.com/byteport/api/internal/infrastructure/http/handlers/deployment_handler.go:203.2,206.4 1 0
github.com/byteport/api/internal/infrastructure/http/handlers/deployment_handler.go:210.41,212.52 1 0
github.com/byteport/api/internal/infrastructure/http/handlers/deployment_handler.go:212.52,213.40 1 0
github.com/byteport/api/internal/infrastructure/http/handlers/deployment_handler.go:213.40,215.4 1 0
github.com/byteport/api/internal/infrastructure/http/handlers/deployment_handler.go:217.2,217.11 1 0
github.com/byteport/api/models/data.go:16.24,19.15 2 0
github.com/byteport/api/models/data.go:19.15,23.3 2 0
github.com/byteport/api/models/data.go:26.2,27.40 2 0
github.com/byteport/api/models/data.go:27.40,29.3 1 0
github.com/byteport/api/models/data.go:32.2,34.29 1 0
github.com/byteport/api/models/data.go:34.29,36.4 1 0
github.com/byteport/api/models/data.go:42.2,42.16 1 0
github.com/byteport/api/models/data.go:42.16,44.3 1 0
github.com/byteport/api/models/data.go:47.2,48.16 2 0
github.com/byteport/api/models/data.go:48.16,50.3 1 0
github.com/byteport/api/models/data.go:53.2,58.37 4 0
github.com/byteport/api/models/data.go:58.37,60.3 1 0
github.com/byteport/api/models/data.go:62.2,75.16 3 0
github.com/byteport/api/models/data.go:75.16,77.3 1 0
github.com/byteport/api/models/data.go:79.2,81.15 2 0
github.com/byteport/api/models/deployments.go:102.38,104.2 1 0
github.com/byteport/api/models/deployments.go:106.41,108.2 1 0
github.com/byteport/api/models/deployments.go:110.46,112.2 1 0
github.com/byteport/api/models/deployments.go:114.43,116.2 1 0
github.com/byteport/api/models/deployments.go:118.38,120.2 1 0
github.com/byteport/api/models/deployments.go:125.47,129.26 3 0
github.com/byteport/api/models/deployments.go:129.26,132.3 2 0
github.com/byteport/api/models/deployments.go:132.8,132.35 1 0
github.com/byteport/api/models/deployments.go:132.35,135.3 2 0
github.com/byteport/api/models/deployments.go:139.38,141.2 1 0
github.com/byteport/api/models/deployments.go:144.38,146.2 1 0
github.com/byteport/api/models/deployments.go:149.42,151.2 1 0
github.com/byteport/api/models/hosts.go:120.32,122.2 1 0
github.com/byteport/api/models/hosts.go:124.42,126.2 1 0
github.com/byteport/api/models/hosts.go:128.38,130.2 1 0
github.com/byteport/api/models/hosts.go:132.35,134.2 1 0
github.com/byteport/api/models/hosts.go:139.32,140.26 1 0
github.com/byteport/api/models/hosts.go:140.26,142.3 1 0
github.com/byteport/api/models/hosts.go:144.2,144.28 1 0
github.com/byteport/api/models/hosts.go:144.28,146.3 1 0
github.com/byteport/api/models/hosts.go:149.2,149.53 1 0
github.com/byteport/api/models/hosts.go:153.43,155.2 1 0
github.com/byteport/api/models/hosts.go:158.34,163.2 4 0
github.com/byteport/api/models/hosts.go:168.44,170.2 1 0
github.com/byteport/api/models/hosts.go:173.52,176.2 2 0
github.com/byteport/api/models/projects.go:51.51,53.2 1 0
github.com/byteport/api/models/projects.go:54.57,56.2 1 0
github.com/byteport/api/models/projects.go:57.49,59.26 2 0
github.com/byteport/api/models/projects.go:59.26,62.17 3 0
github.com/byteport/api/models/projects.go:62.17,64.4 1 0
github.com/byteport/api/models/projects.go:65.3,66.57 2 0
github.com/byteport/api/models/projects.go:68.2,68.18 1 0
github.com/byteport/api/models/projects.go:68.18,71.3 2 0
github.com/byteport/api/models/projects.go:72.2,72.12 1 0
github.com/byteport/api/models/projects.go:75.48,76.29 1 0
github.com/byteport/api/models/projects.go:76.29,78.3 1 0
github.com/byteport/api/models/projects.go:79.2,80.12 2 0
github.com/byteport/api/models/providers.go:80.42,82.2 1 0
github.com/byteport/api/models/providers.go:84.44,86.2 1 0
github.com/byteport/api/models/providers.go:88.40,90.2 1 0
github.com/byteport/api/models/providers.go:95.65,99.2 1 0
github.com/byteport/api/models/providers.go:102.84,106.2 1 0
github.com/byteport/api/models/providers.go:111.69,115.2 1 0
github.com/byteport/api/models/providers.go:118.64,121.35 2 0
github.com/byteport/api/models/providers.go:121.35,123.3 1 0
github.com/byteport/api/models/providers.go:124.2,124.35 1 0
github.com/byteport/api/models/providers.go:124.35,126.3 1 0
github.com/byteport/api/models/providers.go:127.2,127.37 1 0
github.com/byteport/api/models/providers.go:127.37,129.3 1 0
github.com/byteport/api/models/providers.go:131.2,131.15 1 0
github.com/byteport/api/models/providers.go:137.43,139.2 1 0
github.com/byteport/api/models/providers.go:142.43,144.2 1 0
github.com/byteport/api/internal/container/container.go:34.43,46.2 6 1
github.com/byteport/api/internal/container/container.go:49.40,51.2 1 1
github.com/byteport/api/internal/container/container.go:54.42,56.2 1 1
github.com/byteport/api/internal/container/container.go:59.36,83.2 5 1
github.com/byteport/api/internal/container/container.go:86.36,94.2 1 1
github.com/byteport/api/testhelpers/database.go:26.40,43.16 4 0
github.com/byteport/api/testhelpers/database.go:43.16,45.3 1 0
github.com/byteport/api/testhelpers/database.go:48.2,49.16 2 0
github.com/byteport/api/testhelpers/database.go:49.16,51.3 1 0
github.com/byteport/api/testhelpers/database.go:54.2,57.16 2 0
github.com/byteport/api/testhelpers/database.go:57.16,59.3 1 0
github.com/byteport/api/testhelpers/database.go:62.2,63.16 2 0
github.com/byteport/api/testhelpers/database.go:63.16,65.3 1 0
github.com/byteport/api/testhelpers/database.go:67.2,67.37 1 0
github.com/byteport/api/testhelpers/database.go:67.37,69.3 1 0
github.com/byteport/api/testhelpers/database.go:71.2,78.19 2 0
github.com/byteport/api/testhelpers/database.go:78.19,80.3 1 0
github.com/byteport/api/testhelpers/database.go:82.2,82.15 1 0
github.com/byteport/api/testhelpers/database.go:86.30,87.19 1 0
github.com/byteport/api/testhelpers/database.go:87.19,89.17 2 0
github.com/byteport/api/testhelpers/database.go:89.17,91.4 1 0
github.com/byteport/api/testhelpers/database.go:94.2,94.26 1 0
github.com/byteport/api/testhelpers/database.go:94.26,98.3 3 0
github.com/byteport/api/testhelpers/database.go:102.60,103.35 1 0
github.com/byteport/api/testhelpers/database.go:103.35,104.92 1 0
github.com/byteport/api/testhelpers/database.go:104.92,106.4 1 0
github.com/byteport/api/testhelpers/database.go:108.2,108.12 1 0
github.com/byteport/api/testhelpers/database.go:112.68,113.52 1 0
github.com/byteport/api/testhelpers/database.go:113.52,114.32 1 0
github.com/byteport/api/testhelpers/database.go:114.32,116.4 1 0
github.com/byteport/api/testhelpers/database.go:118.3,118.37 1 0
github.com/byteport/api/testhelpers/database.go:123.48,125.2 1 0
github.com/byteport/api/testhelpers/database.go:128.63,130.2 1 0
github.com/byteport/api/testhelpers/fixtures.go:164.60,175.37 2 0
github.com/byteport/api/testhelpers/fixtures.go:175.37,177.3 1 0
github.com/byteport/api/testhelpers/fixtures.go:179.2,179.13 1 0
github.com/byteport/api/testhelpers/fixtures.go:183.84,196.37 2 0
github.com/byteport/api/testhelpers/fixtures.go:196.37,198.3 1 0
github.com/byteport/api/testhelpers/fixtures.go:200.2,200.16 1 0
github.com/byteport/api/testhelpers/fixtures.go:204.96,217.37 2 0
github.com/byteport/api/testhelpers/fixtures.go:217.37,219.3 1 0
github.com/byteport/api/testhelpers/fixtures.go:221.2,221.19 1 0
github.com/byteport/api/testhelpers/http.go:30.31,33.2 2 0
github.com/byteport/api/testhelpers/http.go:36.83,39.31 2 0
github.com/byteport/api/testhelpers/http.go:39.31,40.37 1 0
github.com/byteport/api/testhelpers/http.go:40.37,45.22 3 0
github.com/byteport/api/testhelpers/http.go:45.22,49.5 3 0
github.com/byteport/api/testhelpers/http.go:52.4,56.39 3 0
github.com/byteport/api/testhelpers/http.go:56.39,58.5 1 0
github.com/byteport/api/testhelpers/http.go:61.4,68.30 4 0
github.com/byteport/api/testhelpers/http.go:68.30,73.62 4 0
github.com/byteport/api/testhelpers/http.go:73.62,75.6 1 0
github.com/byteport/api/testhelpers/http.go:79.4,79.31 1 0
github.com/byteport/api/testhelpers/http.go:79.31,81.5 1 0
github.com/byteport/api/testhelpers/http.go:87.83,90.17 2 0
github.com/byteport/api/testhelpers/http.go:90.17,92.17 2 0
github.com/byteport/api/testhelpers/http.go:92.17,94.4 1 0
github.com/byteport/api/testhelpers/http.go:95.3,95.42 1 0
github.com/byteport/api/testhelpers/http.go:98.2,99.16 2 0
github.com/byteport/api/testhelpers/http.go:99.16,101.3 1 0
github.com/byteport/api/testhelpers/http.go:103.2,104.17 2 0
github.com/byteport/api/testhelpers/http.go:108.91,114.2 4 0
github.com/byteport/api/testhelpers/http.go:117.94,123.52 4 0
github.com/byteport/api/testhelpers/http.go:123.52,125.3 1 0
github.com/byteport/api/testhelpers/http.go:129.97,139.2 5 0
github.com/byteport/api/testhelpers/http.go:142.102,146.50 3 0
github.com/byteport/api/testhelpers/http.go:146.50,149.3 2 0
github.com/byteport/api/testhelpers/http.go:153.109,155.16 2 0
github.com/byteport/api/testhelpers/http.go:155.16,157.3 1 0
github.com/byteport/api/testhelpers/http.go:160.2,163.17 3 0
github.com/byteport/api/testhelpers/http.go:167.51,171.2 1 0
github.com/byteport/api/testhelpers/http.go:174.44,175.30 1 0
github.com/byteport/api/testhelpers/http.go:175.30,177.23 2 0
github.com/byteport/api/testhelpers/http.go:177.23,181.4 3 0
github.com/byteport/api/testhelpers/http.go:184.3,184.58 1 0
github.com/byteport/api/testhelpers/http.go:184.58,188.4 3 0
github.com/byteport/api/testhelpers/http.go:188.9,192.4 3 0
github.com/byteport/api/testhelpers/http.go:194.3,194.11 1 0
github.com/byteport/api/testhelpers/http.go:199.97,206.39 5 0
github.com/byteport/api/testhelpers/http.go:206.39,209.3 2 0
github.com/byteport/api/testhelpers/http.go:213.69,217.2 1 0
github.com/byteport/api/internal/infrastructure/http/middleware/auth.go:11.39,12.30 1 1
github.com/byteport/api/internal/infrastructure/http/middleware/auth.go:12.30,15.23 2 1
github.com/byteport/api/internal/infrastructure/http/middleware/auth.go:15.23,22.4 3 1
github.com/byteport/api/internal/infrastructure/http/middleware/auth.go:25.3,26.46 2 1
github.com/byteport/api/internal/infrastructure/http/middleware/auth.go:26.46,33.4 3 1
github.com/byteport/api/internal/infrastructure/http/middleware/auth.go:35.3,40.17 3 1
github.com/byteport/api/internal/infrastructure/http/middleware/auth.go:40.17,47.4 3 0
github.com/byteport/api/internal/infrastructure/http/middleware/auth.go:50.3,52.11 2 1
github.com/byteport/api/internal/infrastructure/http/middleware/auth.go:58.50,62.2 1 1
github.com/byteport/api/internal/infrastructure/http/middleware/auth.go:65.47,66.30 1 1
github.com/byteport/api/internal/infrastructure/http/middleware/auth.go:66.30,68.23 2 1
github.com/byteport/api/internal/infrastructure/http/middleware/auth.go:68.23,70.47 2 1
github.com/byteport/api/internal/infrastructure/http/middleware/auth.go:70.47,72.58 2 1
github.com/byteport/api/internal/infrastructure/http/middleware/auth.go:72.58,74.6 1 1
github.com/byteport/api/internal/infrastructure/http/middleware/auth.go:77.3,77.11 1 1
github.com/byteport/api/internal/domain/deployment/deployment.go:54.82,55.16 1 1
github.com/byteport/api/internal/domain/deployment/deployment.go:55.16,57.3 1 1
github.com/byteport/api/internal/domain/deployment/deployment.go:58.2,58.17 1 1
github.com/byteport/api/internal/domain/deployment/deployment.go:58.17,60.3 1 1
github.com/byteport/api/internal/domain/deployment/deployment.go:62.2,76.9 2 1
github.com/byteport/api/internal/domain/deployment/deployment.go:87.15,103.2 1 1
github.com/byteport/api/internal/domain/deployment/deployment.go:106.36,108.2 1 1
github.com/byteport/api/internal/domain/deployment/deployment.go:111.36,113.2 1 1
github.com/byteport/api/internal/domain/deployment/deployment.go:116.37,118.2 1 1
github.com/byteport/api/internal/domain/deployment/deployment.go:121.38,123.2 1 1
github.com/byteport/api/internal/domain/deployment/deployment.go:126.57,128.2 1 1
github.com/byteport/api/internal/domain/deployment/deployment.go:131.53,133.2 1 1
github.com/byteport/api/internal/domain/deployment/deployment.go:136.43,138.2 1 1
github.com/byteport/api/internal/domain/deployment/deployment.go:141.44,143.2 1 1
github.com/byteport/api/internal/domain/deployment/deployment.go:146.44,148.2 1 1
github.com/byteport/api/internal/domain/deployment/deployment.go:151.46,153.2 1 1
github.com/byteport/api/internal/domain/deployment/deployment.go:156.48,158.2 1 1
github.com/byteport/api/internal/domain/deployment/deployment.go:161.44,163.2 1 1
github.com/byteport/api/internal/domain/deployment/deployment.go:166.50,168.2 1 1
github.com/byteport/api/internal/domain/deployment/deployment.go:171.49,173.2 1 1
github.com/byteport/api/internal/domain/deployment/deployment.go:176.53,177.32 1 1
github.com/byteport/api/internal/domain/deployment/deployment.go:177.32,179.3 1 1
github.com/byteport/api/internal/domain/deployment/deployment.go:181.2,185.30 3 1
github.com/byteport/api/internal/domain/deployment/deployment.go:185.30,188.3 2 1
github.com/byteport/api/internal/domain/deployment/deployment.go:188.8,188.39 1 1
github.com/byteport/api/internal/domain/deployment/deployment.go:188.39,191.3 2 1
github.com/byteport/api/internal/domain/deployment/deployment.go:193.2,193.12 1 1
github.com/byteport/api/internal/domain/deployment/deployment.go:197.61,209.28 3 1
github.com/byteport/api/internal/domain/deployment/deployment.go:209.28,210.21 1 1
github.com/byteport/api/internal/domain/deployment/deployment.go:210.21,212.4 1 1
github.com/byteport/api/internal/domain/deployment/deployment.go:215.2,215.14 1 1
github.com/byteport/api/internal/domain/deployment/deployment.go:219.66,220.24 1 1
github.com/byteport/api/internal/domain/deployment/deployment.go:220.24,222.3 1 1
github.com/byteport/api/internal/domain/deployment/deployment.go:223.2,223.24 1 1
github.com/byteport/api/internal/domain/deployment/deployment.go:223.24,225.3 1 1
github.com/byteport/api/internal/domain/deployment/deployment.go:226.2,226.28 1 1
github.com/byteport/api/internal/domain/deployment/deployment.go:226.28,228.3 1 1
github.com/byteport/api/internal/domain/deployment/deployment.go:231.2,231.38 1 1
github.com/byteport/api/internal/domain/deployment/deployment.go:231.38,232.36 1 1
github.com/byteport/api/internal/domain/deployment/deployment.go:232.36,234.4 1 1
github.com/byteport/api/internal/domain/deployment/deployment.go:237.2,240.12 3 1
github.com/byteport/api/internal/domain/deployment/deployment.go:244.62,245.37 1 1
github.com/byteport/api/internal/domain/deployment/deployment.go:245.37,246.34 1 1
github.com/byteport/api/internal/domain/deployment/deployment.go:246.34,250.4 3 1
github.com/byteport/api/internal/domain/deployment/deployment.go:253.2,253.40 1 1
github.com/byteport/api/internal/domain/deployment/deployment.go:257.71,260.2 2 1
github.com/byteport/api/internal/domain/deployment/deployment.go:263.51,264.22 1 1
github.com/byteport/api/internal/domain/deployment/deployment.go:264.22,266.3 1 1
github.com/byteport/api/internal/domain/deployment/deployment.go:267.2,268.32 2 1
github.com/byteport/api/internal/domain/deployment/deployment.go:272.54,275.2 2 1
github.com/byteport/api/internal/domain/deployment/deployment.go:278.58,281.2 2 1
github.com/byteport/api/internal/domain/deployment/deployment.go:284.38,286.2 1 1
github.com/byteport/api/internal/domain/deployment/deployment.go:289.38,291.2 1 1
github.com/byteport/api/internal/domain/deployment/deployment.go:294.42,296.2 1 1
github.com/byteport/api/internal/domain/deployment/deployment.go:299.51,300.54 1 1
github.com/byteport/api/internal/domain/deployment/deployment.go:300.54,302.3 1 1
github.com/byteport/api/internal/domain/deployment/deployment.go:304.2,305.44 2 1
github.com/byteport/api/internal/domain/deployment/deployment.go:305.44,307.3 1 1
github.com/byteport/api/internal/domain/deployment/deployment.go:309.2,309.14 1 1
github.com/byteport/api/internal/domain/deployment/deployment.go:313.39,314.18 1 1
github.com/byteport/api/internal/domain/deployment/deployment.go:314.18,316.3 1 1
github.com/byteport/api/internal/domain/deployment/deployment.go:317.2,317.18 1 1
github.com/byteport/api/internal/domain/deployment/deployment.go:317.18,319.3 1 1
github.com/byteport/api/internal/domain/deployment/deployment.go:320.2,320.19 1 1
github.com/byteport/api/internal/domain/deployment/deployment.go:320.19,322.3 1 1
github.com/byteport/api/internal/domain/deployment/deployment.go:323.2,323.25 1 1
github.com/byteport/api/internal/domain/deployment/deployment.go:323.25,325.3 1 1
github.com/byteport/api/internal/domain/deployment/deployment.go:327.2,327.12 1 1
github.com/byteport/api/internal/domain/deployment/errors.go:12.38,13.18 1 1
github.com/byteport/api/internal/domain/deployment/errors.go:13.18,15.3 1 1
github.com/byteport/api/internal/domain/deployment/errors.go:16.2,16.49 1 1
github.com/byteport/api/internal/domain/deployment/errors.go:19.38,21.2 1 1
github.com/byteport/api/internal/domain/deployment/errors.go:25.61,30.2 1 1
github.com/byteport/api/internal/domain/deployment/errors.go:32.52,37.2 1 1
github.com/byteport/api/internal/domain/deployment/errors.go:39.54,44.2 1 1
github.com/byteport/api/internal/domain/deployment/errors.go:46.62,51.2 1 1
github.com/byteport/api/internal/domain/deployment/service.go:30.54,34.2 1 1
github.com/byteport/api/internal/domain/deployment/service.go:37.95,38.23 1 1
github.com/byteport/api/internal/domain/deployment/service.go:38.23,40.3 1 1
github.com/byteport/api/internal/domain/deployment/service.go:43.2,43.46 1 1
github.com/byteport/api/internal/domain/deployment/service.go:43.46,45.3 1 1
github.com/byteport/api/internal/domain/deployment/service.go:48.2,49.16 2 1
github.com/byteport/api/internal/domain/deployment/service.go:49.16,51.3 1 1
github.com/byteport/api/internal/domain/deployment/service.go:53.2,53.44 1 1
github.com/byteport/api/internal/domain/deployment/service.go:53.44,54.83 1 1
github.com/byteport/api/internal/domain/deployment/service.go:54.83,56.4 1 1
github.com/byteport/api/internal/domain/deployment/service.go:59.2,59.12 1 1
github.com/byteport/api/internal/domain/deployment/service.go:63.117,65.16 2 1
github.com/byteport/api/internal/domain/deployment/service.go:65.16,67.3 1 1
github.com/byteport/api/internal/domain/deployment/service.go:69.2,69.23 1 1
github.com/byteport/api/internal/domain/deployment/service.go:69.23,71.3 1 1
github.com/byteport/api/internal/domain/deployment/service.go:74.2,74.44 1 1
github.com/byteport/api/internal/domain/deployment/service.go:78.112,84.44 2 1
github.com/byteport/api/internal/domain/deployment/service.go:84.44,88.3 2 1
github.com/byteport/api/internal/domain/deployment/service.go:90.2,91.33 2 1
github.com/byteport/api/internal/domain/deployment/service.go:91.33,93.3 1 1
github.com/byteport/api/internal/domain/deployment/service.go:95.2,98.8 1 1
github.com/byteport/api/internal/domain/deployment/service.go:102.140,113.13 3 1
github.com/byteport/api/internal/domain/deployment/service.go:113.13,115.3 1 1
github.com/byteport/api/internal/domain/deployment/service.go:117.2,117.22 1 1
github.com/byteport/api/internal/domain/deployment/service.go:121.64,142.49 2 1
github.com/byteport/api/internal/domain/deployment/service.go:142.49,143.46 1 1
github.com/byteport/api/internal/domain/deployment/service.go:143.46,145.4 1 1
github.com/byteport/api/internal/domain/deployment/service.go:148.2,148.12 1 1
github.com/byteport/api/internal/domain/deployment/status.go:17.32,18.11 1 1
github.com/byteport/api/internal/domain/deployment/status.go:20.67,21.14 1 1
github.com/byteport/api/internal/domain/deployment/status.go:22.10,23.15 1 1
github.com/byteport/api/internal/domain/deployment/status.go:28.33,30.2 1 1
github.com/byteport/api/internal/domain/deployment/status.go:33.32,35.2 1 1
github.com/byteport/api/internal/domain/deployment/status.go:38.39,40.2 1 1
github.com/byteport/api/lib/cloud/errors.go:39.37,40.22 1 0
github.com/byteport/api/lib/cloud/errors.go:40.22,42.3 1 0
github.com/byteport/api/lib/cloud/errors.go:43.2,43.66 1 0
github.com/byteport/api/lib/cloud/errors.go:47.37,49.2 1 1
github.com/byteport/api/lib/cloud/errors.go:52.44,54.9 2 1
github.com/byteport/api/lib/cloud/errors.go:54.9,56.3 1 1
github.com/byteport/api/lib/cloud/errors.go:57.2,57.53 1 0
github.com/byteport/api/lib/cloud/errors.go:66.89,77.2 1 0
github.com/byteport/api/lib/cloud/errors.go:88.101,101.2 1 0
github.com/byteport/api/lib/cloud/errors.go:110.75,121.2 1 1
github.com/byteport/api/lib/cloud/errors.go:129.83,140.2 1 1
github.com/byteport/api/lib/cloud/errors.go:149.85,160.2 1 0
github.com/byteport/api/lib/cloud/errors.go:169.92,181.2 1 1
github.com/byteport/api/lib/cloud/errors.go:190.85,202.2 1 1
github.com/byteport/api/lib/cloud/errors.go:210.109,222.2 1 0
github.com/byteport/api/lib/cloud/errors.go:231.74,242.2 1 1
github.com/byteport/api/lib/cloud/errors.go:282.54,283.16 1 1
github.com/byteport/api/lib/cloud/errors.go:283.16,285.3 1 0
github.com/byteport/api/lib/cloud/errors.go:288.2,289.33 2 1
github.com/byteport/api/lib/cloud/errors.go:289.33,290.28 1 1
github.com/byteport/api/lib/cloud/errors.go:290.28,292.4 1 0
github.com/byteport/api/lib/cloud/errors.go:293.3,293.51 1 1
github.com/byteport/api/lib/cloud/errors.go:293.51,294.39 1 1
github.com/byteport/api/lib/cloud/errors.go:294.39,296.5 1 1
github.com/byteport/api/lib/cloud/errors.go:300.2,301.38 2 1
github.com/byteport/api/lib/cloud/errors.go:301.38,302.33 1 1
github.com/byteport/api/lib/cloud/errors.go:302.33,304.4 1 0
github.com/byteport/api/lib/cloud/errors.go:305.3,305.51 1 1
github.com/byteport/api/lib/cloud/errors.go:305.51,306.44 1 1
github.com/byteport/api/lib/cloud/errors.go:306.44,308.5 1 1
github.com/byteport/api/lib/cloud/errors.go:312.2,313.31 2 1
github.com/byteport/api/lib/cloud/errors.go:313.31,314.26 1 0
github.com/byteport/api/lib/cloud/errors.go:314.26,316.4 1 0
github.com/byteport/api/lib/cloud/errors.go:317.3,317.51 1 0
github.com/byteport/api/lib/cloud/errors.go:317.51,318.37 1 0
github.com/byteport/api/lib/cloud/errors.go:318.37,320.5 1 0
github.com/byteport/api/lib/cloud/errors.go:324.2,325.34 2 1
github.com/byteport/api/lib/cloud/errors.go:325.34,326.29 1 0
github.com/byteport/api/lib/cloud/errors.go:326.29,328.4 1 0
github.com/byteport/api/lib/cloud/errors.go:329.3,329.51 1 0
github.com/byteport/api/lib/cloud/errors.go:329.51,330.40 1 0
github.com/byteport/api/lib/cloud/errors.go:330.40,332.5 1 0
github.com/byteport/api/lib/cloud/errors.go:337.2,338.31 2 1
github.com/byteport/api/lib/cloud/errors.go:338.31,339.26 1 0
github.com/byteport/api/lib/cloud/errors.go:339.26,341.4 1 0
github.com/byteport/api/lib/cloud/errors.go:342.3,342.51 1 0
github.com/byteport/api/lib/cloud/errors.go:342.51,343.37 1 0
github.com/byteport/api/lib/cloud/errors.go:343.37,345.5 1 0
github.com/byteport/api/lib/cloud/errors.go:350.2,350.76 1 1
github.com/byteport/api/lib/cloud/errors.go:350.76,352.3 1 0
github.com/byteport/api/lib/cloud/errors.go:354.2,354.14 1 1
github.com/byteport/api/lib/cloud/errors.go:358.70,359.34 1 1
github.com/byteport/api/lib/cloud/errors.go:359.34,361.3 1 1
github.com/byteport/api/lib/cloud/errors.go:363.2,364.31 2 1
github.com/byteport/api/lib/cloud/errors.go:364.31,366.30 2 1
github.com/byteport/api/lib/cloud/errors.go:366.30,368.9 2 0
github.com/byteport/api/lib/cloud/errors.go:372.2,372.19 1 1
github.com/byteport/api/lib/cloud/errors.go:372.19,376.3 2 0
github.com/byteport/api/lib/cloud/errors.go:378.2,378.14 1 1
github.com/byteport/api/lib/cloud/errors.go:382.96,394.2 1 0
github.com/byteport/api/lib/cloud/example_provider.go:22.73,52.2 1 0
github.com/byteport/api/lib/cloud/example_provider.go:55.58,57.2 1 0
github.com/byteport/api/lib/cloud/example_provider.go:60.76,61.62 1 0
github.com/byteport/api/lib/cloud/example_provider.go:61.62,62.36 1 0
github.com/byteport/api/lib/cloud/example_provider.go:62.36,64.4 1 0
github.com/byteport/api/lib/cloud/example_provider.go:66.2,66.14 1 0
github.com/byteport/api/lib/cloud/example_provider.go:70.58,72.2 1 0
github.com/byteport/api/lib/cloud/example_provider.go:75.90,82.2 2 0
github.com/byteport/api/lib/cloud/example_provider.go:85.74,89.2 1 0
github.com/byteport/api/lib/cloud/example_provider.go:92.105,93.38 1 0
github.com/byteport/api/lib/cloud/example_provider.go:93.38,95.3 1 0
github.com/byteport/api/lib/cloud/example_provider.go:97.2,97.21 1 0
github.com/byteport/api/lib/cloud/example_provider.go:98.36,99.40 1 0
github.com/byteport/api/lib/cloud/example_provider.go:100.38,101.39 1 0
github.com/byteport/api/lib/cloud/example_provider.go:102.10,103.67 1 0
github.com/byteport/api/lib/cloud/example_provider.go:108.106,137.2 2 0
github.com/byteport/api/lib/cloud/example_provider.go:140.105,143.2 1 0
github.com/byteport/api/lib/cloud/example_provider.go:146.90,151.2 1 0
github.com/byteport/api/lib/cloud/example_provider.go:154.116,161.2 1 0
github.com/byteport/api/lib/cloud/example_provider.go:164.80,169.2 1 0
github.com/byteport/api/lib/cloud/example_provider.go:172.106,178.2 1 0
github.com/byteport/api/lib/cloud/example_provider.go:181.105,196.2 1 0
github.com/byteport/api/lib/cloud/example_provider.go:199.106,204.2 1 0
github.com/byteport/api/lib/cloud/example_provider.go:207.84,210.2 1 0
github.com/byteport/api/lib/cloud/example_provider.go:213.112,216.2 1 0
github.com/byteport/api/lib/cloud/example_provider.go:219.117,222.2 1 0
github.com/byteport/api/lib/cloud/example_provider.go:225.107,242.2 1 0
github.com/byteport/api/lib/cloud/example_provider.go:245.118,248.2 1 0
github.com/byteport/api/lib/cloud/example_provider.go:251.102,254.2 1 0
github.com/byteport/api/lib/cloud/example_provider.go:256.104,259.2 1 0
github.com/byteport/api/lib/cloud/example_provider.go:261.97,264.2 1 0
github.com/byteport/api/lib/cloud/example_provider.go:267.14,289.2 0 1
github.com/byteport/api/lib/cloud/registry.go:27.37,28.25 1 0
github.com/byteport/api/lib/cloud/registry.go:28.25,32.3 1 0
github.com/byteport/api/lib/cloud/registry.go:33.2,33.23 1 0
github.com/byteport/api/lib/cloud/registry.go:37.95,41.25 3 0
github.com/byteport/api/lib/cloud/registry.go:41.25,50.3 1 0
github.com/byteport/api/lib/cloud/registry.go:52.2,52.20 1 0
github.com/byteport/api/lib/cloud/registry.go:52.20,61.3 1 0
github.com/byteport/api/lib/cloud/registry.go:63.2,63.53 1 0
github.com/byteport/api/lib/cloud/registry.go:63.53,73.3 1 0
github.com/byteport/api/lib/cloud/registry.go:75.2,80.12 2 0
github.com/byteport/api/lib/cloud/registry.go:84.66,88.53 3 0
github.com/byteport/api/lib/cloud/registry.go:88.53,98.3 1 0
github.com/byteport/api/lib/cloud/registry.go:100.2,101.12 2 0
github.com/byteport/api/lib/cloud/registry.go:105.101,110.13 4 0
github.com/byteport/api/lib/cloud/registry.go:110.13,120.3 1 0
github.com/byteport/api/lib/cloud/registry.go:122.2,123.16 2 0
github.com/byteport/api/lib/cloud/registry.go:123.16,125.3 1 0
github.com/byteport/api/lib/cloud/registry.go:127.2,127.22 1 0
github.com/byteport/api/lib/cloud/registry.go:131.54,136.41 4 0
github.com/byteport/api/lib/cloud/registry.go:136.41,138.3 1 0
github.com/byteport/api/lib/cloud/registry.go:140.2,140.21 1 0
github.com/byteport/api/lib/cloud/registry.go:144.90,149.13 4 0
github.com/byteport/api/lib/cloud/registry.go:149.13,151.3 1 0
github.com/byteport/api/lib/cloud/registry.go:153.2,153.71 1 0
github.com/byteport/api/lib/cloud/registry.go:153.71,154.36 1 0
github.com/byteport/api/lib/cloud/registry.go:154.36,156.4 1 0
github.com/byteport/api/lib/cloud/registry.go:159.2,159.14 1 0
github.com/byteport/api/lib/cloud/registry.go:163.88,168.13 4 0
github.com/byteport/api/lib/cloud/registry.go:168.13,178.3 1 0
github.com/byteport/api/lib/cloud/registry.go:180.2,180.34 1 0
github.com/byteport/api/lib/cloud/registry.go:184.71,185.66 1 0
github.com/byteport/api/lib/cloud/registry.go:185.66,186.81 1 0
github.com/byteport/api/lib/cloud/registry.go:191.47,193.16 2 0
github.com/byteport/api/lib/cloud/registry.go:193.16,195.3 1 0
github.com/byteport/api/lib/cloud/registry.go:197.2,201.15 4 0
github.com/byteport/api/lib/cloud/registry.go:205.64,210.40 4 0
github.com/byteport/api/lib/cloud/registry.go:210.40,211.61 1 0
github.com/byteport/api/lib/cloud/registry.go:211.61,212.37 1 0
github.com/byteport/api/lib/cloud/registry.go:212.37,214.10 2 0
github.com/byteport/api/lib/cloud/registry.go:219.2,219.18 1 0
github.com/byteport/api/lib/cloud/registry.go:231.66,234.16 3 0
github.com/byteport/api/lib/cloud/registry.go:234.16,236.3 1 0
github.com/byteport/api/lib/cloud/registry.go:238.2,243.8 1 0
github.com/byteport/api/auth_handlers.go:15.43,21.47 2 1
github.com/byteport/api/auth_handlers.go:21.47,24.3 2 1
github.com/byteport/api/auth_handlers.go:27.2,30.54 3 1
github.com/byteport/api/auth_handlers.go:30.54,33.3 2 1
github.com/byteport/api/auth_handlers.go:36.2,46.16 5 0
github.com/byteport/api/auth_handlers.go:46.16,49.3 2 0
github.com/byteport/api/auth_handlers.go:50.2,57.70 3 0
github.com/byteport/api/auth_handlers.go:57.70,60.3 2 0
github.com/byteport/api/auth_handlers.go:63.2,68.16 5 0
github.com/byteport/api/auth_handlers.go:68.16,71.3 2 0
github.com/byteport/api/auth_handlers.go:72.2,81.73 3 0
github.com/byteport/api/auth_handlers.go:81.73,84.3 2 0
github.com/byteport/api/auth_handlers.go:87.2,90.25 3 0
github.com/byteport/api/auth_handlers.go:90.25,99.55 3 0
github.com/byteport/api/auth_handlers.go:99.55,102.4 2 0
github.com/byteport/api/auth_handlers.go:107.2,123.4 3 0
github.com/byteport/api/auth_handlers.go:127.36,131.79 3 1
github.com/byteport/api/auth_handlers.go:131.79,134.3 2 1
github.com/byteport/api/auth_handlers.go:136.2,136.29 1 1
github.com/byteport/api/handlers.go:35.59,36.30 1 1
github.com/byteport/api/handlers.go:36.30,38.48 2 1
github.com/byteport/api/handlers.go:38.48,44.4 2 1
github.com/byteport/api/handlers.go:47.3,47.25 1 1
github.com/byteport/api/handlers.go:47.25,49.4 1 1
github.com/byteport/api/handlers.go:52.3,52.37 1 1
github.com/byteport/api/handlers.go:52.37,58.4 2 1
github.com/byteport/api/handlers.go:61.3,92.5 5 1
github.com/byteport/api/handlers.go:97.68,98.30 1 1
github.com/byteport/api/handlers.go:98.30,102.35 3 1
github.com/byteport/api/handlers.go:102.35,111.4 1 1
github.com/byteport/api/handlers.go:113.3,116.5 1 1
github.com/byteport/api/handlers.go:121.66,122.30 1 1
github.com/byteport/api/handlers.go:122.30,126.24 3 1
github.com/byteport/api/handlers.go:126.24,131.4 2 1
github.com/byteport/api/handlers.go:133.3,133.36 1 1
github.com/byteport/api/handlers.go:138.72,139.30 1 1
github.com/byteport/api/handlers.go:139.30,143.24 3 1
github.com/byteport/api/handlers.go:143.24,148.4 2 1
github.com/byteport/api/handlers.go:151.3,158.5 4 1
github.com/byteport/api/handlers.go:163.62,164.30 1 1
github.com/byteport/api/handlers.go:164.30,168.24 3 1
github.com/byteport/api/handlers.go:168.24,173.4 2 1
github.com/byteport/api/handlers.go:175.3,182.32 2 1
github.com/byteport/api/handlers.go:187.60,188.30 1 1
github.com/byteport/api/handlers.go:188.30,192.24 3 1
github.com/byteport/api/handlers.go:192.24,197.4 2 1
github.com/byteport/api/handlers.go:200.3,226.5 2 1
github.com/byteport/api/handlers.go:231.63,232.30 1 1
github.com/byteport/api/handlers.go:232.30,236.24 3 1
github.com/byteport/api/handlers.go:236.24,241.4 2 1
github.com/byteport/api/handlers.go:244.3,256.33 2 1
github.com/byteport/api/handlers.go:261.42,267.47 2 1
github.com/byteport/api/handlers.go:267.47,270.3 2 1
github.com/byteport/api/handlers.go:272.2,279.37 2 1
github.com/byteport/api/handlers.go:283.41,294.2 2 1
github.com/byteport/api/handlers.go:297.39,309.2 3 1
github.com/byteport/api/handlers.go:312.42,319.2 2 1
github.com/byteport/api/handlers.go:322.38,327.47 2 1
github.com/byteport/api/handlers.go:327.47,330.3 2 1
github.com/byteport/api/handlers.go:333.2,340.34 2 1
github.com/byteport/api/handlers.go:344.41,350.47 2 1
github.com/byteport/api/handlers.go:350.47,353.3 2 1
github.com/byteport/api/handlers.go:355.2,369.29 2 1
github.com/byteport/api/handlers.go:373.43,376.50 2 1
github.com/byteport/api/handlers.go:376.50,379.3 2 1
github.com/byteport/api/handlers.go:381.2,387.35 2 1
github.com/byteport/api/handlers.go:392.51,393.17 1 1
github.com/byteport/api/handlers.go:394.18,395.18 1 1
github.com/byteport/api/handlers.go:396.17,397.18 1 1
github.com/byteport/api/handlers.go:398.18,399.20 1 1
github.com/byteport/api/handlers.go:400.10,401.18 1 1
github.com/byteport/api/handlers.go:405.44,407.26 2 1
github.com/byteport/api/handlers.go:407.26,408.20 1 1
github.com/byteport/api/handlers.go:408.20,410.4 1 1
github.com/byteport/api/handlers.go:412.2,412.14 1 1
github.com/byteport/api/handlers.go:415.58,416.18 1 1
github.com/byteport/api/handlers.go:417.16,418.52 1 1
github.com/byteport/api/handlers.go:419.17,420.53 1 1
github.com/byteport/api/handlers.go:421.16,422.54 1 1
github.com/byteport/api/handlers.go:423.17,424.56 1 1
github.com/byteport/api/handlers.go:425.18,426.53 1 1
github.com/byteport/api/handlers.go:427.26,428.51 1 1
github.com/byteport/api/handlers.go:429.10,430.53 1 1
github.com/byteport/api/handlers.go:434.37,435.16 1 1
github.com/byteport/api/handlers.go:436.31,437.12 1 1
github.com/byteport/api/handlers.go:438.18,439.13 1 1
github.com/byteport/api/handlers.go:440.16,441.11 1 1
github.com/byteport/api/handlers.go:442.10,443.12 1 1
github.com/byteport/api/handlers.go:447.60,452.23 3 1
github.com/byteport/api/handlers.go:452.23,456.3 3 1
github.com/byteport/api/main.go:16.13,22.47 3 0
github.com/byteport/api/main.go:22.47,24.3 1 0
github.com/byteport/api/main.go:24.8,26.3 1 0
github.com/byteport/api/main.go:28.2,28.28 1 0
github.com/byteport/api/main.go:28.28,30.3 1 0
github.com/byteport/api/main.go:32.2,32.54 1 0
github.com/byteport/api/main.go:32.54,34.3 1 0
github.com/byteport/api/main.go:36.2,38.45 2 0
github.com/byteport/api/main.go:38.45,40.3 1 0
github.com/byteport/api/main.go:42.2,43.16 2 0
github.com/byteport/api/main.go:43.16,45.3 1 0
github.com/byteport/api/main.go:47.2,48.25 2 0
github.com/byteport/api/main.go:48.25,50.3 1 0
github.com/byteport/api/main.go:53.2,63.48 8 0
github.com/byteport/api/main.go:63.48,65.3 1 0
github.com/byteport/api/server.go:21.54,40.2 6 0
github.com/byteport/api/server.go:40.2,51.3 6 0
github.com/byteport/api/server.go:51.3,60.4 4 0
github.com/byteport/api/server.go:60.4,70.5 7 0
github.com/byteport/api/server.go:74.3,79.30 4 0
github.com/byteport/api/server.go:82.2,86.3 1 0
github.com/byteport/api/server.go:89.37,92.29 3 0
github.com/byteport/api/server.go:92.29,94.19 2 0
github.com/byteport/api/server.go:94.19,96.4 1 0
github.com/byteport/api/server.go:98.2,98.23 1 0
github.com/byteport/api/server.go:98.23,105.3 1 0
github.com/byteport/api/server.go:106.2,106.16 1 0
github.com/byteport/api/server.go:110.36,122.2 1 0
github.com/byteport/api/server.go:125.35,131.2 1 0
github.com/byteport/api/server.go:134.33,189.2 1 0
github.com/byteport/api/types.go:30.44,34.2 1 1
github.com/byteport/api/types.go:37.55,41.2 3 1
github.com/byteport/api/types.go:44.54,48.2 3 1
github.com/byteport/api/types.go:51.58,55.2 3 1
github.com/byteport/api/types.go:58.45,62.2 3 0
github.com/byteport/api/types.go:65.48,70.36 4 1
github.com/byteport/api/types.go:70.36,72.3 1 1
github.com/byteport/api/types.go:73.2,73.15 1 1
github.com/byteport/api/repositories/deployment_repository.go:18.50,19.14 1 1
github.com/byteport/api/repositories/deployment_repository.go:19.14,21.3 1 1
github.com/byteport/api/repositories/deployment_repository.go:22.2,22.24 1 1
github.com/byteport/api/repositories/deployment_repository.go:26.51,27.18 1 1
github.com/byteport/api/repositories/deployment_repository.go:27.18,30.3 2 0
github.com/byteport/api/repositories/deployment_repository.go:32.2,33.9 2 1
github.com/byteport/api/repositories/deployment_repository.go:33.9,35.3 1 0
github.com/byteport/api/repositories/deployment_repository.go:37.2,37.33 1 1
github.com/byteport/api/repositories/deployment_repository.go:74.73,76.2 1 1
github.com/byteport/api/repositories/deployment_repository.go:78.73,79.25 1 1
github.com/byteport/api/repositories/deployment_repository.go:79.25,81.3 1 1
github.com/byteport/api/repositories/deployment_repository.go:82.2,85.38 3 1
github.com/byteport/api/repositories/deployment_repository.go:88.76,91.16 3 1
github.com/byteport/api/repositories/deployment_repository.go:91.16,92.36 1 1
github.com/byteport/api/repositories/deployment_repository.go:92.36,94.4 1 1
github.com/byteport/api/repositories/deployment_repository.go:95.3,95.18 1 0
github.com/byteport/api/repositories/deployment_repository.go:97.2,97.25 1 1
github.com/byteport/api/repositories/deployment_repository.go:100.86,104.2 3 1
github.com/byteport/api/repositories/deployment_repository.go:106.73,109.2 2 1
github.com/byteport/api/repositories/deployment_repository.go:111.60,113.2 1 1
github.com/byteport/api/repositories/deployment_repository.go:115.66,119.2 3 1
github.com/byteport/api/repositories/deployment_repository.go:121.86,125.2 3 1
github.com/byteport/api/repositories/deployment_repository.go:127.90,131.2 3 1
github.com/byteport/api/repositories/deployment_repository.go:141.70,145.2 1 1
github.com/byteport/api/repositories/deployment_repository.go:147.77,151.25 3 1
github.com/byteport/api/repositories/deployment_repository.go:151.25,153.3 1 1
github.com/byteport/api/repositories/deployment_repository.go:154.2,158.12 4 1
github.com/byteport/api/repositories/deployment_repository.go:161.80,166.13 4 1
github.com/byteport/api/repositories/deployment_repository.go:166.13,168.3 1 1
github.com/byteport/api/repositories/deployment_repository.go:171.2,172.19 2 1
github.com/byteport/api/repositories/deployment_repository.go:175.90,180.43 4 1
github.com/byteport/api/repositories/deployment_repository.go:180.43,181.34 1 1
github.com/byteport/api/repositories/deployment_repository.go:181.34,184.4 2 1
github.com/byteport/api/repositories/deployment_repository.go:187.2,187.25 1 1
github.com/byteport/api/repositories/deployment_repository.go:190.77,194.56 3 1
github.com/byteport/api/repositories/deployment_repository.go:194.56,196.3 1 0
github.com/byteport/api/repositories/deployment_repository.go:198.2,200.12 3 1
github.com/byteport/api/repositories/deployment_repository.go:203.64,207.45 3 1
github.com/byteport/api/repositories/deployment_repository.go:207.45,209.3 1 0
github.com/byteport/api/repositories/deployment_repository.go:211.2,212.12 2 1
github.com/byteport/api/repositories/deployment_repository.go:215.70,220.43 4 1
github.com/byteport/api/repositories/deployment_repository.go:220.43,223.3 2 1
github.com/byteport/api/repositories/deployment_repository.go:225.2,225.25 1 1
github.com/byteport/api/repositories/deployment_repository.go:228.90,233.43 4 1
github.com/byteport/api/repositories/deployment_repository.go:233.43,234.34 1 1
github.com/byteport/api/repositories/deployment_repository.go:234.34,237.4 2 1
github.com/byteport/api/repositories/deployment_repository.go:240.2,240.25 1 1
github.com/byteport/api/repositories/deployment_repository.go:243.94,248.43 4 1
github.com/byteport/api/repositories/deployment_repository.go:248.43,249.38 1 1
github.com/byteport/api/repositories/deployment_repository.go:249.38,252.4 2 1
github.com/byteport/api/repositories/deployment_repository.go:255.2,255.25 1 1
github.com/byteport/api/internal/infrastructure/persistence/postgres/deployment_repository.go:17.65,19.2 1 1
github.com/byteport/api/internal/infrastructure/persistence/postgres/deployment_repository.go:22.94,24.16 2 1
github.com/byteport/api/internal/infrastructure/persistence/postgres/deployment_repository.go:24.16,26.3 1 0
github.com/byteport/api/internal/infrastructure/persistence/postgres/deployment_repository.go:28.2,29.25 2 1
github.com/byteport/api/internal/infrastructure/persistence/postgres/deployment_repository.go:29.25,31.3 1 1
github.com/byteport/api/internal/infrastructure/persistence/postgres/deployment_repository.go:33.2,33.12 1 1
github.com/byteport/api/internal/infrastructure/persistence/postgres/deployment_repository.go:37.94,39.16 2 1
github.com/byteport/api/internal/infrastructure/persistence/postgres/deployment_repository.go:39.16,41.3 1 0
github.com/byteport/api/internal/infrastructure/persistence/postgres/deployment_repository.go:43.2,48.25 2 1
github.com/byteport/api/internal/infrastructure/persistence/postgres/deployment_repository.go:48.25,50.3 1 0
github.com/byteport/api/internal/infrastructure/persistence/postgres/deployment_repository.go:52.2,52.30 1 1
github.com/byteport/api/internal/infrastructure/persistence/postgres/deployment_repository.go:52.30,54.3 1 1
github.com/byteport/api/internal/infrastructure/persistence/postgres/deployment_repository.go:56.2,56.12 1 1
github.com/byteport/api/internal/infrastructure/persistence/postgres/deployment_repository.go:60.79,65.25 2 1
github.com/byteport/api/internal/infrastructure/persistence/postgres/deployment_repository.go:65.25,67.3 1 0
github.com/byteport/api/internal/infrastructure/persistence/postgres/deployment_repository.go:69.2,69.30 1 1
github.com/byteport/api/internal/infrastructure/persistence/postgres/deployment_repository.go:69.30,71.3 1 1
github.com/byteport/api/internal/infrastructure/persistence/postgres/deployment_repository.go:73.2,73.12 1 1
github.com/byteport/api/internal/infrastructure/persistence/postgres/deployment_repository.go:77.109,81.25 3 1
github.com/byteport/api/internal/infrastructure/persistence/postgres/deployment_repository.go:81.25,82.45 1 1
github.com/byteport/api/internal/infrastructure/persistence/postgres/deployment_repository.go:82.45,84.4 1 1
github.com/byteport/api/internal/infrastructure/persistence/postgres/deployment_repository.go:85.3,85.72 1 0
github.com/byteport/api/internal/infrastructure/persistence/postgres/deployment_repository.go:88.2,89.16 2 1
github.com/byteport/api/internal/infrastructure/persistence/postgres/deployment_repository.go:89.16,91.3 1 0
github.com/byteport/api/internal/infrastructure/persistence/postgres/deployment_repository.go:93.2,93.17 1 1
github.com/byteport/api/internal/infrastructure/persistence/postgres/deployment_repository.go:97.113,101.25 3 1
github.com/byteport/api/internal/infrastructure/persistence/postgres/deployment_repository.go:101.25,103.3 1 0
github.com/byteport/api/internal/infrastructure/persistence/postgres/deployment_repository.go:105.2,106.31 2 1
github.com/byteport/api/internal/infrastructure/persistence/postgres/deployment_repository.go:106.31,108.17 2 1
github.com/byteport/api/internal/infrastructure/persistence/postgres/deployment_repository.go:108.17,110.4 1 0
github.com/byteport/api/internal/infrastructure/persistence/postgres/deployment_repository.go:111.3,111.41 1 1
github.com/byteport/api/internal/infrastructure/persistence/postgres/deployment_repository.go:114.2,114.25 1 1
github.com/byteport/api/internal/infrastructure/persistence/postgres/deployment_repository.go:118.121,122.25 3 1
github.com/byteport/api/internal/infrastructure/persistence/postgres/deployment_repository.go:122.25,124.3 1 0
github.com/byteport/api/internal/infrastructure/persistence/postgres/deployment_repository.go:126.2,127.31 2 1
github.com/byteport/api/internal/infrastructure/persistence/postgres/deployment_repository.go:127.31,129.17 2 1
github.com/byteport/api/internal/infrastructure/persistence/postgres/deployment_repository.go:129.17,131.4 1 0
github.com/byteport/api/internal/infrastructure/persistence/postgres/deployment_repository.go:132.3,132.41 1 1
github.com/byteport/api/internal/infrastructure/persistence/postgres/deployment_repository.go:135.2,135.25 1 1
github.com/byteport/api/internal/infrastructure/persistence/postgres/deployment_repository.go:139.126,143.25 3 1
github.com/byteport/api/internal/infrastructure/persistence/postgres/deployment_repository.go:143.25,145.3 1 0
github.com/byteport/api/internal/infrastructure/persistence/postgres/deployment_repository.go:147.2,148.31 2 1
github.com/byteport/api/internal/infrastructure/persistence/postgres/deployment_repository.go:148.31,150.17 2 1
github.com/byteport/api/internal/infrastructure/persistence/postgres/deployment_repository.go:150.17,152.4 1 0
github.com/byteport/api/internal/infrastructure/persistence/postgres/deployment_repository.go:153.3,153.41 1 1
github.com/byteport/api/internal/infrastructure/persistence/postgres/deployment_repository.go:156.2,156.25 1 1
github.com/byteport/api/internal/infrastructure/persistence/postgres/deployment_repository.go:160.111,168.25 3 1
github.com/byteport/api/internal/infrastructure/persistence/postgres/deployment_repository.go:168.25,170.3 1 0
github.com/byteport/api/internal/infrastructure/persistence/postgres/deployment_repository.go:172.2,173.31 2 1
github.com/byteport/api/internal/infrastructure/persistence/postgres/deployment_repository.go:173.31,175.17 2 1
github.com/byteport/api/internal/infrastructure/persistence/postgres/deployment_repository.go:175.17,177.4 1 0
github.com/byteport/api/internal/infrastructure/persistence/postgres/deployment_repository.go:178.3,178.41 1 1
github.com/byteport/api/internal/infrastructure/persistence/postgres/deployment_repository.go:181.2,181.25 1 1
github.com/byteport/api/internal/infrastructure/persistence/postgres/deployment_repository.go:185.74,189.25 3 1
github.com/byteport/api/internal/infrastructure/persistence/postgres/deployment_repository.go:189.25,191.3 1 0
github.com/byteport/api/internal/infrastructure/persistence/postgres/deployment_repository.go:193.2,193.19 1 1
github.com/byteport/api/internal/infrastructure/persistence/postgres/deployment_repository.go:197.95,204.25 3 1
github.com/byteport/api/internal/infrastructure/persistence/postgres/deployment_repository.go:204.25,206.3 1 0
github.com/byteport/api/internal/infrastructure/persistence/postgres/deployment_repository.go:208.2,208.19 1 1
github.com/byteport/api/internal/infrastructure/persistence/postgres/mapper.go:11.74,25.54 2 1
github.com/byteport/api/internal/infrastructure/persistence/postgres/mapper.go:25.54,27.17 2 1
github.com/byteport/api/internal/infrastructure/persistence/postgres/mapper.go:27.17,29.4 1 0
github.com/byteport/api/internal/infrastructure/persistence/postgres/mapper.go:30.3,30.42 1 1
github.com/byteport/api/internal/infrastructure/persistence/postgres/mapper.go:31.8,33.3 1 1
github.com/byteport/api/internal/infrastructure/persistence/postgres/mapper.go:36.2,36.51 1 1
github.com/byteport/api/internal/infrastructure/persistence/postgres/mapper.go:36.51,38.17 2 1
github.com/byteport/api/internal/infrastructure/persistence/postgres/mapper.go:38.17,40.4 1 0
github.com/byteport/api/internal/infrastructure/persistence/postgres/mapper.go:41.3,41.40 1 1
github.com/byteport/api/internal/infrastructure/persistence/postgres/mapper.go:42.8,44.3 1 1
github.com/byteport/api/internal/infrastructure/persistence/postgres/mapper.go:47.2,47.48 1 1
github.com/byteport/api/internal/infrastructure/persistence/postgres/mapper.go:47.48,49.17 2 1
github.com/byteport/api/internal/infrastructure/persistence/postgres/mapper.go:49.17,51.4 1 0
github.com/byteport/api/internal/infrastructure/persistence/postgres/mapper.go:52.3,52.38 1 1
github.com/byteport/api/internal/infrastructure/persistence/postgres/mapper.go:53.8,55.3 1 1
github.com/byteport/api/internal/infrastructure/persistence/postgres/mapper.go:58.2,58.58 1 1
github.com/byteport/api/internal/infrastructure/persistence/postgres/mapper.go:58.58,60.17 2 1
github.com/byteport/api/internal/infrastructure/persistence/postgres/mapper.go:60.17,62.4 1 0
github.com/byteport/api/internal/infrastructure/persistence/postgres/mapper.go:63.3,63.46 1 1
github.com/byteport/api/internal/infrastructure/persistence/postgres/mapper.go:64.8,66.3 1 1
github.com/byteport/api/internal/infrastructure/persistence/postgres/mapper.go:69.2,69.49 1 1
github.com/byteport/api/internal/infrastructure/persistence/postgres/mapper.go:69.49,71.17 2 1
github.com/byteport/api/internal/infrastructure/persistence/postgres/mapper.go:71.17,73.4 1 0
github.com/byteport/api/internal/infrastructure/persistence/postgres/mapper.go:74.3,74.40 1 1
github.com/byteport/api/internal/infrastructure/persistence/postgres/mapper.go:75.8,77.3 1 1
github.com/byteport/api/internal/infrastructure/persistence/postgres/mapper.go:79.2,79.19 1 1
github.com/byteport/api/internal/infrastructure/persistence/postgres/mapper.go:83.76,99.56 3 1
github.com/byteport/api/internal/infrastructure/persistence/postgres/mapper.go:99.56,101.77 2 1
github.com/byteport/api/internal/infrastructure/persistence/postgres/mapper.go:101.77,103.4 1 0
github.com/byteport/api/internal/infrastructure/persistence/postgres/mapper.go:104.3,104.43 1 1
github.com/byteport/api/internal/infrastructure/persistence/postgres/mapper.go:104.43,106.4 1 1
github.com/byteport/api/internal/infrastructure/persistence/postgres/mapper.go:110.2,110.54 1 1
github.com/byteport/api/internal/infrastructure/persistence/postgres/mapper.go:110.54,112.75 2 1
github.com/byteport/api/internal/infrastructure/persistence/postgres/mapper.go:112.75,114.4 1 0
github.com/byteport/api/internal/infrastructure/persistence/postgres/mapper.go:115.3,115.32 1 1
github.com/byteport/api/internal/infrastructure/persistence/postgres/mapper.go:115.32,116.46 1 1
github.com/byteport/api/internal/infrastructure/persistence/postgres/mapper.go:116.46,118.5 1 0
github.com/byteport/api/internal/infrastructure/persistence/postgres/mapper.go:123.2,123.52 1 1
github.com/byteport/api/internal/infrastructure/persistence/postgres/mapper.go:123.52,125.73 2 1
github.com/byteport/api/internal/infrastructure/persistence/postgres/mapper.go:125.73,127.4 1 0
github.com/byteport/api/internal/infrastructure/persistence/postgres/mapper.go:128.3,128.35 1 1
github.com/byteport/api/internal/infrastructure/persistence/postgres/mapper.go:128.35,130.4 1 1
github.com/byteport/api/internal/infrastructure/persistence/postgres/mapper.go:134.2,134.60 1 1
github.com/byteport/api/internal/infrastructure/persistence/postgres/mapper.go:134.60,136.81 2 1
github.com/byteport/api/internal/infrastructure/persistence/postgres/mapper.go:136.81,138.4 1 0
github.com/byteport/api/internal/infrastructure/persistence/postgres/mapper.go:139.3,139.35 1 1
github.com/byteport/api/internal/infrastructure/persistence/postgres/mapper.go:143.2,143.54 1 1
github.com/byteport/api/internal/infrastructure/persistence/postgres/mapper.go:143.54,145.75 2 1
github.com/byteport/api/internal/infrastructure/persistence/postgres/mapper.go:145.75,147.4 1 0
github.com/byteport/api/internal/infrastructure/persistence/postgres/mapper.go:148.3,148.29 1 1
github.com/byteport/api/internal/infrastructure/persistence/postgres/mapper.go:151.2,151.17 1 1
github.com/byteport/api/internal/infrastructure/persistence/postgres/models.go:30.43,32.2 1 1
