mode: set
github.com/byteport/api/internal/application/deployment/create_deployment.go:20.28,25.2 1 1
github.com/byteport/api/internal/application/deployment/create_deployment.go:31.38,33.20 1 1
github.com/byteport/api/internal/application/deployment/create_deployment.go:33.20,35.3 1 1
github.com/byteport/api/internal/application/deployment/create_deployment.go:36.2,36.21 1 1
github.com/byteport/api/internal/application/deployment/create_deployment.go:36.21,38.3 1 1
github.com/byteport/api/internal/application/deployment/create_deployment.go:41.2,42.16 2 1
github.com/byteport/api/internal/application/deployment/create_deployment.go:42.16,44.3 1 0
github.com/byteport/api/internal/application/deployment/create_deployment.go:47.2,47.38 1 1
github.com/byteport/api/internal/application/deployment/create_deployment.go:47.38,49.3 1 1
github.com/byteport/api/internal/application/deployment/create_deployment.go:52.2,52.64 1 1
github.com/byteport/api/internal/application/deployment/create_deployment.go:52.64,54.3 1 1
github.com/byteport/api/internal/application/deployment/create_deployment.go:57.2,57.55 1 1
github.com/byteport/api/internal/application/deployment/create_deployment.go:57.55,60.3 2 1
github.com/byteport/api/internal/application/deployment/create_deployment.go:63.2,72.22 2 1
github.com/byteport/api/internal/application/deployment/errors.go:13.43,14.18 1 1
github.com/byteport/api/internal/application/deployment/errors.go:14.18,16.3 1 1
github.com/byteport/api/internal/application/deployment/errors.go:17.2,17.49 1 1
github.com/byteport/api/internal/application/deployment/errors.go:20.43,22.2 1 1
github.com/byteport/api/internal/application/deployment/errors.go:36.59,42.2 1 1
github.com/byteport/api/internal/application/deployment/errors.go:44.58,50.2 1 1
github.com/byteport/api/internal/application/deployment/errors.go:52.61,58.2 1 1
github.com/byteport/api/internal/application/deployment/errors.go:60.58,66.2 1 1
github.com/byteport/api/internal/application/deployment/errors.go:68.57,74.2 1 1
github.com/byteport/api/internal/application/deployment/errors.go:76.68,83.2 1 1
github.com/byteport/api/internal/application/deployment/get_deployment.go:19.25,24.2 1 1
github.com/byteport/api/internal/application/deployment/get_deployment.go:31.35,33.16 1 1
github.com/byteport/api/internal/application/deployment/get_deployment.go:33.16,35.3 1 1
github.com/byteport/api/internal/application/deployment/get_deployment.go:36.2,36.20 1 1
github.com/byteport/api/internal/application/deployment/get_deployment.go:36.20,38.3 1 0
github.com/byteport/api/internal/application/deployment/get_deployment.go:41.2,42.16 2 1
github.com/byteport/api/internal/application/deployment/get_deployment.go:42.16,44.3 1 1
github.com/byteport/api/internal/application/deployment/get_deployment.go:45.2,45.16 1 1
github.com/byteport/api/internal/application/deployment/get_deployment.go:45.16,47.3 1 0
github.com/byteport/api/internal/application/deployment/get_deployment.go:50.2,51.16 2 1
github.com/byteport/api/internal/application/deployment/get_deployment.go:51.16,53.3 1 1
github.com/byteport/api/internal/application/deployment/get_deployment.go:54.2,54.16 1 1
github.com/byteport/api/internal/application/deployment/get_deployment.go:54.16,56.3 1 0
github.com/byteport/api/internal/application/deployment/get_deployment.go:59.2,61.22 2 1
github.com/byteport/api/internal/application/deployment/get_deployment.go:65.84,81.37 2 1
github.com/byteport/api/internal/application/deployment/get_deployment.go:81.37,89.3 1 1
github.com/byteport/api/internal/application/deployment/get_deployment.go:92.2,92.49 1 1
github.com/byteport/api/internal/application/deployment/get_deployment.go:92.49,97.3 1 1
github.com/byteport/api/internal/application/deployment/get_deployment.go:99.2,99.17 1 1
github.com/byteport/api/internal/application/deployment/list_deployments.go:15.90,19.2 1 1
github.com/byteport/api/internal/application/deployment/list_deployments.go:25.37,27.20 1 1
github.com/byteport/api/internal/application/deployment/list_deployments.go:27.20,29.3 1 1
github.com/byteport/api/internal/application/deployment/list_deployments.go:30.2,30.21 1 1
github.com/byteport/api/internal/application/deployment/list_deployments.go:30.21,32.3 1 1
github.com/byteport/api/internal/application/deployment/list_deployments.go:34.2,38.21 3 1
github.com/byteport/api/internal/application/deployment/list_deployments.go:38.21,40.3 1 0
github.com/byteport/api/internal/application/deployment/list_deployments.go:40.8,40.29 1 1
github.com/byteport/api/internal/application/deployment/list_deployments.go:40.29,42.24 2 0
github.com/byteport/api/internal/application/deployment/list_deployments.go:42.24,44.4 1 0
github.com/byteport/api/internal/application/deployment/list_deployments.go:45.3,45.61 1 0
github.com/byteport/api/internal/application/deployment/list_deployments.go:46.8,48.3 1 1
github.com/byteport/api/internal/application/deployment/list_deployments.go:50.2,50.16 1 1
github.com/byteport/api/internal/application/deployment/list_deployments.go:50.16,52.3 1 1
github.com/byteport/api/internal/application/deployment/list_deployments.go:55.2,56.21 2 1
github.com/byteport/api/internal/application/deployment/list_deployments.go:56.21,58.3 1 0
github.com/byteport/api/internal/application/deployment/list_deployments.go:58.8,60.3 1 1
github.com/byteport/api/internal/application/deployment/list_deployments.go:61.2,61.16 1 1
github.com/byteport/api/internal/application/deployment/list_deployments.go:61.16,64.3 1 1
github.com/byteport/api/internal/application/deployment/list_deployments.go:67.2,68.34 2 1
github.com/byteport/api/internal/application/deployment/list_deployments.go:68.34,80.3 2 1
github.com/byteport/api/internal/application/deployment/list_deployments.go:82.2,89.22 2 1
github.com/byteport/api/internal/application/deployment/terminate_deployment.go:20.31,25.2 1 1
github.com/byteport/api/internal/application/deployment/terminate_deployment.go:32.41,34.16 1 1
github.com/byteport/api/internal/application/deployment/terminate_deployment.go:34.16,36.3 1 1
github.com/byteport/api/internal/application/deployment/terminate_deployment.go:37.2,37.20 1 1
github.com/byteport/api/internal/application/deployment/terminate_deployment.go:37.20,39.3 1 1
github.com/byteport/api/internal/application/deployment/terminate_deployment.go:42.2,43.16 2 1
github.com/byteport/api/internal/application/deployment/terminate_deployment.go:43.16,45.3 1 1
github.com/byteport/api/internal/application/deployment/terminate_deployment.go:46.2,46.16 1 1
github.com/byteport/api/internal/application/deployment/terminate_deployment.go:46.16,48.3 1 1
github.com/byteport/api/internal/application/deployment/terminate_deployment.go:51.2,52.16 2 1
github.com/byteport/api/internal/application/deployment/terminate_deployment.go:52.16,54.3 1 1
github.com/byteport/api/internal/application/deployment/terminate_deployment.go:55.2,55.16 1 1
github.com/byteport/api/internal/application/deployment/terminate_deployment.go:55.16,57.3 1 1
github.com/byteport/api/internal/application/deployment/terminate_deployment.go:60.2,60.24 1 1
github.com/byteport/api/internal/application/deployment/terminate_deployment.go:60.24,62.3 1 1
github.com/byteport/api/internal/application/deployment/terminate_deployment.go:65.2,65.67 1 1
github.com/byteport/api/internal/application/deployment/terminate_deployment.go:65.67,67.3 1 0
github.com/byteport/api/internal/application/deployment/terminate_deployment.go:70.2,70.55 1 1
github.com/byteport/api/internal/application/deployment/terminate_deployment.go:70.55,72.3 1 1
github.com/byteport/api/internal/application/deployment/terminate_deployment.go:75.2,82.22 2 1
github.com/byteport/api/internal/application/deployment/update_status.go:19.24,24.2 1 1
github.com/byteport/api/internal/application/deployment/update_status.go:32.9,34.16 1 1
github.com/byteport/api/internal/application/deployment/update_status.go:34.16,36.3 1 1
github.com/byteport/api/internal/application/deployment/update_status.go:37.2,37.22 1 1
github.com/byteport/api/internal/application/deployment/update_status.go:37.22,39.3 1 1
github.com/byteport/api/internal/application/deployment/update_status.go:40.2,40.20 1 1
github.com/byteport/api/internal/application/deployment/update_status.go:40.20,42.3 1 1
github.com/byteport/api/internal/application/deployment/update_status.go:45.2,46.26 2 1
github.com/byteport/api/internal/application/deployment/update_status.go:46.26,48.3 1 1
github.com/byteport/api/internal/application/deployment/update_status.go:51.2,52.16 2 1
github.com/byteport/api/internal/application/deployment/update_status.go:52.16,54.3 1 1
github.com/byteport/api/internal/application/deployment/update_status.go:55.2,55.16 1 1
github.com/byteport/api/internal/application/deployment/update_status.go:55.16,57.3 1 1
github.com/byteport/api/internal/application/deployment/update_status.go:60.2,61.16 2 1
github.com/byteport/api/internal/application/deployment/update_status.go:61.16,63.3 1 1
github.com/byteport/api/internal/application/deployment/update_status.go:64.2,64.16 1 1
github.com/byteport/api/internal/application/deployment/update_status.go:64.16,66.3 1 1
github.com/byteport/api/internal/application/deployment/update_status.go:69.2,69.49 1 1
github.com/byteport/api/internal/application/deployment/update_status.go:69.49,71.3 1 1
github.com/byteport/api/internal/application/deployment/update_status.go:74.2,74.55 1 1
github.com/byteport/api/internal/application/deployment/update_status.go:74.55,76.3 1 1
github.com/byteport/api/internal/application/deployment/update_status.go:78.2,78.12 1 1
