mode: set
github.com/byteport/api/examples/consolidated_auth_example.go:20.34,29.85 3 0
github.com/byteport/api/examples/consolidated_auth_example.go:29.85,31.3 1 0
github.com/byteport/api/examples/consolidated_auth_example.go:33.2,33.59 1 0
github.com/byteport/api/examples/consolidated_auth_example.go:33.59,34.63 1 0
github.com/byteport/api/examples/consolidated_auth_example.go:34.63,35.99 1 0
github.com/byteport/api/examples/consolidated_auth_example.go:35.99,37.5 1 0
github.com/byteport/api/examples/consolidated_auth_example.go:42.2,47.51 3 0
github.com/byteport/api/examples/consolidated_auth_example.go:47.51,49.3 1 0
github.com/byteport/api/examples/consolidated_auth_example.go:52.2,58.45 3 0
github.com/byteport/api/examples/consolidated_auth_example.go:58.45,60.3 1 0
github.com/byteport/api/examples/consolidated_auth_example.go:63.2,63.49 1 0
github.com/byteport/api/examples/consolidated_auth_example.go:63.49,66.17 2 0
github.com/byteport/api/examples/consolidated_auth_example.go:66.17,69.4 2 0
github.com/byteport/api/examples/consolidated_auth_example.go:70.3,70.42 1 0
github.com/byteport/api/examples/consolidated_auth_example.go:73.2,73.53 1 0
github.com/byteport/api/examples/consolidated_auth_example.go:73.53,77.48 2 0
github.com/byteport/api/examples/consolidated_auth_example.go:77.48,80.4 2 0
github.com/byteport/api/examples/consolidated_auth_example.go:83.3,84.17 2 0
github.com/byteport/api/examples/consolidated_auth_example.go:84.17,87.4 2 0
github.com/byteport/api/examples/consolidated_auth_example.go:90.3,91.61 2 0
github.com/byteport/api/examples/consolidated_auth_example.go:95.2,97.2 3 0
github.com/byteport/api/examples/consolidated_auth_example.go:97.2,98.45 1 0
github.com/byteport/api/examples/consolidated_auth_example.go:98.45,101.4 2 0
github.com/byteport/api/examples/consolidated_auth_example.go:104.3,104.64 1 0
github.com/byteport/api/examples/consolidated_auth_example.go:104.64,106.51 2 0
github.com/byteport/api/examples/consolidated_auth_example.go:106.51,109.5 2 0
github.com/byteport/api/examples/consolidated_auth_example.go:112.4,113.42 2 0
github.com/byteport/api/examples/consolidated_auth_example.go:117.3,117.56 1 0
github.com/byteport/api/examples/consolidated_auth_example.go:117.56,120.18 2 0
github.com/byteport/api/examples/consolidated_auth_example.go:120.18,123.5 2 0
github.com/byteport/api/examples/consolidated_auth_example.go:126.4,128.18 3 0
github.com/byteport/api/examples/consolidated_auth_example.go:128.18,131.5 2 0
github.com/byteport/api/examples/consolidated_auth_example.go:133.4,133.23 1 0
github.com/byteport/api/examples/consolidated_auth_example.go:137.3,137.54 1 0
github.com/byteport/api/examples/consolidated_auth_example.go:137.54,140.18 2 0
github.com/byteport/api/examples/consolidated_auth_example.go:140.18,143.5 2 0
github.com/byteport/api/examples/consolidated_auth_example.go:146.4,147.18 2 0
github.com/byteport/api/examples/consolidated_auth_example.go:147.18,150.5 2 0
github.com/byteport/api/examples/consolidated_auth_example.go:153.4,153.73 1 0
github.com/byteport/api/examples/consolidated_auth_example.go:158.2,160.2 3 0
github.com/byteport/api/examples/consolidated_auth_example.go:160.2,161.47 1 0
github.com/byteport/api/examples/consolidated_auth_example.go:161.47,164.21 2 0
github.com/byteport/api/examples/consolidated_auth_example.go:164.21,170.5 1 0
github.com/byteport/api/examples/consolidated_auth_example.go:170.10,175.5 1 0
github.com/byteport/api/examples/consolidated_auth_example.go:179.2,180.21 2 0
github.com/byteport/api/examples/consolidated_auth_example.go:184.33,193.85 3 0
github.com/byteport/api/examples/consolidated_auth_example.go:193.85,195.3 1 0
github.com/byteport/api/examples/consolidated_auth_example.go:197.2,197.59 1 0
github.com/byteport/api/examples/consolidated_auth_example.go:197.59,198.63 1 0
github.com/byteport/api/examples/consolidated_auth_example.go:198.63,199.99 1 0
github.com/byteport/api/examples/consolidated_auth_example.go:199.99,201.5 1 0
github.com/byteport/api/examples/consolidated_auth_example.go:205.2,209.16 3 0
github.com/byteport/api/examples/consolidated_auth_example.go:209.16,211.3 1 0
github.com/byteport/api/examples/consolidated_auth_example.go:214.2,215.16 2 0
github.com/byteport/api/examples/consolidated_auth_example.go:215.16,217.3 1 0
github.com/byteport/api/examples/consolidated_auth_example.go:222.2,223.69 1 0
github.com/byteport/api/examples/consolidated_auth_example.go:227.29,233.16 3 0
github.com/byteport/api/examples/consolidated_auth_example.go:233.16,240.86 3 0
github.com/byteport/api/examples/consolidated_auth_example.go:240.86,242.4 1 0
github.com/byteport/api/examples/consolidated_auth_example.go:244.3,244.60 1 0
github.com/byteport/api/examples/consolidated_auth_example.go:244.60,245.64 1 0
github.com/byteport/api/examples/consolidated_auth_example.go:245.64,246.100 1 0
github.com/byteport/api/examples/consolidated_auth_example.go:246.100,248.6 1 0
github.com/byteport/api/examples/consolidated_auth_example.go:252.3,257.38 4 0
github.com/byteport/api/examples/consolidated_auth_example.go:258.9,261.3 0 0
github.com/byteport/api/examples/consolidated_auth_example.go:263.2,263.48 1 0
github.com/byteport/api/examples/consolidated_auth_example.go:263.48,264.17 1 0
github.com/byteport/api/examples/consolidated_auth_example.go:264.17,267.4 2 0
github.com/byteport/api/examples/consolidated_auth_example.go:267.9,270.4 1 0
github.com/byteport/api/examples/dummy_example.go:7.29,9.2 1 1
github.com/byteport/api/examples/workflow_example.go:17.24,35.2 8 1
