mode: set
github.com/byteport/api/internal/infrastructure/http/handlers/deployment_handler.go:26.22,34.2 1 1
github.com/byteport/api/internal/infrastructure/http/handlers/deployment_handler.go:37.69,39.2 2 1
github.com/byteport/api/internal/infrastructure/http/handlers/deployment_handler.go:39.2,45.3 5 1
github.com/byteport/api/internal/infrastructure/http/handlers/deployment_handler.go:58.62,60.47 2 1
github.com/byteport/api/internal/infrastructure/http/handlers/deployment_handler.go:60.47,66.3 2 1
github.com/byteport/api/internal/infrastructure/http/handlers/deployment_handler.go:68.2,69.16 2 1
github.com/byteport/api/internal/infrastructure/http/handlers/deployment_handler.go:69.16,72.3 2 1
github.com/byteport/api/internal/infrastructure/http/handlers/deployment_handler.go:74.2,74.38 1 1
github.com/byteport/api/internal/infrastructure/http/handlers/deployment_handler.go:86.59,91.16 4 1
github.com/byteport/api/internal/infrastructure/http/handlers/deployment_handler.go:91.16,94.3 2 1
github.com/byteport/api/internal/infrastructure/http/handlers/deployment_handler.go:96.2,96.33 1 1
github.com/byteport/api/internal/infrastructure/http/handlers/deployment_handler.go:111.61,113.48 2 1
github.com/byteport/api/internal/infrastructure/http/handlers/deployment_handler.go:113.48,119.3 2 1
github.com/byteport/api/internal/infrastructure/http/handlers/deployment_handler.go:121.2,122.16 2 1
github.com/byteport/api/internal/infrastructure/http/handlers/deployment_handler.go:122.16,125.3 2 1
github.com/byteport/api/internal/infrastructure/http/handlers/deployment_handler.go:127.2,127.33 1 1
github.com/byteport/api/internal/infrastructure/http/handlers/deployment_handler.go:139.65,144.16 4 1
github.com/byteport/api/internal/infrastructure/http/handlers/deployment_handler.go:144.16,147.3 2 1
github.com/byteport/api/internal/infrastructure/http/handlers/deployment_handler.go:149.2,149.33 1 1
github.com/byteport/api/internal/infrastructure/http/handlers/deployment_handler.go:164.58,169.47 4 1
github.com/byteport/api/internal/infrastructure/http/handlers/deployment_handler.go:169.47,175.3 2 1
github.com/byteport/api/internal/infrastructure/http/handlers/deployment_handler.go:177.2,178.16 2 1
github.com/byteport/api/internal/infrastructure/http/handlers/deployment_handler.go:178.16,181.3 2 1
github.com/byteport/api/internal/infrastructure/http/handlers/deployment_handler.go:183.2,183.32 1 1
github.com/byteport/api/internal/infrastructure/http/handlers/deployment_handler.go:193.56,194.58 1 1
github.com/byteport/api/internal/infrastructure/http/handlers/deployment_handler.go:194.58,200.3 2 1
github.com/byteport/api/internal/infrastructure/http/handlers/deployment_handler.go:203.2,206.4 1 1
github.com/byteport/api/internal/infrastructure/http/handlers/deployment_handler.go:210.41,212.52 1 1
github.com/byteport/api/internal/infrastructure/http/handlers/deployment_handler.go:212.52,213.40 1 1
github.com/byteport/api/internal/infrastructure/http/handlers/deployment_handler.go:213.40,215.4 1 1
github.com/byteport/api/internal/infrastructure/http/handlers/deployment_handler.go:217.2,217.11 1 1
github.com/byteport/api/internal/infrastructure/http/handlers/test_helpers.go:17.84,20.2 2 1
github.com/byteport/api/internal/infrastructure/http/handlers/test_helpers.go:22.99,24.24 2 1
github.com/byteport/api/internal/infrastructure/http/handlers/test_helpers.go:24.24,26.3 1 1
github.com/byteport/api/internal/infrastructure/http/handlers/test_helpers.go:27.2,27.56 1 1
github.com/byteport/api/internal/infrastructure/http/handlers/test_helpers.go:30.103,32.24 2 0
github.com/byteport/api/internal/infrastructure/http/handlers/test_helpers.go:32.24,34.3 1 0
github.com/byteport/api/internal/infrastructure/http/handlers/test_helpers.go:35.2,35.58 1 0
github.com/byteport/api/internal/infrastructure/http/handlers/test_helpers.go:38.111,40.24 2 0
github.com/byteport/api/internal/infrastructure/http/handlers/test_helpers.go:40.24,42.3 1 0
github.com/byteport/api/internal/infrastructure/http/handlers/test_helpers.go:43.2,43.58 1 0
github.com/byteport/api/internal/infrastructure/http/handlers/test_helpers.go:46.112,48.24 2 0
github.com/byteport/api/internal/infrastructure/http/handlers/test_helpers.go:48.24,50.3 1 0
github.com/byteport/api/internal/infrastructure/http/handlers/test_helpers.go:51.2,51.58 1 0
github.com/byteport/api/internal/infrastructure/http/handlers/test_helpers.go:54.101,56.24 2 1
github.com/byteport/api/internal/infrastructure/http/handlers/test_helpers.go:56.24,58.3 1 1
github.com/byteport/api/internal/infrastructure/http/handlers/test_helpers.go:59.2,59.58 1 1
github.com/byteport/api/internal/infrastructure/http/handlers/test_helpers.go:62.68,65.2 2 1
github.com/byteport/api/internal/infrastructure/http/handlers/test_helpers.go:67.89,70.2 2 0
github.com/byteport/api/internal/infrastructure/http/handlers/test_helpers.go:72.84,75.2 2 1
github.com/byteport/api/internal/infrastructure/http/handlers/test_helpers.go:77.73,80.2 2 0
github.com/byteport/api/internal/infrastructure/http/handlers/test_helpers.go:87.93,90.2 2 1
github.com/byteport/api/internal/infrastructure/http/handlers/test_helpers.go:92.115,95.2 2 1
github.com/byteport/api/internal/infrastructure/http/handlers/test_helpers.go:97.117,99.24 2 0
github.com/byteport/api/internal/infrastructure/http/handlers/test_helpers.go:99.24,101.3 1 0
github.com/byteport/api/internal/infrastructure/http/handlers/test_helpers.go:102.2,102.54 1 0
github.com/byteport/api/internal/infrastructure/http/handlers/test_helpers.go:105.138,108.2 2 0
github.com/byteport/api/internal/infrastructure/http/handlers/test_helpers.go:111.36,114.2 2 1
github.com/byteport/api/internal/infrastructure/http/handlers/test_helpers.go:117.77,129.2 9 1
