mode: set
github.com/byteport/api/internal/infrastructure/clients/credential_validator.go:33.86,36.52 1 1
github.com/byteport/api/internal/infrastructure/clients/credential_validator.go:36.52,38.4 1 1
github.com/byteport/api/internal/infrastructure/clients/credential_validator.go:41.2,41.27 1 1
github.com/byteport/api/internal/infrastructure/clients/credential_validator.go:41.27,43.3 1 1
github.com/byteport/api/internal/infrastructure/clients/credential_validator.go:45.2,45.18 1 1
github.com/byteport/api/internal/infrastructure/clients/credential_validator.go:49.65,50.39 1 1
github.com/byteport/api/internal/infrastructure/clients/credential_validator.go:50.39,51.20 1 1
github.com/byteport/api/internal/infrastructure/clients/credential_validator.go:51.20,53.4 1 1
github.com/byteport/api/internal/infrastructure/clients/credential_validator.go:58.86,59.39 1 1
github.com/byteport/api/internal/infrastructure/clients/credential_validator.go:59.39,60.21 1 1
github.com/byteport/api/internal/infrastructure/clients/credential_validator.go:60.21,62.4 1 1
github.com/byteport/api/internal/infrastructure/clients/credential_validator.go:67.100,68.18 1 1
github.com/byteport/api/internal/infrastructure/clients/credential_validator.go:68.18,70.3 1 1
github.com/byteport/api/internal/infrastructure/clients/credential_validator.go:72.2,76.16 3 1
github.com/byteport/api/internal/infrastructure/clients/credential_validator.go:76.16,78.3 1 1
github.com/byteport/api/internal/infrastructure/clients/credential_validator.go:80.2,80.12 1 1
github.com/byteport/api/internal/infrastructure/clients/credential_validator.go:84.127,85.23 1 1
github.com/byteport/api/internal/infrastructure/clients/credential_validator.go:85.23,87.3 1 1
github.com/byteport/api/internal/infrastructure/clients/credential_validator.go:88.2,88.27 1 1
github.com/byteport/api/internal/infrastructure/clients/credential_validator.go:88.27,90.3 1 1
github.com/byteport/api/internal/infrastructure/clients/credential_validator.go:91.2,91.18 1 1
github.com/byteport/api/internal/infrastructure/clients/credential_validator.go:91.18,93.3 1 1
github.com/byteport/api/internal/infrastructure/clients/credential_validator.go:96.2,104.16 2 1
github.com/byteport/api/internal/infrastructure/clients/credential_validator.go:104.16,106.3 1 0
github.com/byteport/api/internal/infrastructure/clients/credential_validator.go:109.2,111.16 3 1
github.com/byteport/api/internal/infrastructure/clients/credential_validator.go:111.16,113.3 1 1
github.com/byteport/api/internal/infrastructure/clients/credential_validator.go:115.2,115.12 1 0
github.com/byteport/api/internal/infrastructure/clients/credential_validator.go:120.105,121.20 1 1
github.com/byteport/api/internal/infrastructure/clients/credential_validator.go:121.20,123.3 1 1
github.com/byteport/api/internal/infrastructure/clients/credential_validator.go:124.2,124.18 1 1
github.com/byteport/api/internal/infrastructure/clients/credential_validator.go:124.18,126.3 1 1
github.com/byteport/api/internal/infrastructure/clients/credential_validator.go:129.2,130.16 2 1
github.com/byteport/api/internal/infrastructure/clients/credential_validator.go:130.16,132.3 1 0
github.com/byteport/api/internal/infrastructure/clients/credential_validator.go:134.2,138.16 4 1
github.com/byteport/api/internal/infrastructure/clients/credential_validator.go:138.16,140.3 1 1
github.com/byteport/api/internal/infrastructure/clients/credential_validator.go:141.2,143.53 2 1
github.com/byteport/api/internal/infrastructure/clients/credential_validator.go:143.53,145.3 1 1
github.com/byteport/api/internal/infrastructure/clients/credential_validator.go:147.2,147.12 1 1
github.com/byteport/api/internal/infrastructure/clients/credential_validator.go:158.128,162.31 2 1
github.com/byteport/api/internal/infrastructure/clients/credential_validator.go:162.31,169.3 2 1
github.com/byteport/api/internal/infrastructure/clients/credential_validator.go:172.2,172.68 1 1
github.com/byteport/api/internal/infrastructure/clients/credential_validator.go:172.68,179.3 2 1
github.com/byteport/api/internal/infrastructure/clients/credential_validator.go:182.2,182.68 1 1
github.com/byteport/api/internal/infrastructure/clients/credential_validator.go:182.68,189.3 2 1
github.com/byteport/api/internal/infrastructure/clients/credential_validator.go:191.2,191.16 1 1
github.com/byteport/api/internal/infrastructure/clients/credential_validator.go:213.36,214.16 1 1
github.com/byteport/api/internal/infrastructure/clients/credential_validator.go:214.16,216.3 1 1
github.com/byteport/api/internal/infrastructure/clients/credential_validator.go:217.2,217.20 1 1
github.com/byteport/api/internal/infrastructure/clients/credential_validator.go:221.78,223.2 1 1
github.com/byteport/api/internal/infrastructure/clients/credential_validator.go:226.134,227.18 1 1
github.com/byteport/api/internal/infrastructure/clients/credential_validator.go:227.18,229.3 1 1
github.com/byteport/api/internal/infrastructure/clients/credential_validator.go:231.2,238.3 1 1
