mode: set
github.com/byteport/api/lib/apilink.go:16.62,20.16 4 1
github.com/byteport/api/lib/apilink.go:20.16,22.3 1 0
github.com/byteport/api/lib/apilink.go:23.2,27.16 4 1
github.com/byteport/api/lib/apilink.go:27.16,29.3 1 1
github.com/byteport/api/lib/apilink.go:30.2,33.16 3 1
github.com/byteport/api/lib/apilink.go:33.16,35.3 1 0
github.com/byteport/api/lib/apilink.go:36.2,38.38 2 1
github.com/byteport/api/lib/apilink.go:38.38,40.3 1 1
github.com/byteport/api/lib/apilink.go:42.2,43.12 2 1
github.com/byteport/api/lib/apilink.go:47.55,50.16 3 1
github.com/byteport/api/lib/apilink.go:50.16,52.3 1 0
github.com/byteport/api/lib/apilink.go:53.2,57.16 4 1
github.com/byteport/api/lib/apilink.go:57.16,59.3 1 0
github.com/byteport/api/lib/apilink.go:60.2,63.16 3 1
github.com/byteport/api/lib/apilink.go:63.16,65.3 1 0
github.com/byteport/api/lib/apilink.go:66.2,68.38 2 1
github.com/byteport/api/lib/apilink.go:68.38,70.3 1 1
github.com/byteport/api/lib/apilink.go:72.2,73.12 2 0
github.com/byteport/api/lib/apilink.go:77.64,83.16 3 1
github.com/byteport/api/lib/apilink.go:83.16,85.3 1 0
github.com/byteport/api/lib/apilink.go:87.2,89.16 3 1
github.com/byteport/api/lib/apilink.go:89.16,90.43 1 1
github.com/byteport/api/lib/apilink.go:90.43,92.4 1 1
github.com/byteport/api/lib/apilink.go:93.3,93.56 1 1
github.com/byteport/api/lib/apilink.go:96.2,97.12 2 0
github.com/byteport/api/lib/auth.go:24.40,26.2 1 1
github.com/byteport/api/lib/auth.go:27.50,29.16 2 1
github.com/byteport/api/lib/auth.go:29.16,32.3 2 1
github.com/byteport/api/lib/auth.go:35.2,36.34 2 1
github.com/byteport/api/lib/auth.go:36.34,39.17 3 1
github.com/byteport/api/lib/auth.go:39.17,41.4 1 0
github.com/byteport/api/lib/auth.go:43.2,43.43 1 1
github.com/byteport/api/lib/auth.go:46.29,48.16 2 1
github.com/byteport/api/lib/auth.go:48.16,50.3 1 0
github.com/byteport/api/lib/auth.go:53.2,54.16 2 1
github.com/byteport/api/lib/auth.go:54.16,56.3 1 0
github.com/byteport/api/lib/auth.go:57.2,58.16 2 1
github.com/byteport/api/lib/auth.go:58.16,60.3 1 0
github.com/byteport/api/lib/auth.go:61.2,62.12 2 1
github.com/byteport/api/lib/auth.go:65.36,68.2 2 1
github.com/byteport/api/lib/auth.go:70.54,80.16 10 1
github.com/byteport/api/lib/auth.go:80.16,82.3 1 0
github.com/byteport/api/lib/auth.go:83.2,84.16 2 1
github.com/byteport/api/lib/auth.go:84.16,86.3 1 0
github.com/byteport/api/lib/auth.go:88.2,90.28 2 1
github.com/byteport/api/lib/auth.go:92.64,103.16 11 1
github.com/byteport/api/lib/auth.go:103.16,105.3 1 0
github.com/byteport/api/lib/auth.go:107.2,108.16 2 1
github.com/byteport/api/lib/auth.go:108.16,110.3 1 0
github.com/byteport/api/lib/auth.go:112.2,114.28 2 1
github.com/byteport/api/lib/auth.go:116.71,118.26 2 1
github.com/byteport/api/lib/auth.go:118.26,120.3 1 1
github.com/byteport/api/lib/auth.go:123.2,124.16 2 1
github.com/byteport/api/lib/auth.go:124.16,126.3 1 0
github.com/byteport/api/lib/auth.go:127.2,127.18 1 1
github.com/byteport/api/lib/auth.go:127.18,129.3 1 0
github.com/byteport/api/lib/auth.go:132.2,134.16 3 1
github.com/byteport/api/lib/auth.go:134.16,136.3 1 1
github.com/byteport/api/lib/auth.go:137.2,139.19 2 1
github.com/byteport/api/lib/auth.go:141.72,144.16 2 1
github.com/byteport/api/lib/auth.go:144.16,146.3 1 0
github.com/byteport/api/lib/auth.go:148.2,149.16 2 1
github.com/byteport/api/lib/auth.go:149.16,151.3 1 0
github.com/byteport/api/lib/auth.go:153.2,156.16 3 1
github.com/byteport/api/lib/auth.go:156.16,158.3 1 1
github.com/byteport/api/lib/auth.go:160.2,160.25 1 1
github.com/byteport/api/lib/auth.go:162.79,165.16 2 1
github.com/byteport/api/lib/auth.go:165.16,167.3 1 0
github.com/byteport/api/lib/auth.go:169.2,170.16 2 1
github.com/byteport/api/lib/auth.go:170.16,172.3 1 0
github.com/byteport/api/lib/auth.go:174.2,179.16 5 1
github.com/byteport/api/lib/auth.go:179.16,181.3 1 1
github.com/byteport/api/lib/auth.go:183.2,183.25 1 1
github.com/byteport/api/lib/auth.go:185.39,186.30 1 1
github.com/byteport/api/lib/auth.go:186.30,187.45 1 1
github.com/byteport/api/lib/auth.go:187.45,190.4 2 1
github.com/byteport/api/lib/auth.go:193.3,194.22 2 1
github.com/byteport/api/lib/auth.go:194.22,199.4 4 1
github.com/byteport/api/lib/auth.go:202.3,204.27 3 1
github.com/byteport/api/lib/auth.go:204.27,208.4 3 1
github.com/byteport/api/lib/auth.go:210.3,211.19 2 1
github.com/byteport/api/lib/auth.go:211.19,215.4 3 0
github.com/byteport/api/lib/auth.go:218.3,219.80 2 1
github.com/byteport/api/lib/auth.go:219.80,223.4 3 1
github.com/byteport/api/lib/auth.go:226.3,227.11 2 1
github.com/byteport/api/lib/crypto.go:31.42,43.16 3 1
github.com/byteport/api/lib/crypto.go:43.16,45.3 1 0
github.com/byteport/api/lib/crypto.go:47.2,47.13 1 1
github.com/byteport/api/lib/crypto.go:49.54,51.16 2 1
github.com/byteport/api/lib/crypto.go:51.16,53.3 1 0
github.com/byteport/api/lib/crypto.go:54.2,54.14 1 1
github.com/byteport/api/lib/crypto.go:56.87,58.16 2 1
github.com/byteport/api/lib/crypto.go:58.16,60.3 1 0
github.com/byteport/api/lib/crypto.go:62.2,71.25 5 1
github.com/byteport/api/lib/crypto.go:74.52,77.16 3 1
github.com/byteport/api/lib/crypto.go:77.16,79.3 1 0
github.com/byteport/api/lib/crypto.go:81.2,81.15 1 1
github.com/byteport/api/lib/crypto.go:83.83,87.16 2 1
github.com/byteport/api/lib/crypto.go:87.16,89.3 1 0
github.com/byteport/api/lib/crypto.go:92.2,97.54 2 1
github.com/byteport/api/lib/crypto.go:97.54,99.3 1 1
github.com/byteport/api/lib/crypto.go:100.2,100.19 1 1
github.com/byteport/api/lib/crypto.go:103.79,105.20 2 1
github.com/byteport/api/lib/crypto.go:105.20,107.3 1 1
github.com/byteport/api/lib/crypto.go:109.2,111.16 3 1
github.com/byteport/api/lib/crypto.go:111.16,113.3 1 1
github.com/byteport/api/lib/crypto.go:114.2,114.31 1 1
github.com/byteport/api/lib/crypto.go:114.31,116.3 1 1
github.com/byteport/api/lib/crypto.go:118.2,120.16 3 1
github.com/byteport/api/lib/crypto.go:120.16,122.3 1 1
github.com/byteport/api/lib/crypto.go:124.2,125.16 2 1
github.com/byteport/api/lib/crypto.go:125.16,127.3 1 1
github.com/byteport/api/lib/crypto.go:128.2,131.16 3 1
github.com/byteport/api/lib/crypto.go:131.16,133.3 1 1
github.com/byteport/api/lib/crypto.go:134.2,136.27 2 1
github.com/byteport/api/lib/crypto.go:140.48,142.25 2 1
github.com/byteport/api/lib/crypto.go:142.25,144.3 1 1
github.com/byteport/api/lib/crypto.go:147.2,151.16 3 1
github.com/byteport/api/lib/crypto.go:151.16,153.3 1 1
github.com/byteport/api/lib/crypto.go:156.2,157.59 2 1
github.com/byteport/api/lib/crypto.go:157.59,159.3 1 1
github.com/byteport/api/lib/crypto.go:161.2,161.24 1 1
github.com/byteport/api/lib/crypto.go:163.51,165.16 2 1
github.com/byteport/api/lib/crypto.go:165.16,167.3 1 1
github.com/byteport/api/lib/crypto.go:169.2,169.56 1 1
github.com/byteport/api/lib/crypto.go:169.56,171.3 1 0
github.com/byteport/api/lib/crypto.go:174.2,175.16 2 1
github.com/byteport/api/lib/crypto.go:175.16,177.3 1 0
github.com/byteport/api/lib/crypto.go:180.2,181.41 2 1
github.com/byteport/api/lib/crypto.go:181.41,183.3 1 0
github.com/byteport/api/lib/crypto.go:186.2,192.64 5 1
github.com/byteport/api/lib/crypto.go:195.55,198.16 2 1
github.com/byteport/api/lib/crypto.go:198.16,200.3 1 1
github.com/byteport/api/lib/crypto.go:201.2,201.56 1 1
github.com/byteport/api/lib/crypto.go:201.56,203.3 1 0
github.com/byteport/api/lib/crypto.go:206.2,207.16 2 1
github.com/byteport/api/lib/crypto.go:207.16,209.3 1 1
github.com/byteport/api/lib/crypto.go:212.2,212.31 1 1
github.com/byteport/api/lib/crypto.go:212.31,214.3 1 1
github.com/byteport/api/lib/crypto.go:215.2,220.16 4 1
github.com/byteport/api/lib/crypto.go:220.16,222.3 1 0
github.com/byteport/api/lib/crypto.go:225.2,229.31 4 1
github.com/byteport/api/lib/crypto.go:232.46,235.16 3 1
github.com/byteport/api/lib/crypto.go:235.16,237.3 1 0
github.com/byteport/api/lib/crypto.go:238.2,238.52 1 1
github.com/byteport/api/lib/crypto.go:241.47,243.2 1 1
github.com/byteport/api/lib/crypto.go:244.38,246.15 2 1
github.com/byteport/api/lib/crypto.go:246.15,249.3 2 1
github.com/byteport/api/lib/crypto.go:251.2,252.16 2 1
github.com/byteport/api/lib/crypto.go:252.16,254.3 1 0
github.com/byteport/api/lib/crypto.go:257.2,258.16 2 1
github.com/byteport/api/lib/crypto.go:258.16,260.3 1 0
github.com/byteport/api/lib/crypto.go:263.2,264.12 2 1
github.com/byteport/api/lib/crypto.go:266.45,268.16 2 1
github.com/byteport/api/lib/crypto.go:268.16,270.3 1 1
github.com/byteport/api/lib/crypto.go:271.2,274.16 3 1
github.com/byteport/api/lib/crypto.go:274.16,276.3 1 0
github.com/byteport/api/lib/crypto.go:277.2,277.12 1 1
