mode: set
github.com/byteport/api/lib/apilink.go:15.62,17.2 1 1
github.com/byteport/api/lib/apilink.go:20.62,24.16 4 1
github.com/byteport/api/lib/apilink.go:24.16,26.3 1 0
github.com/byteport/api/lib/apilink.go:27.2,30.16 3 1
github.com/byteport/api/lib/apilink.go:30.16,32.3 1 1
github.com/byteport/api/lib/apilink.go:33.2,36.16 3 1
github.com/byteport/api/lib/apilink.go:36.16,38.3 1 0
github.com/byteport/api/lib/apilink.go:39.2,41.38 2 1
github.com/byteport/api/lib/apilink.go:41.38,43.3 1 1
github.com/byteport/api/lib/apilink.go:45.2,46.12 2 1
github.com/byteport/api/lib/apilink.go:50.55,53.16 3 1
github.com/byteport/api/lib/apilink.go:53.16,55.3 1 0
github.com/byteport/api/lib/apilink.go:56.2,59.16 3 1
github.com/byteport/api/lib/apilink.go:59.16,61.3 1 0
github.com/byteport/api/lib/apilink.go:62.2,65.16 3 1
github.com/byteport/api/lib/apilink.go:65.16,67.3 1 0
github.com/byteport/api/lib/apilink.go:68.2,70.38 2 1
github.com/byteport/api/lib/apilink.go:70.38,72.3 1 1
github.com/byteport/api/lib/apilink.go:74.2,75.12 2 0
github.com/byteport/api/lib/apilink.go:79.64,85.16 3 1
github.com/byteport/api/lib/apilink.go:85.16,87.3 1 0
github.com/byteport/api/lib/apilink.go:89.2,91.16 3 1
github.com/byteport/api/lib/apilink.go:91.16,92.43 1 1
github.com/byteport/api/lib/apilink.go:92.43,94.4 1 1
github.com/byteport/api/lib/apilink.go:95.3,95.56 1 1
github.com/byteport/api/lib/apilink.go:98.2,99.12 2 0
github.com/byteport/api/lib/auth.go:31.40,33.2 1 1
github.com/byteport/api/lib/auth.go:34.50,36.16 2 1
github.com/byteport/api/lib/auth.go:36.16,39.3 2 1
github.com/byteport/api/lib/auth.go:42.2,43.34 2 1
github.com/byteport/api/lib/auth.go:43.34,46.17 3 1
github.com/byteport/api/lib/auth.go:46.17,48.4 1 0
github.com/byteport/api/lib/auth.go:50.2,50.42 1 1
github.com/byteport/api/lib/auth.go:53.29,55.16 2 1
github.com/byteport/api/lib/auth.go:55.16,57.3 1 0
github.com/byteport/api/lib/auth.go:60.2,61.16 2 1
github.com/byteport/api/lib/auth.go:61.16,63.3 1 0
github.com/byteport/api/lib/auth.go:64.2,65.16 2 1
github.com/byteport/api/lib/auth.go:65.16,67.3 1 0
github.com/byteport/api/lib/auth.go:68.2,69.12 2 1
github.com/byteport/api/lib/auth.go:72.36,75.2 2 1
github.com/byteport/api/lib/auth.go:77.54,87.16 10 1
github.com/byteport/api/lib/auth.go:87.16,89.3 1 0
github.com/byteport/api/lib/auth.go:90.2,91.16 2 1
github.com/byteport/api/lib/auth.go:91.16,93.3 1 0
github.com/byteport/api/lib/auth.go:95.2,97.28 2 1
github.com/byteport/api/lib/auth.go:99.64,110.16 11 1
github.com/byteport/api/lib/auth.go:110.16,112.3 1 0
github.com/byteport/api/lib/auth.go:114.2,115.16 2 1
github.com/byteport/api/lib/auth.go:115.16,117.3 1 0
github.com/byteport/api/lib/auth.go:119.2,121.28 2 1
github.com/byteport/api/lib/auth.go:123.71,125.26 2 1
github.com/byteport/api/lib/auth.go:125.26,127.3 1 1
github.com/byteport/api/lib/auth.go:130.2,131.16 2 1
github.com/byteport/api/lib/auth.go:131.16,133.3 1 0
github.com/byteport/api/lib/auth.go:134.2,134.18 1 1
github.com/byteport/api/lib/auth.go:134.18,136.3 1 0
github.com/byteport/api/lib/auth.go:139.2,141.16 3 1
github.com/byteport/api/lib/auth.go:141.16,143.3 1 0
github.com/byteport/api/lib/auth.go:144.2,146.19 2 1
github.com/byteport/api/lib/auth.go:148.72,151.16 2 1
github.com/byteport/api/lib/auth.go:151.16,153.3 1 1
github.com/byteport/api/lib/auth.go:155.2,156.16 2 1
github.com/byteport/api/lib/auth.go:156.16,158.3 1 0
github.com/byteport/api/lib/auth.go:160.2,163.16 3 1
github.com/byteport/api/lib/auth.go:163.16,165.3 1 1
github.com/byteport/api/lib/auth.go:167.2,167.25 1 1
github.com/byteport/api/lib/auth.go:169.79,172.16 2 1
github.com/byteport/api/lib/auth.go:172.16,174.3 1 0
github.com/byteport/api/lib/auth.go:176.2,177.16 2 1
github.com/byteport/api/lib/auth.go:177.16,179.3 1 0
github.com/byteport/api/lib/auth.go:181.2,186.16 5 1
github.com/byteport/api/lib/auth.go:186.16,188.3 1 1
github.com/byteport/api/lib/auth.go:190.2,190.25 1 1
github.com/byteport/api/lib/auth.go:192.39,193.30 1 1
github.com/byteport/api/lib/auth.go:193.30,194.45 1 1
github.com/byteport/api/lib/auth.go:194.45,197.4 2 1
github.com/byteport/api/lib/auth.go:200.3,201.22 2 1
github.com/byteport/api/lib/auth.go:201.22,206.4 4 1
github.com/byteport/api/lib/auth.go:209.3,211.27 3 1
github.com/byteport/api/lib/auth.go:211.27,215.4 3 1
github.com/byteport/api/lib/auth.go:217.3,218.19 2 1
github.com/byteport/api/lib/auth.go:218.19,222.4 3 0
github.com/byteport/api/lib/auth.go:225.3,226.80 2 1
github.com/byteport/api/lib/auth.go:226.80,230.4 3 0
github.com/byteport/api/lib/auth.go:233.3,234.11 2 1
github.com/byteport/api/lib/crypto.go:31.42,43.16 3 1
github.com/byteport/api/lib/crypto.go:43.16,45.3 1 0
github.com/byteport/api/lib/crypto.go:47.2,47.13 1 1
github.com/byteport/api/lib/crypto.go:49.54,51.16 2 1
github.com/byteport/api/lib/crypto.go:51.16,53.3 1 0
github.com/byteport/api/lib/crypto.go:54.2,54.14 1 1
github.com/byteport/api/lib/crypto.go:56.87,58.16 2 1
github.com/byteport/api/lib/crypto.go:58.16,60.3 1 0
github.com/byteport/api/lib/crypto.go:62.2,71.25 5 1
github.com/byteport/api/lib/crypto.go:74.52,77.16 3 1
github.com/byteport/api/lib/crypto.go:77.16,79.3 1 0
github.com/byteport/api/lib/crypto.go:81.2,81.15 1 1
github.com/byteport/api/lib/crypto.go:83.83,87.16 2 1
github.com/byteport/api/lib/crypto.go:87.16,89.3 1 0
github.com/byteport/api/lib/crypto.go:92.2,97.54 2 1
github.com/byteport/api/lib/crypto.go:97.54,99.3 1 1
github.com/byteport/api/lib/crypto.go:100.2,100.19 1 1
github.com/byteport/api/lib/crypto.go:103.79,105.20 2 1
github.com/byteport/api/lib/crypto.go:105.20,107.3 1 1
github.com/byteport/api/lib/crypto.go:109.2,111.16 3 1
github.com/byteport/api/lib/crypto.go:111.16,113.3 1 1
github.com/byteport/api/lib/crypto.go:114.2,114.31 1 1
github.com/byteport/api/lib/crypto.go:114.31,116.3 1 1
github.com/byteport/api/lib/crypto.go:118.2,120.16 3 1
github.com/byteport/api/lib/crypto.go:120.16,122.3 1 1
github.com/byteport/api/lib/crypto.go:124.2,125.16 2 1
github.com/byteport/api/lib/crypto.go:125.16,127.3 1 1
github.com/byteport/api/lib/crypto.go:128.2,131.16 3 1
github.com/byteport/api/lib/crypto.go:131.16,133.3 1 1
github.com/byteport/api/lib/crypto.go:134.2,136.27 2 1
github.com/byteport/api/lib/crypto.go:140.48,142.25 2 1
github.com/byteport/api/lib/crypto.go:142.25,144.3 1 1
github.com/byteport/api/lib/crypto.go:147.2,151.16 3 1
github.com/byteport/api/lib/crypto.go:151.16,153.3 1 1
github.com/byteport/api/lib/crypto.go:156.2,157.59 2 1
github.com/byteport/api/lib/crypto.go:157.59,159.3 1 1
github.com/byteport/api/lib/crypto.go:161.2,161.24 1 1
github.com/byteport/api/lib/crypto.go:163.51,165.16 2 1
github.com/byteport/api/lib/crypto.go:165.16,167.3 1 1
github.com/byteport/api/lib/crypto.go:169.2,169.56 1 1
github.com/byteport/api/lib/crypto.go:169.56,171.3 1 0
github.com/byteport/api/lib/crypto.go:174.2,175.16 2 1
github.com/byteport/api/lib/crypto.go:175.16,177.3 1 0
github.com/byteport/api/lib/crypto.go:180.2,181.41 2 1
github.com/byteport/api/lib/crypto.go:181.41,183.3 1 0
github.com/byteport/api/lib/crypto.go:186.2,192.64 5 1
github.com/byteport/api/lib/crypto.go:195.55,198.16 2 1
github.com/byteport/api/lib/crypto.go:198.16,200.3 1 1
github.com/byteport/api/lib/crypto.go:201.2,201.56 1 1
github.com/byteport/api/lib/crypto.go:201.56,203.3 1 0
github.com/byteport/api/lib/crypto.go:206.2,207.16 2 1
github.com/byteport/api/lib/crypto.go:207.16,209.3 1 1
github.com/byteport/api/lib/crypto.go:212.2,212.31 1 1
github.com/byteport/api/lib/crypto.go:212.31,214.3 1 1
github.com/byteport/api/lib/crypto.go:215.2,220.16 4 1
github.com/byteport/api/lib/crypto.go:220.16,222.3 1 0
github.com/byteport/api/lib/crypto.go:225.2,229.31 4 1
github.com/byteport/api/lib/crypto.go:232.46,235.16 3 1
github.com/byteport/api/lib/crypto.go:235.16,237.3 1 0
github.com/byteport/api/lib/crypto.go:238.2,238.52 1 1
github.com/byteport/api/lib/crypto.go:241.47,243.2 1 1
github.com/byteport/api/lib/crypto.go:244.38,246.15 2 1
github.com/byteport/api/lib/crypto.go:246.15,249.3 2 1
github.com/byteport/api/lib/crypto.go:251.2,252.16 2 1
github.com/byteport/api/lib/crypto.go:252.16,254.3 1 0
github.com/byteport/api/lib/crypto.go:257.2,258.16 2 1
github.com/byteport/api/lib/crypto.go:258.16,260.3 1 0
github.com/byteport/api/lib/crypto.go:263.2,264.12 2 1
github.com/byteport/api/lib/crypto.go:266.45,268.16 2 1
github.com/byteport/api/lib/crypto.go:268.16,270.3 1 1
github.com/byteport/api/lib/crypto.go:271.2,274.16 3 1
github.com/byteport/api/lib/crypto.go:274.16,276.3 1 0
github.com/byteport/api/lib/crypto.go:277.2,277.12 1 1
github.com/byteport/api/lib/keyring_test_helper.go:12.36,14.2 1 1
github.com/byteport/api/lib/keyring_test_helper.go:16.65,17.39 1 1
github.com/byteport/api/lib/keyring_test_helper.go:17.39,18.33 1 1
github.com/byteport/api/lib/keyring_test_helper.go:18.33,20.4 1 1
github.com/byteport/api/lib/keyring_test_helper.go:22.2,22.43 1 1
github.com/byteport/api/lib/keyring_test_helper.go:25.62,26.36 1 1
github.com/byteport/api/lib/keyring_test_helper.go:26.36,28.3 1 1
github.com/byteport/api/lib/keyring_test_helper.go:29.2,30.12 2 1
github.com/byteport/api/lib/keyring_test_helper.go:33.58,34.39 1 1
github.com/byteport/api/lib/keyring_test_helper.go:34.39,36.3 1 1
github.com/byteport/api/lib/keyring_test_helper.go:37.2,37.12 1 1
github.com/byteport/api/lib/keyring_test_helper.go:40.41,46.16 6 1
github.com/byteport/api/lib/keyring_test_helper.go:46.16,48.3 1 1
github.com/byteport/api/lib/keyring_test_helper.go:55.24,57.2 1 1
