mode: set
github.com/byteport/api/models/data.go:16.24,19.15 2 0
github.com/byteport/api/models/data.go:19.15,23.3 2 0
github.com/byteport/api/models/data.go:26.2,27.40 2 0
github.com/byteport/api/models/data.go:27.40,29.3 1 0
github.com/byteport/api/models/data.go:32.2,34.29 1 0
github.com/byteport/api/models/data.go:34.29,36.4 1 0
github.com/byteport/api/models/data.go:42.2,42.16 1 0
github.com/byteport/api/models/data.go:42.16,44.3 1 0
github.com/byteport/api/models/data.go:47.2,48.16 2 0
github.com/byteport/api/models/data.go:48.16,50.3 1 0
github.com/byteport/api/models/data.go:53.2,58.37 4 0
github.com/byteport/api/models/data.go:58.37,60.3 1 0
github.com/byteport/api/models/data.go:62.2,75.16 3 0
github.com/byteport/api/models/data.go:75.16,77.3 1 0
github.com/byteport/api/models/data.go:79.2,81.15 2 0
github.com/byteport/api/models/deployments.go:102.38,104.2 1 1
github.com/byteport/api/models/deployments.go:106.41,108.2 1 1
github.com/byteport/api/models/deployments.go:110.46,112.2 1 1
github.com/byteport/api/models/deployments.go:114.43,116.2 1 1
github.com/byteport/api/models/deployments.go:118.38,120.2 1 1
github.com/byteport/api/models/deployments.go:125.47,129.26 3 1
github.com/byteport/api/models/deployments.go:129.26,132.3 2 1
github.com/byteport/api/models/deployments.go:132.8,132.35 1 1
github.com/byteport/api/models/deployments.go:132.35,135.3 2 1
github.com/byteport/api/models/deployments.go:139.38,141.2 1 1
github.com/byteport/api/models/deployments.go:144.38,146.2 1 1
github.com/byteport/api/models/deployments.go:149.42,151.2 1 1
github.com/byteport/api/models/hosts.go:120.32,122.2 1 1
github.com/byteport/api/models/hosts.go:124.42,126.2 1 1
github.com/byteport/api/models/hosts.go:128.38,130.2 1 1
github.com/byteport/api/models/hosts.go:132.35,134.2 1 1
github.com/byteport/api/models/hosts.go:139.32,140.26 1 1
github.com/byteport/api/models/hosts.go:140.26,142.3 1 1
github.com/byteport/api/models/hosts.go:144.2,144.28 1 1
github.com/byteport/api/models/hosts.go:144.28,146.3 1 1
github.com/byteport/api/models/hosts.go:149.2,149.53 1 1
github.com/byteport/api/models/hosts.go:153.43,155.2 1 1
github.com/byteport/api/models/hosts.go:158.34,163.2 4 1
github.com/byteport/api/models/hosts.go:168.44,170.2 1 1
github.com/byteport/api/models/hosts.go:173.52,176.2 2 1
github.com/byteport/api/models/projects.go:51.51,53.2 1 1
github.com/byteport/api/models/projects.go:54.57,56.2 1 1
github.com/byteport/api/models/projects.go:57.49,59.26 2 1
github.com/byteport/api/models/projects.go:59.26,62.17 3 1
github.com/byteport/api/models/projects.go:62.17,64.4 1 0
github.com/byteport/api/models/projects.go:65.3,66.57 2 1
github.com/byteport/api/models/projects.go:68.2,68.18 1 1
github.com/byteport/api/models/projects.go:68.18,71.3 2 1
github.com/byteport/api/models/projects.go:72.2,72.12 1 1
github.com/byteport/api/models/projects.go:75.48,76.29 1 1
github.com/byteport/api/models/projects.go:76.29,78.3 1 1
github.com/byteport/api/models/projects.go:79.2,80.12 2 1
github.com/byteport/api/models/providers.go:80.42,82.2 1 1
github.com/byteport/api/models/providers.go:84.44,86.2 1 1
github.com/byteport/api/models/providers.go:88.40,90.2 1 1
github.com/byteport/api/models/providers.go:95.65,99.2 1 1
github.com/byteport/api/models/providers.go:102.84,106.2 1 1
github.com/byteport/api/models/providers.go:111.69,115.2 1 1
github.com/byteport/api/models/providers.go:118.64,121.35 2 1
github.com/byteport/api/models/providers.go:121.35,123.3 1 1
github.com/byteport/api/models/providers.go:124.2,124.35 1 1
github.com/byteport/api/models/providers.go:124.35,126.3 1 1
github.com/byteport/api/models/providers.go:127.2,127.37 1 1
github.com/byteport/api/models/providers.go:127.37,129.3 1 1
github.com/byteport/api/models/providers.go:131.2,131.15 1 1
github.com/byteport/api/models/providers.go:137.43,139.2 1 1
github.com/byteport/api/models/providers.go:142.43,144.2 1 1
github.com/byteport/api/models/users_workos.go:19.38,21.2 1 1
github.com/byteport/api/models/users_workos.go:38.65,49.2 1 1
github.com/byteport/api/models/users_workos.go:54.62,58.2 3 0
github.com/byteport/api/models/users_workos.go:61.80,72.2 3 0
github.com/byteport/api/models/users_workos.go:75.86,77.16 2 0
github.com/byteport/api/models/users_workos.go:77.16,79.3 1 0
github.com/byteport/api/models/users_workos.go:82.2,84.16 3 0
github.com/byteport/api/models/users_workos.go:84.16,89.3 3 0
github.com/byteport/api/models/users_workos.go:92.2,92.45 1 0
