mode: set
github.com/byteport/api/repositories/deployment_repository.go:18.50,19.14 1 1
github.com/byteport/api/repositories/deployment_repository.go:19.14,21.3 1 1
github.com/byteport/api/repositories/deployment_repository.go:22.2,22.24 1 1
github.com/byteport/api/repositories/deployment_repository.go:26.51,27.18 1 1
github.com/byteport/api/repositories/deployment_repository.go:27.18,30.3 2 1
github.com/byteport/api/repositories/deployment_repository.go:32.2,33.9 2 1
github.com/byteport/api/repositories/deployment_repository.go:33.9,35.3 1 1
github.com/byteport/api/repositories/deployment_repository.go:37.2,37.33 1 1
github.com/byteport/api/repositories/deployment_repository.go:74.73,76.2 1 1
github.com/byteport/api/repositories/deployment_repository.go:78.73,79.25 1 1
github.com/byteport/api/repositories/deployment_repository.go:79.25,81.3 1 1
github.com/byteport/api/repositories/deployment_repository.go:82.2,85.38 3 1
github.com/byteport/api/repositories/deployment_repository.go:88.76,91.16 3 1
github.com/byteport/api/repositories/deployment_repository.go:91.16,92.36 1 1
github.com/byteport/api/repositories/deployment_repository.go:92.36,94.4 1 1
github.com/byteport/api/repositories/deployment_repository.go:95.3,95.18 1 0
github.com/byteport/api/repositories/deployment_repository.go:97.2,97.25 1 1
github.com/byteport/api/repositories/deployment_repository.go:100.86,104.2 3 1
github.com/byteport/api/repositories/deployment_repository.go:106.73,109.2 2 1
github.com/byteport/api/repositories/deployment_repository.go:111.60,113.2 1 1
github.com/byteport/api/repositories/deployment_repository.go:115.66,119.2 3 1
github.com/byteport/api/repositories/deployment_repository.go:121.86,125.2 3 1
github.com/byteport/api/repositories/deployment_repository.go:127.90,131.2 3 1
github.com/byteport/api/repositories/deployment_repository.go:141.70,145.2 1 1
github.com/byteport/api/repositories/deployment_repository.go:147.77,151.25 3 1
github.com/byteport/api/repositories/deployment_repository.go:151.25,153.3 1 1
github.com/byteport/api/repositories/deployment_repository.go:154.2,158.12 4 1
github.com/byteport/api/repositories/deployment_repository.go:161.80,166.13 4 1
github.com/byteport/api/repositories/deployment_repository.go:166.13,168.3 1 1
github.com/byteport/api/repositories/deployment_repository.go:171.2,172.19 2 1
github.com/byteport/api/repositories/deployment_repository.go:175.90,180.43 4 1
github.com/byteport/api/repositories/deployment_repository.go:180.43,181.34 1 1
github.com/byteport/api/repositories/deployment_repository.go:181.34,184.4 2 1
github.com/byteport/api/repositories/deployment_repository.go:187.2,187.25 1 1
github.com/byteport/api/repositories/deployment_repository.go:190.77,194.56 3 1
github.com/byteport/api/repositories/deployment_repository.go:194.56,196.3 1 0
github.com/byteport/api/repositories/deployment_repository.go:198.2,200.12 3 1
github.com/byteport/api/repositories/deployment_repository.go:203.64,207.45 3 1
github.com/byteport/api/repositories/deployment_repository.go:207.45,209.3 1 0
github.com/byteport/api/repositories/deployment_repository.go:211.2,212.12 2 1
github.com/byteport/api/repositories/deployment_repository.go:215.70,220.43 4 1
github.com/byteport/api/repositories/deployment_repository.go:220.43,223.3 2 1
github.com/byteport/api/repositories/deployment_repository.go:225.2,225.25 1 1
github.com/byteport/api/repositories/deployment_repository.go:228.90,233.43 4 1
github.com/byteport/api/repositories/deployment_repository.go:233.43,234.34 1 1
github.com/byteport/api/repositories/deployment_repository.go:234.34,237.4 2 1
github.com/byteport/api/repositories/deployment_repository.go:240.2,240.25 1 1
github.com/byteport/api/repositories/deployment_repository.go:243.94,248.43 4 1
github.com/byteport/api/repositories/deployment_repository.go:248.43,249.38 1 1
github.com/byteport/api/repositories/deployment_repository.go:249.38,252.4 2 1
github.com/byteport/api/repositories/deployment_repository.go:255.2,255.25 1 1
